Archive member included to satisfy reference by file (symbol)

/opt/local/lib/gcc/arm-none-eabi/13.1.0/thumb/v6-m/nofp/libgcc.a(_udivsi3.o)
                              CMakeFiles/Code.elf.dir/Drivers/STM32F0xx_HAL_Driver/Src/stm32f0xx_hal.c.obj (__aeabi_uidiv)
/opt/local/lib/gcc/arm-none-eabi/13.1.0/thumb/v6-m/nofp/libgcc.a(_dvmd_tls.o)
                              /opt/local/lib/gcc/arm-none-eabi/13.1.0/thumb/v6-m/nofp/libgcc.a(_udivsi3.o) (__aeabi_idiv0)
/opt/local/lib/gcc/arm-none-eabi/13.1.0/../../../../arm-none-eabi/lib/thumb/v6-m/nofp/libg.a(libc_a-atexit.o)
                              /opt/local/lib/gcc/arm-none-eabi/13.1.0/../../../../arm-none-eabi/lib/thumb/v6-m/nofp/crt0.o (atexit)
/opt/local/lib/gcc/arm-none-eabi/13.1.0/../../../../arm-none-eabi/lib/thumb/v6-m/nofp/libg.a(libc_a-exit.o)
                              /opt/local/lib/gcc/arm-none-eabi/13.1.0/../../../../arm-none-eabi/lib/thumb/v6-m/nofp/crt0.o (exit)
/opt/local/lib/gcc/arm-none-eabi/13.1.0/../../../../arm-none-eabi/lib/thumb/v6-m/nofp/libg.a(libc_a-findfp.o)
                              /opt/local/lib/gcc/arm-none-eabi/13.1.0/../../../../arm-none-eabi/lib/thumb/v6-m/nofp/libg.a(libc_a-exit.o) (__stdio_exit_handler)
/opt/local/lib/gcc/arm-none-eabi/13.1.0/../../../../arm-none-eabi/lib/thumb/v6-m/nofp/libg.a(libc_a-fwalk.o)
                              /opt/local/lib/gcc/arm-none-eabi/13.1.0/../../../../arm-none-eabi/lib/thumb/v6-m/nofp/libg.a(libc_a-findfp.o) (_fwalk_sglue)
/opt/local/lib/gcc/arm-none-eabi/13.1.0/../../../../arm-none-eabi/lib/thumb/v6-m/nofp/libg.a(libc_a-memset.o)
                              /opt/local/lib/gcc/arm-none-eabi/13.1.0/../../../../arm-none-eabi/lib/thumb/v6-m/nofp/crt0.o (memset)
/opt/local/lib/gcc/arm-none-eabi/13.1.0/../../../../arm-none-eabi/lib/thumb/v6-m/nofp/libg.a(libc_a-impure.o)
                              /opt/local/lib/gcc/arm-none-eabi/13.1.0/../../../../arm-none-eabi/lib/thumb/v6-m/nofp/libg.a(libc_a-findfp.o) (_impure_data)
/opt/local/lib/gcc/arm-none-eabi/13.1.0/../../../../arm-none-eabi/lib/thumb/v6-m/nofp/libg.a(libc_a-errno.o)
                              CMakeFiles/Code.elf.dir/Src/syscalls.c.obj (__errno)
/opt/local/lib/gcc/arm-none-eabi/13.1.0/../../../../arm-none-eabi/lib/thumb/v6-m/nofp/libg.a(libc_a-init.o)
                              /opt/local/lib/gcc/arm-none-eabi/13.1.0/../../../../arm-none-eabi/lib/thumb/v6-m/nofp/crt0.o (__libc_init_array)
/opt/local/lib/gcc/arm-none-eabi/13.1.0/../../../../arm-none-eabi/lib/thumb/v6-m/nofp/libg.a(libc_a-fini.o)
                              /opt/local/lib/gcc/arm-none-eabi/13.1.0/../../../../arm-none-eabi/lib/thumb/v6-m/nofp/crt0.o (__libc_fini_array)
/opt/local/lib/gcc/arm-none-eabi/13.1.0/../../../../arm-none-eabi/lib/thumb/v6-m/nofp/libg.a(libc_a-__atexit.o)
                              /opt/local/lib/gcc/arm-none-eabi/13.1.0/../../../../arm-none-eabi/lib/thumb/v6-m/nofp/libg.a(libc_a-atexit.o) (__register_exitproc)
/opt/local/lib/gcc/arm-none-eabi/13.1.0/../../../../arm-none-eabi/lib/thumb/v6-m/nofp/libg.a(libc_a-__call_atexit.o)
                              /opt/local/lib/gcc/arm-none-eabi/13.1.0/../../../../arm-none-eabi/lib/thumb/v6-m/nofp/libg.a(libc_a-exit.o) (__call_exitprocs)
/opt/local/lib/gcc/arm-none-eabi/13.1.0/../../../../arm-none-eabi/lib/thumb/v6-m/nofp/libg.a(libc_a-mallocr.o)
                              /opt/local/lib/gcc/arm-none-eabi/13.1.0/../../../../arm-none-eabi/lib/thumb/v6-m/nofp/libg.a(libc_a-findfp.o) (_malloc_r)
/opt/local/lib/gcc/arm-none-eabi/13.1.0/../../../../arm-none-eabi/lib/thumb/v6-m/nofp/libg.a(libc_a-mlock.o)
                              /opt/local/lib/gcc/arm-none-eabi/13.1.0/../../../../arm-none-eabi/lib/thumb/v6-m/nofp/libg.a(libc_a-mallocr.o) (__malloc_lock)
/opt/local/lib/gcc/arm-none-eabi/13.1.0/../../../../arm-none-eabi/lib/thumb/v6-m/nofp/libg.a(libc_a-fclose.o)
                              /opt/local/lib/gcc/arm-none-eabi/13.1.0/../../../../arm-none-eabi/lib/thumb/v6-m/nofp/libg.a(libc_a-findfp.o) (_fclose_r)
/opt/local/lib/gcc/arm-none-eabi/13.1.0/../../../../arm-none-eabi/lib/thumb/v6-m/nofp/libg.a(libc_a-fflush.o)
                              /opt/local/lib/gcc/arm-none-eabi/13.1.0/../../../../arm-none-eabi/lib/thumb/v6-m/nofp/libg.a(libc_a-fclose.o) (__sflush_r)
/opt/local/lib/gcc/arm-none-eabi/13.1.0/../../../../arm-none-eabi/lib/thumb/v6-m/nofp/libg.a(libc_a-stdio.o)
                              /opt/local/lib/gcc/arm-none-eabi/13.1.0/../../../../arm-none-eabi/lib/thumb/v6-m/nofp/libg.a(libc_a-findfp.o) (__sread)
/opt/local/lib/gcc/arm-none-eabi/13.1.0/../../../../arm-none-eabi/lib/thumb/v6-m/nofp/libg.a(libc_a-closer.o)
                              /opt/local/lib/gcc/arm-none-eabi/13.1.0/../../../../arm-none-eabi/lib/thumb/v6-m/nofp/libg.a(libc_a-stdio.o) (_close_r)
/opt/local/lib/gcc/arm-none-eabi/13.1.0/../../../../arm-none-eabi/lib/thumb/v6-m/nofp/libg.a(libc_a-reent.o)
[...]
Memory Configuration

Name             Origin             Length             Attributes
RAM              0x20000000         0x00002000         xrw
FLASH            0x08000000         0x00008000         xr
*default*        0x00000000         0xffffffff

Linker script and memory map

LOAD /opt/local/lib/gcc/arm-none-eabi/13.1.0/thumb/v6-m/nofp/crti.o
LOAD /opt/local/lib/gcc/arm-none-eabi/13.1.0/thumb/v6-m/nofp/crtbegin.o
LOAD /opt/local/lib/gcc/arm-none-eabi/13.1.0/../../../../arm-none-eabi/lib/thumb/v6-m/nofp/crt0.o
LOAD CMakeFiles/Code.elf.dir/Drivers/STM32F0xx_HAL_Driver/Src/stm32f0xx_hal.c.obj
LOAD CMakeFiles/Code.elf.dir/Drivers/STM32F0xx_HAL_Driver/Src/stm32f0xx_hal_adc.c.obj
LOAD CMakeFiles/Code.elf.dir/Drivers/STM32F0xx_HAL_Driver/Src/stm32f0xx_hal_adc_ex.c.obj
LOAD CMakeFiles/Code.elf.dir/Drivers/STM32F0xx_HAL_Driver/Src/stm32f0xx_hal_cortex.c.obj
LOAD CMakeFiles/Code.elf.dir/Drivers/STM32F0xx_HAL_Driver/Src/stm32f0xx_hal_dma.c.obj
LOAD CMakeFiles/Code.elf.dir/Drivers/STM32F0xx_HAL_Driver/Src/stm32f0xx_hal_exti.c.obj
LOAD CMakeFiles/Code.elf.dir/Drivers/STM32F0xx_HAL_Driver/Src/stm32f0xx_hal_flash.c.obj
LOAD CMakeFiles/Code.elf.dir/Drivers/STM32F0xx_HAL_Driver/Src/stm32f0xx_hal_flash_ex.c.obj
LOAD CMakeFiles/Code.elf.dir/Drivers/STM32F0xx_HAL_Driver/Src/stm32f0xx_hal_gpio.c.obj
LOAD CMakeFiles/Code.elf.dir/Drivers/STM32F0xx_HAL_Driver/Src/stm32f0xx_hal_i2c.c.obj
LOAD CMakeFiles/Code.elf.dir/Drivers/STM32F0xx_HAL_Driver/Src/stm32f0xx_hal_i2c_ex.c.obj
LOAD CMakeFiles/Code.elf.dir/Drivers/STM32F0xx_HAL_Driver/Src/stm32f0xx_hal_pwr.c.obj
LOAD CMakeFiles/Code.elf.dir/Drivers/STM32F0xx_HAL_Driver/Src/stm32f0xx_hal_pwr_ex.c.obj
LOAD CMakeFiles/Code.elf.dir/Drivers/STM32F0xx_HAL_Driver/Src/stm32f0xx_hal_rcc.c.obj
LOAD CMakeFiles/Code.elf.dir/Drivers/STM32F0xx_HAL_Driver/Src/stm32f0xx_hal_rcc_ex.c.obj
LOAD CMakeFiles/Code.elf.dir/Drivers/STM32F0xx_HAL_Driver/Src/stm32f0xx_hal_tim.c.obj
LOAD CMakeFiles/Code.elf.dir/Drivers/STM32F0xx_HAL_Driver/Src/stm32f0xx_hal_tim_ex.c.obj
LOAD CMakeFiles/Code.elf.dir/Drivers/STM32F0xx_HAL_Driver/Src/stm32f0xx_ll_exti.c.obj
LOAD CMakeFiles/Code.elf.dir/Drivers/STM32F0xx_HAL_Driver/Src/stm32f0xx_ll_gpio.c.obj
LOAD CMakeFiles/Code.elf.dir/Drivers/STM32F0xx_HAL_Driver/Src/stm32f0xx_ll_rcc.c.obj
LOAD CMakeFiles/Code.elf.dir/Drivers/STM32F0xx_HAL_Driver/Src/stm32f0xx_ll_utils.c.obj
LOAD CMakeFiles/Code.elf.dir/Src/adc.c.obj
LOAD CMakeFiles/Code.elf.dir/Src/gpio.c.obj
LOAD CMakeFiles/Code.elf.dir/Src/main.c.obj
LOAD CMakeFiles/Code.elf.dir/Src/stm32f0xx_hal_msp.c.obj
LOAD CMakeFiles/Code.elf.dir/Src/stm32f0xx_it.c.obj
LOAD CMakeFiles/Code.elf.dir/Src/syscalls.c.obj
LOAD CMakeFiles/Code.elf.dir/Src/sysmem.c.obj
LOAD CMakeFiles/Code.elf.dir/Src/system_stm32f0xx.c.obj
LOAD CMakeFiles/Code.elf.dir/Src/tim.c.obj
LOAD CMakeFiles/Code.elf.dir/Startup/startup_stm32f051c6tx.s.obj
START GROUP
LOAD /opt/local/lib/gcc/arm-none-eabi/13.1.0/thumb/v6-m/nofp/libgcc.a
LOAD /opt/local/lib/gcc/arm-none-eabi/13.1.0/../../../../arm-none-eabi/lib/thumb/v6-m/nofp/libg.a
LOAD /opt/local/lib/gcc/arm-none-eabi/13.1.0/../../../../arm-none-eabi/lib/thumb/v6-m/nofp/libc.a
END GROUP
LOAD /opt/local/lib/gcc/arm-none-eabi/13.1.0/thumb/v6-m/nofp/crtend.o
LOAD /opt/local/lib/gcc/arm-none-eabi/13.1.0/thumb/v6-m/nofp/crtn.o
                0x20002000                        _estack = (ORIGIN (RAM) + LENGTH (RAM))
                0x00000200                        _Min_Heap_Size = 0x200
                0x00000400                        _Min_Stack_Size = 0x400

.isr_vector     0x08000000       0xc0
                0x08000000                        . = ALIGN (0x4)
 *(.isr_vector)
 .isr_vector    0x08000000       0xc0 CMakeFiles/Code.elf.dir/Startup/startup_stm32f051c6tx.s.obj
                0x08000000                g_pfnVectors
                0x080000c0                        . = ALIGN (0x4)

.text           0x080000c0     0x1ddc
                0x080000c0                        . = ALIGN (0x4)
 *(.text)
 .text          0x080000c0       0x98 /opt/local/lib/gcc/arm-none-eabi/13.1.0/thumb/v6-m/nofp/crtbegin.o
 .text          0x08000158      0x114 /opt/local/lib/gcc/arm-none-eabi/13.1.0/thumb/v6-m/nofp/libgcc.a(_udivsi3.o)
                0x08000158                __udivsi3
                0x08000158                __aeabi_uidiv
                0x08000264                __aeabi_uidivmod
 .text          0x0800026c        0x4 /opt/local/lib/gcc/arm-none-eabi/13.1.0/thumb/v6-m/nofp/libgcc.a(_dvmd_tls.o)
                0x0800026c                __aeabi_ldiv0
                0x0800026c                __aeabi_idiv0
 .text          0x08000270       0xa8 /opt/local/lib/gcc/arm-none-eabi/13.1.0/../../../../arm-none-eabi/lib/thumb/v6-m/nofp/libg.a(libc_a-memset.o)
                0x08000270                memset
 .text          0x08000318       0x48 /opt/local/lib/gcc/arm-none-eabi/13.1.0/../../../../arm-none-eabi/lib/thumb/v6-m/nofp/libg.a(libc_a-init.o)
                0x08000318                __libc_init_array
 *(.text*)
 .text.HAL_InitTick
                0x08000360       0x50 CMakeFiles/Code.elf.dir/Drivers/STM32F0xx_HAL_Driver/Src/stm32f0xx_hal.c.obj
                0x08000360                HAL_InitTick
 .text.HAL_Init
                0x080003b0       0x20 CMakeFiles/Code.elf.dir/Drivers/STM32F0xx_HAL_Driver/Src/stm32f0xx_hal.c.obj
                0x080003b0                HAL_Init
 .text.HAL_IncTick
                0x080003d0       0x18 CMakeFiles/Code.elf.dir/Drivers/STM32F0xx_HAL_Driver/Src/stm32f0xx_hal.c.obj
                0x080003d0                HAL_IncTick
 .text.HAL_GetTick
                0x080003e8        0xc CMakeFiles/Code.elf.dir/Drivers/STM32F0xx_HAL_Driver/Src/stm32f0xx_hal.c.obj
                0x080003e8                HAL_GetTick
 .text.HAL_Delay
                0x080003f4       0x24 CMakeFiles/Code.elf.dir/Drivers/STM32F0xx_HAL_Driver/Src/stm32f0xx_hal.c.obj
                0x080003f4                HAL_Delay
 .text.ADC_Enable
                0x08000418       0xb0 CMakeFiles/Code.elf.dir/Drivers/STM32F0xx_HAL_Driver/Src/stm32f0xx_hal_adc.c.obj
 .text.HAL_ADC_Init
                0x080004c8      0x184 CMakeFiles/Code.elf.dir/Drivers/STM32F0xx_HAL_Driver/Src/stm32f0xx_hal_adc.c.obj
                0x080004c8                HAL_ADC_Init
 .text.HAL_ADC_Start
                0x0800064c       0x60 CMakeFiles/Code.elf.dir/Drivers/STM32F0xx_HAL_Driver/Src/stm32f0xx_hal_adc.c.obj
                0x0800064c                HAL_ADC_Start
 .text.HAL_ADC_PollForConversion
                0x080006ac       0xc8 CMakeFiles/Code.elf.dir/Drivers/STM32F0xx_HAL_Driver/Src/stm32f0xx_hal_adc.c.obj
                0x080006ac                HAL_ADC_PollForConversion
 .text.HAL_ADC_GetValue
                0x08000774        0x6 CMakeFiles/Code.elf.dir/Drivers/STM32F0xx_HAL_Driver/Src/stm32f0xx_hal_adc.c.obj
                0x08000774                HAL_ADC_GetValue
 .text.HAL_ADC_ConvCpltCallback
                0x0800077a        0x2 CMakeFiles/Code.elf.dir/Drivers/STM32F0xx_HAL_Driver/Src/stm32f0xx_hal_adc.c.obj
                0x0800077a                HAL_ADC_ConvCpltCallback
 .text.HAL_ADC_LevelOutOfWindowCallback
                0x0800077c        0x2 CMakeFiles/Code.elf.dir/Drivers/STM32F0xx_HAL_Driver/Src/stm32f0xx_hal_adc.c.obj
                0x0800077c                HAL_ADC_LevelOutOfWindowCallback
 .text.HAL_ADC_ErrorCallback
                0x0800077e        0x2 CMakeFiles/Code.elf.dir/Drivers/STM32F0xx_HAL_Driver/Src/stm32f0xx_hal_adc.c.obj
                0x0800077e                HAL_ADC_ErrorCallback
 .text.HAL_ADC_IRQHandler
                0x08000780       0xd0 CMakeFiles/Code.elf.dir/Drivers/STM32F0xx_HAL_Driver/Src/stm32f0xx_hal_adc.c.obj
                0x08000780                HAL_ADC_IRQHandler
 .text.HAL_ADC_ConfigChannel
                0x08000850      0x138 CMakeFiles/Code.elf.dir/Drivers/STM32F0xx_HAL_Driver/Src/stm32f0xx_hal_adc.c.obj
                0x08000850                HAL_ADC_ConfigChannel
 .text.HAL_ADCEx_Calibration_Start
                0x08000988       0xb8 CMakeFiles/Code.elf.dir/Drivers/STM32F0xx_HAL_Driver/Src/stm32f0xx_hal_adc_ex.c.obj
                0x08000988                HAL_ADCEx_Calibration_Start
 .text.__NVIC_SetPriority
                0x08000a40       0x60 CMakeFiles/Code.elf.dir/Drivers/STM32F0xx_HAL_Driver/Src/stm32f0xx_hal_cortex.c.obj
 .text.SysTick_Config
                0x08000aa0       0x38 CMakeFiles/Code.elf.dir/Drivers/STM32F0xx_HAL_Driver/Src/stm32f0xx_hal_cortex.c.obj
 .text.HAL_NVIC_SetPriority
                0x08000ad8        0x8 CMakeFiles/Code.elf.dir/Drivers/STM32F0xx_HAL_Driver/Src/stm32f0xx_hal_cortex.c.obj
                0x08000ad8                HAL_NVIC_SetPriority
 .text.HAL_SYSTICK_Config
                0x08000ae0        0x8 CMakeFiles/Code.elf.dir/Drivers/STM32F0xx_HAL_Driver/Src/stm32f0xx_hal_cortex.c.obj
                0x08000ae0                HAL_SYSTICK_Config
 .text.HAL_GPIO_Init
                0x08000ae8      0x188 CMakeFiles/Code.elf.dir/Drivers/STM32F0xx_HAL_Driver/Src/stm32f0xx_hal_gpio.c.obj
                0x08000ae8                HAL_GPIO_Init
 .text.HAL_GPIO_TogglePin
                0x08000c70       0x10 CMakeFiles/Code.elf.dir/Drivers/STM32F0xx_HAL_Driver/Src/stm32f0xx_hal_gpio.c.obj
                0x08000c70                HAL_GPIO_TogglePin
 .text.HAL_GPIO_EXTI_IRQHandler
                0x08000c80       0x1c CMakeFiles/Code.elf.dir/Drivers/STM32F0xx_HAL_Driver/Src/stm32f0xx_hal_gpio.c.obj
                0x08000c80                HAL_GPIO_EXTI_IRQHandler
 .text.TIM_OC1_SetConfig
                0x08000c9c       0x8c CMakeFiles/Code.elf.dir/Drivers/STM32F0xx_HAL_Driver/Src/stm32f0xx_hal_tim.c.obj
 .text.TIM_OC3_SetConfig
                0x08000d28       0x8c CMakeFiles/Code.elf.dir/Drivers/STM32F0xx_HAL_Driver/Src/stm32f0xx_hal_tim.c.obj
 .text.TIM_OC4_SetConfig
                0x08000db4       0x74 CMakeFiles/Code.elf.dir/Drivers/STM32F0xx_HAL_Driver/Src/stm32f0xx_hal_tim.c.obj
 .text.TIM_TI1_ConfigInputStage
                0x08000e28       0x22 CMakeFiles/Code.elf.dir/Drivers/STM32F0xx_HAL_Driver/Src/stm32f0xx_hal_tim.c.obj
 *fill*         0x08000e4a        0x2 
 .text.TIM_TI2_ConfigInputStage
                0x08000e4c       0x28 CMakeFiles/Code.elf.dir/Drivers/STM32F0xx_HAL_Driver/Src/stm32f0xx_hal_tim.c.obj
 .text.TIM_ITRx_SetConfig
                0x08000e74       0x10 CMakeFiles/Code.elf.dir/Drivers/STM32F0xx_HAL_Driver/Src/stm32f0xx_hal_tim.c.obj
 .text.HAL_TIM_PWM_MspInit
                0x08000e84        0x2 CMakeFiles/Code.elf.dir/Drivers/STM32F0xx_HAL_Driver/Src/stm32f0xx_hal_tim.c.obj
                0x08000e84                HAL_TIM_PWM_MspInit
 *fill*         0x08000e86        0x2 
 .text.TIM_Base_SetConfig
                0x08000e88       0xa4 CMakeFiles/Code.elf.dir/Drivers/STM32F0xx_HAL_Driver/Src/stm32f0xx_hal_tim.c.obj
                0x08000e88                TIM_Base_SetConfig
 .text.HAL_TIM_Base_Init
                0x08000f2c       0x58 CMakeFiles/Code.elf.dir/Drivers/STM32F0xx_HAL_Driver/Src/stm32f0xx_hal_tim.c.obj
                0x08000f2c                HAL_TIM_Base_Init
 .text.HAL_TIM_PWM_Init
                0x08000f84       0x58 CMakeFiles/Code.elf.dir/Drivers/STM32F0xx_HAL_Driver/Src/stm32f0xx_hal_tim.c.obj
                0x08000f84                HAL_TIM_PWM_Init
 .text.TIM_OC2_SetConfig
                0x08000fdc       0x84 CMakeFiles/Code.elf.dir/Drivers/STM32F0xx_HAL_Driver/Src/stm32f0xx_hal_tim.c.obj
                0x08000fdc                TIM_OC2_SetConfig
 .text.HAL_TIM_PWM_ConfigChannel
                0x08001060       0xf0 CMakeFiles/Code.elf.dir/Drivers/STM32F0xx_HAL_Driver/Src/stm32f0xx_hal_tim.c.obj
                0x08001060                HAL_TIM_PWM_ConfigChannel
 .text.TIM_ETR_SetConfig
                0x08001150       0x18 CMakeFiles/Code.elf.dir/Drivers/STM32F0xx_HAL_Driver/Src/stm32f0xx_hal_tim.c.obj
                0x08001150                TIM_ETR_SetConfig
 .text.HAL_TIM_ConfigClockSource
                0x08001168      0x108 CMakeFiles/Code.elf.dir/Drivers/STM32F0xx_HAL_Driver/Src/stm32f0xx_hal_tim.c.obj
                0x08001168                HAL_TIM_ConfigClockSource
 .text.TIM_CCxChannelCmd
                0x08001270       0x1a CMakeFiles/Code.elf.dir/Drivers/STM32F0xx_HAL_Driver/Src/stm32f0xx_hal_tim.c.obj
                0x08001270                TIM_CCxChannelCmd
 *fill*         0x0800128a        0x2 
 .text.HAL_TIM_PWM_Start
                0x0800128c       0xfc CMakeFiles/Code.elf.dir/Drivers/STM32F0xx_HAL_Driver/Src/stm32f0xx_hal_tim.c.obj
                0x0800128c                HAL_TIM_PWM_Start
 .text.HAL_TIMEx_MasterConfigSynchronization
                0x08001388       0x6c CMakeFiles/Code.elf.dir/Drivers/STM32F0xx_HAL_Driver/Src/stm32f0xx_hal_tim_ex.c.obj
                0x08001388                HAL_TIMEx_MasterConfigSynchronization
 .text.LL_EXTI_Init
                0x080013f4       0xc8 CMakeFiles/Code.elf.dir/Drivers/STM32F0xx_HAL_Driver/Src/stm32f0xx_ll_exti.c.obj
                0x080013f4                LL_EXTI_Init
 .text.LL_GPIO_Init
                0x080014bc       0xb8 CMakeFiles/Code.elf.dir/Drivers/STM32F0xx_HAL_Driver/Src/stm32f0xx_ll_gpio.c.obj
                0x080014bc                LL_GPIO_Init
 .text.LL_SetSystemCoreClock
                0x08001574        0xc CMakeFiles/Code.elf.dir/Drivers/STM32F0xx_HAL_Driver/Src/stm32f0xx_ll_utils.c.obj
                0x08001574                LL_SetSystemCoreClock
 .text.MX_ADC_Init
                0x08001580       0x78 CMakeFiles/Code.elf.dir/Src/adc.c.obj
                0x08001580                MX_ADC_Init
 .text.HAL_ADC_MspInit
                0x080015f8       0x60 CMakeFiles/Code.elf.dir/Src/adc.c.obj
                0x080015f8                HAL_ADC_MspInit
 .text.MX_GPIO_Init
                0x08001658       0xb8 CMakeFiles/Code.elf.dir/Src/gpio.c.obj
                0x08001658                MX_GPIO_Init
 .text.MX_NVIC_Init
                0x08001710       0x1c CMakeFiles/Code.elf.dir/Src/main.c.obj
 .text.delay    0x0800172c       0x20 CMakeFiles/Code.elf.dir/Src/main.c.obj
                0x0800172c                delay
 .text.pulse_strobe
                0x0800174c       0x38 CMakeFiles/Code.elf.dir/Src/main.c.obj
                0x0800174c                pulse_strobe
 .text.lcd_putchar
                0x08001784      0x124 CMakeFiles/Code.elf.dir/Src/main.c.obj
                0x08001784                lcd_putchar
 .text.lcd_putstring
                0x080018a8       0x18 CMakeFiles/Code.elf.dir/Src/main.c.obj
                0x080018a8                lcd_putstring
 .text.lcd_command
                0x080018c0      0x130 CMakeFiles/Code.elf.dir/Src/main.c.obj
                0x080018c0                lcd_command
 .text.init_LCD
                0x080019f0       0x80 CMakeFiles/Code.elf.dir/Src/main.c.obj
                0x080019f0                init_LCD
 .text.HAL_GPIO_EXTI_Callback
                0x08001a70       0x48 CMakeFiles/Code.elf.dir/Src/main.c.obj
                0x08001a70                HAL_GPIO_EXTI_Callback
 .text.writeLCD
                0x08001ab8       0x1c CMakeFiles/Code.elf.dir/Src/main.c.obj
                0x08001ab8                writeLCD
 .text.pollADC  0x08001ad4       0x20 CMakeFiles/Code.elf.dir/Src/main.c.obj
                0x08001ad4                pollADC
 .text.ADCtoCCR
                0x08001af4       0x18 CMakeFiles/Code.elf.dir/Src/main.c.obj
                0x08001af4                ADCtoCCR
 .text.ADC1_COMP_IRQHandler
                0x08001b0c       0x20 CMakeFiles/Code.elf.dir/Src/main.c.obj
                0x08001b0c                ADC1_COMP_IRQHandler
 .text.Error_Handler
                0x08001b2c        0x4 CMakeFiles/Code.elf.dir/Src/main.c.obj
                0x08001b2c                Error_Handler
 .text.SystemClock_Config
                0x08001b30       0xa4 CMakeFiles/Code.elf.dir/Src/main.c.obj
                0x08001b30                SystemClock_Config
 .text.main     0x08001bd4       0xc4 CMakeFiles/Code.elf.dir/Src/main.c.obj
                0x08001bd4                main
 .text.HAL_MspInit
                0x08001c98       0x30 CMakeFiles/Code.elf.dir/Src/stm32f0xx_hal_msp.c.obj
                0x08001c98                HAL_MspInit
 .text.NMI_Handler
                0x08001cc8        0x2 CMakeFiles/Code.elf.dir/Src/stm32f0xx_it.c.obj
                0x08001cc8                NMI_Handler
 .text.HardFault_Handler
                0x08001cca        0x2 CMakeFiles/Code.elf.dir/Src/stm32f0xx_it.c.obj
                0x08001cca                HardFault_Handler
 .text.SVC_Handler
                0x08001ccc        0x2 CMakeFiles/Code.elf.dir/Src/stm32f0xx_it.c.obj
                0x08001ccc                SVC_Handler
 .text.PendSV_Handler
                0x08001cce        0x2 CMakeFiles/Code.elf.dir/Src/stm32f0xx_it.c.obj
                0x08001cce                PendSV_Handler
 .text.SysTick_Handler
                0x08001cd0        0x8 CMakeFiles/Code.elf.dir/Src/stm32f0xx_it.c.obj
                0x08001cd0                SysTick_Handler
 .text.EXTI0_1_IRQHandler
                0x08001cd8       0x1c CMakeFiles/Code.elf.dir/Src/stm32f0xx_it.c.obj
                0x08001cd8                EXTI0_1_IRQHandler
 .text.SystemInit
                0x08001cf4        0x2 CMakeFiles/Code.elf.dir/Src/system_stm32f0xx.c.obj
                0x08001cf4                SystemInit
 *fill*         0x08001cf6        0x2 
 .text.HAL_TIM_Base_MspInit
                0x08001cf8       0x2c CMakeFiles/Code.elf.dir/Src/tim.c.obj
                0x08001cf8                HAL_TIM_Base_MspInit
 .text.HAL_TIM_MspPostInit
                0x08001d24       0x50 CMakeFiles/Code.elf.dir/Src/tim.c.obj
                0x08001d24                HAL_TIM_MspPostInit
 .text.MX_TIM3_Init
                0x08001d74       0xbc CMakeFiles/Code.elf.dir/Src/tim.c.obj
                0x08001d74                MX_TIM3_Init
 .text.Reset_Handler
                0x08001e30       0x50 CMakeFiles/Code.elf.dir/Startup/startup_stm32f051c6tx.s.obj
                0x08001e30                Reset_Handler
 .text.Default_Handler
                0x08001e80        0x2 CMakeFiles/Code.elf.dir/Startup/startup_stm32f051c6tx.s.obj
                0x08001e80                TIM1_BRK_UP_TRG_COM_IRQHandler
                0x08001e80                TSC_IRQHandler
                0x08001e80                PVD_IRQHandler
                0x08001e80                I2C1_IRQHandler
                0x08001e80                RCC_CRS_IRQHandler
                0x08001e80                SPI1_IRQHandler
                0x08001e80                TIM6_DAC_IRQHandler
                0x08001e80                EXTI2_3_IRQHandler
                0x08001e80                I2C2_IRQHandler
                0x08001e80                TIM17_IRQHandler
                0x08001e80                CEC_CAN_IRQHandler
                0x08001e80                RTC_IRQHandler
                0x08001e80                TIM16_IRQHandler
                0x08001e80                TIM3_IRQHandler
                0x08001e80                EXTI4_15_IRQHandler
                0x08001e80                DMA1_Channel1_IRQHandler
                0x08001e80                Default_Handler
                0x08001e80                TIM14_IRQHandler
                0x08001e80                DMA1_Channel4_5_IRQHandler
                0x08001e80                TIM15_IRQHandler
                0x08001e80                SPI2_IRQHandler
                0x08001e80                WWDG_IRQHandler
                0x08001e80                TIM2_IRQHandler
                0x08001e80                DMA1_Channel2_3_IRQHandler
                0x08001e80                USART2_IRQHandler
                0x08001e80                FLASH_IRQHandler
                0x08001e80                USART1_IRQHandler
                0x08001e80                TIM1_CC_IRQHandler
 *(.glue_7)
 .glue_7        0x08001e82        0x0 linker stubs
 *(.glue_7t)
 .glue_7t       0x08001e82        0x0 linker stubs
 *(.eh_frame)
 *fill*         0x08001e82        0x2 
 .eh_frame      0x08001e84        0x0 /opt/local/lib/gcc/arm-none-eabi/13.1.0/thumb/v6-m/nofp/crtbegin.o
 *(.init)
 .init          0x08001e84        0x4 /opt/local/lib/gcc/arm-none-eabi/13.1.0/thumb/v6-m/nofp/crti.o
                0x08001e84                _init
 .init          0x08001e88        0x8 /opt/local/lib/gcc/arm-none-eabi/13.1.0/thumb/v6-m/nofp/crtn.o
 *(.fini)
 .fini          0x08001e90        0x4 /opt/local/lib/gcc/arm-none-eabi/13.1.0/thumb/v6-m/nofp/crti.o
                0x08001e90                _fini
 .fini          0x08001e94        0x8 /opt/local/lib/gcc/arm-none-eabi/13.1.0/thumb/v6-m/nofp/crtn.o
                0x08001e9c                        . = ALIGN (0x4)
                0x08001e9c                        _etext = .

.vfp11_veneer   0x08001e9c        0x0
 .vfp11_veneer  0x08001e9c        0x0 linker stubs

.v4_bx          0x08001e9c        0x0
 .v4_bx         0x08001e9c        0x0 linker stubs

.iplt           0x08001e9c        0x0
 .iplt          0x08001e9c        0x0 /opt/local/lib/gcc/arm-none-eabi/13.1.0/thumb/v6-m/nofp/crtbegin.o

.rel.dyn        0x08001e9c        0x0
 .rel.iplt      0x08001e9c        0x0 /opt/local/lib/gcc/arm-none-eabi/13.1.0/thumb/v6-m/nofp/crtbegin.o

.rodata         0x08001e9c        0x0
                0x08001e9c                        . = ALIGN (0x4)
 *(.rodata)
 *(.rodata*)
                0x08001e9c                        . = ALIGN (0x4)

.ARM.extab      0x08001e9c        0x0
                0x08001e9c                        . = ALIGN (0x4)
 *(.ARM.extab* .gnu.linkonce.armextab.*)
                0x08001e9c                        . = ALIGN (0x4)

.ARM            0x08001e9c        0x0
                0x08001e9c                        . = ALIGN (0x4)
                0x08001e9c                        __exidx_start = .
 *(.ARM.exidx*)
                0x08001e9c                        __exidx_end = .
                0x08001e9c                        . = ALIGN (0x4)

.preinit_array  0x08001e9c        0x0
                0x08001e9c                        . = ALIGN (0x4)
                0x08001e9c                        PROVIDE (__preinit_array_start = .)
 *(.preinit_array*)
                0x08001e9c                        PROVIDE (__preinit_array_end = .)
                0x08001e9c                        . = ALIGN (0x4)

.init_array     0x08001e9c        0x4
                0x08001e9c                        . = ALIGN (0x4)
                0x08001e9c                        PROVIDE (__init_array_start = .)
 *(SORT_BY_NAME(.init_array.*))
 *(.init_array*)
 .init_array    0x08001e9c        0x4 /opt/local/lib/gcc/arm-none-eabi/13.1.0/thumb/v6-m/nofp/crtbegin.o
                0x08001ea0                        PROVIDE (__init_array_end = .)
                0x08001ea0                        . = ALIGN (0x4)

.fini_array     0x08001ea0        0x4
                0x08001ea0                        . = ALIGN (0x4)
                0x08001ea0                        PROVIDE (__fini_array_start = .)
 *(SORT_BY_NAME(.fini_array.*))
 *(.fini_array*)
 .fini_array    0x08001ea0        0x4 /opt/local/lib/gcc/arm-none-eabi/13.1.0/thumb/v6-m/nofp/crtbegin.o
                0x08001ea4                        PROVIDE (__fini_array_end = .)
                0x08001ea4                        . = ALIGN (0x4)
                0x08001ea4                        _sidata = LOADADDR (.data)

.data           0x20000000       0x10 load address 0x08001ea4
                0x20000000                        . = ALIGN (0x4)
                0x20000000                        _sdata = .
 *(.data)
 *(.data*)
 .data.uwTickFreq
                0x20000000        0x1 CMakeFiles/Code.elf.dir/Drivers/STM32F0xx_HAL_Driver/Src/stm32f0xx_hal.c.obj
                0x20000000                uwTickFreq
 *fill*         0x20000001        0x3 
 .data.uwTickPrio
                0x20000004        0x4 CMakeFiles/Code.elf.dir/Drivers/STM32F0xx_HAL_Driver/Src/stm32f0xx_hal.c.obj
                0x20000004                uwTickPrio
 .data.delay_t  0x20000008        0x4 CMakeFiles/Code.elf.dir/Src/main.c.obj
                0x20000008                delay_t
 .data.SystemCoreClock
                0x2000000c        0x4 CMakeFiles/Code.elf.dir/Src/system_stm32f0xx.c.obj
                0x2000000c                SystemCoreClock
 *(.RamFunc)
 *(.RamFunc*)
                0x20000010                        . = ALIGN (0x4)
                0x20000010                        _edata = .

.tm_clone_table
                0x20000010        0x0 load address 0x08001eb4
 .tm_clone_table
                0x20000010        0x0 /opt/local/lib/gcc/arm-none-eabi/13.1.0/thumb/v6-m/nofp/crtbegin.o
 .tm_clone_table
                0x20000010        0x0 /opt/local/lib/gcc/arm-none-eabi/13.1.0/thumb/v6-m/nofp/crtend.o

.igot.plt       0x20000010        0x0 load address 0x08001eb4
 .igot.plt      0x20000010        0x0 /opt/local/lib/gcc/arm-none-eabi/13.1.0/thumb/v6-m/nofp/crtbegin.o
                0x20000010                        . = ALIGN (0x4)

.bss            0x20000010       0xb0 load address 0x08001eb4
                0x20000010                        _sbss = .
                0x20000010                        __bss_start__ = _sbss
 *(.bss)
 .bss           0x20000010       0x1c /opt/local/lib/gcc/arm-none-eabi/13.1.0/thumb/v6-m/nofp/crtbegin.o
 *(.bss*)
 .bss.uwTick    0x2000002c        0x4 CMakeFiles/Code.elf.dir/Drivers/STM32F0xx_HAL_Driver/Src/stm32f0xx_hal.c.obj
                0x2000002c                uwTick
 .bss.hadc      0x20000030       0x40 CMakeFiles/Code.elf.dir/Src/adc.c.obj
                0x20000030                hadc
 .bss.previous_tick
                0x20000070        0x4 CMakeFiles/Code.elf.dir/Src/main.c.obj
                0x20000070                previous_tick
 .bss.adc_val   0x20000074        0x4 CMakeFiles/Code.elf.dir/Src/main.c.obj
                0x20000074                adc_val
 .bss.htim3     0x20000078       0x48 CMakeFiles/Code.elf.dir/Src/tim.c.obj
                0x20000078                htim3
 *(COMMON)
                0x200000c0                        . = ALIGN (0x4)
                0x200000c0                        _ebss = .
                0x200000c0                        __bss_end__ = _ebss

._user_heap_stack
                0x200000c0      0x600 load address 0x08001eb4
                0x200000c0                        . = ALIGN (0x8)
                [!provide]                        PROVIDE (end = .)
                0x200000c0                        PROVIDE (_end = .)
                0x200002c0                        . = (. + _Min_Heap_Size)
 *fill*         0x200000c0      0x200 
                0x200006c0                        . = (. + _Min_Stack_Size)
 *fill*         0x200002c0      0x400 
                0x200006c0                        . = ALIGN (0x8)

/DISCARD/
 libc.a(*)
 libm.a(*)
 libgcc.a(*)

.ARM.attributes
                0x00000000       0x28
 *(.ARM.attributes)
 .ARM.attributes
                0x00000000       0x1e /opt/local/lib/gcc/arm-none-eabi/13.1.0/thumb/v6-m/nofp/crti.o
 .ARM.attributes
                0x0000001e       0x2c /opt/local/lib/gcc/arm-none-eabi/13.1.0/thumb/v6-m/nofp/crtbegin.o
 .ARM.attributes
                0x0000004a       0x2c CMakeFiles/Code.elf.dir/Drivers/STM32F0xx_HAL_Driver/Src/stm32f0xx_hal.c.obj
 .ARM.attributes
                0x00000076       0x2c CMakeFiles/Code.elf.dir/Drivers/STM32F0xx_HAL_Driver/Src/stm32f0xx_hal_adc.c.obj
 .ARM.attributes
                0x000000a2       0x2c CMakeFiles/Code.elf.dir/Drivers/STM32F0xx_HAL_Driver/Src/stm32f0xx_hal_adc_ex.c.obj
 .ARM.attributes
                0x000000ce       0x2c CMakeFiles/Code.elf.dir/Drivers/STM32F0xx_HAL_Driver/Src/stm32f0xx_hal_cortex.c.obj
 .ARM.attributes
                0x000000fa       0x2c CMakeFiles/Code.elf.dir/Drivers/STM32F0xx_HAL_Driver/Src/stm32f0xx_hal_gpio.c.obj
 .ARM.attributes
                0x00000126       0x2c CMakeFiles/Code.elf.dir/Drivers/STM32F0xx_HAL_Driver/Src/stm32f0xx_hal_tim.c.obj
 .ARM.attributes
                0x00000152       0x2c CMakeFiles/Code.elf.dir/Drivers/STM32F0xx_HAL_Driver/Src/stm32f0xx_hal_tim_ex.c.obj
 .ARM.attributes
                0x0000017e       0x2c CMakeFiles/Code.elf.dir/Drivers/STM32F0xx_HAL_Driver/Src/stm32f0xx_ll_exti.c.obj
 .ARM.attributes
                0x000001aa       0x2c CMakeFiles/Code.elf.dir/Drivers/STM32F0xx_HAL_Driver/Src/stm32f0xx_ll_gpio.c.obj
 .ARM.attributes
                0x000001d6       0x2c CMakeFiles/Code.elf.dir/Drivers/STM32F0xx_HAL_Driver/Src/stm32f0xx_ll_utils.c.obj
 .ARM.attributes
                0x00000202       0x2c CMakeFiles/Code.elf.dir/Src/adc.c.obj
 .ARM.attributes
                0x0000022e       0x2c CMakeFiles/Code.elf.dir/Src/gpio.c.obj
 .ARM.attributes
                0x0000025a       0x2c CMakeFiles/Code.elf.dir/Src/main.c.obj
 .ARM.attributes
                0x00000286       0x2c CMakeFiles/Code.elf.dir/Src/stm32f0xx_hal_msp.c.obj
 .ARM.attributes
                0x000002b2       0x2c CMakeFiles/Code.elf.dir/Src/stm32f0xx_it.c.obj
 .ARM.attributes
                0x000002de       0x2c CMakeFiles/Code.elf.dir/Src/system_stm32f0xx.c.obj
 .ARM.attributes
                0x0000030a       0x2c CMakeFiles/Code.elf.dir/Src/tim.c.obj
 .ARM.attributes
                0x00000336       0x21 CMakeFiles/Code.elf.dir/Startup/startup_stm32f051c6tx.s.obj
 .ARM.attributes
                0x00000357       0x1e /opt/local/lib/gcc/arm-none-eabi/13.1.0/thumb/v6-m/nofp/libgcc.a(_udivsi3.o)
 .ARM.attributes
                0x00000375       0x1e /opt/local/lib/gcc/arm-none-eabi/13.1.0/thumb/v6-m/nofp/libgcc.a(_dvmd_tls.o)
 .ARM.attributes
                0x00000393       0x2c /opt/local/lib/gcc/arm-none-eabi/13.1.0/../../../../arm-none-eabi/lib/thumb/v6-m/nofp/libg.a(libc_a-memset.o)
 .ARM.attributes
                0x000003bf       0x2c /opt/local/lib/gcc/arm-none-eabi/13.1.0/../../../../arm-none-eabi/lib/thumb/v6-m/nofp/libg.a(libc_a-init.o)
 .ARM.attributes
                0x000003eb       0x2c /opt/local/lib/gcc/arm-none-eabi/13.1.0/thumb/v6-m/nofp/crtend.o
 .ARM.attributes
                0x00000417       0x1e /opt/local/lib/gcc/arm-none-eabi/13.1.0/thumb/v6-m/nofp/crtn.o
OUTPUT(Code.elf elf32-littlearm)
LOAD linker stubs
LOAD /opt/local/lib/gcc/arm-none-eabi/13.1.0/../../../../arm-none-eabi/lib/thumb/v6-m/nofp/libc.a
LOAD /opt/local/lib/gcc/arm-none-eabi/13.1.0/../../../../arm-none-eabi/lib/thumb/v6-m/nofp/libm.a
LOAD /opt/local/lib/gcc/arm-none-eabi/13.1.0/thumb/v6-m/nofp/libgcc.a

.comment        0x00000000       0x12
 .comment       0x00000000       0x12 /opt/local/lib/gcc/arm-none-eabi/13.1.0/thumb/v6-m/nofp/crtbegin.o
                                 0x13 (size before relaxing)
 .comment       0x00000012       0x13 CMakeFiles/Code.elf.dir/Drivers/STM32F0xx_HAL_Driver/Src/stm32f0xx_hal.c.obj
 .comment       0x00000012       0x13 CMakeFiles/Code.elf.dir/Drivers/STM32F0xx_HAL_Driver/Src/stm32f0xx_hal_adc.c.obj
 .comment       0x00000012       0x13 CMakeFiles/Code.elf.dir/Drivers/STM32F0xx_HAL_Driver/Src/stm32f0xx_hal_adc_ex.c.obj
 .comment       0x00000012       0x13 CMakeFiles/Code.elf.dir/Drivers/STM32F0xx_HAL_Driver/Src/stm32f0xx_hal_cortex.c.obj
 .comment       0x00000012       0x13 CMakeFiles/Code.elf.dir/Drivers/STM32F0xx_HAL_Driver/Src/stm32f0xx_hal_gpio.c.obj
 .comment       0x00000012       0x13 CMakeFiles/Code.elf.dir/Drivers/STM32F0xx_HAL_Driver/Src/stm32f0xx_hal_tim.c.obj
 .comment       0x00000012       0x13 CMakeFiles/Code.elf.dir/Drivers/STM32F0xx_HAL_Driver/Src/stm32f0xx_hal_tim_ex.c.obj
 .comment       0x00000012       0x13 CMakeFiles/Code.elf.dir/Drivers/STM32F0xx_HAL_Driver/Src/stm32f0xx_ll_exti.c.obj
 .comment       0x00000012       0x13 CMakeFiles/Code.elf.dir/Drivers/STM32F0xx_HAL_Driver/Src/stm32f0xx_ll_gpio.c.obj
 .comment       0x00000012       0x13 CMakeFiles/Code.elf.dir/Drivers/STM32F0xx_HAL_Driver/Src/stm32f0xx_ll_utils.c.obj
 .comment       0x00000012       0x13 CMakeFiles/Code.elf.dir/Src/adc.c.obj
 .comment       0x00000012       0x13 CMakeFiles/Code.elf.dir/Src/gpio.c.obj
 .comment       0x00000012       0x13 CMakeFiles/Code.elf.dir/Src/main.c.obj
 .comment       0x00000012       0x13 CMakeFiles/Code.elf.dir/Src/stm32f0xx_hal_msp.c.obj
 .comment       0x00000012       0x13 CMakeFiles/Code.elf.dir/Src/stm32f0xx_it.c.obj
 .comment       0x00000012       0x13 CMakeFiles/Code.elf.dir/Src/system_stm32f0xx.c.obj
 .comment       0x00000012       0x13 CMakeFiles/Code.elf.dir/Src/tim.c.obj
 .comment       0x00000012       0x13 /opt/local/lib/gcc/arm-none-eabi/13.1.0/../../../../arm-none-eabi/lib/thumb/v6-m/nofp/libg.a(libc_a-memset.o)
 .comment       0x00000012       0x13 /opt/local/lib/gcc/arm-none-eabi/13.1.0/../../../../arm-none-eabi/lib/thumb/v6-m/nofp/libg.a(libc_a-init.o)
 .comment       0x00000012       0x13 /opt/local/lib/gcc/arm-none-eabi/13.1.0/thumb/v6-m/nofp/crtend.o

.debug_info     0x00000000     0xd2e8
 .debug_info    0x00000000      0x74c CMakeFiles/Code.elf.dir/Drivers/STM32F0xx_HAL_Driver/Src/stm32f0xx_hal.c.obj
 .debug_info    0x0000074c      0xf56 CMakeFiles/Code.elf.dir/Drivers/STM32F0xx_HAL_Driver/Src/stm32f0xx_hal_adc.c.obj
 .debug_info    0x000016a2      0x599 CMakeFiles/Code.elf.dir/Drivers/STM32F0xx_HAL_Driver/Src/stm32f0xx_hal_adc_ex.c.obj
 .debug_info    0x00001c3b      0x7f3 CMakeFiles/Code.elf.dir/Drivers/STM32F0xx_HAL_Driver/Src/stm32f0xx_hal_cortex.c.obj
 .debug_info    0x0000242e      0x5ec CMakeFiles/Code.elf.dir/Drivers/STM32F0xx_HAL_Driver/Src/stm32f0xx_hal_gpio.c.obj
 .debug_info    0x00002a1a     0x3b7c CMakeFiles/Code.elf.dir/Drivers/STM32F0xx_HAL_Driver/Src/stm32f0xx_hal_tim.c.obj
 .debug_info    0x00006596     0x1a01 CMakeFiles/Code.elf.dir/Drivers/STM32F0xx_HAL_Driver/Src/stm32f0xx_hal_tim_ex.c.obj
 .debug_info    0x00007f97      0x4d4 CMakeFiles/Code.elf.dir/Drivers/STM32F0xx_HAL_Driver/Src/stm32f0xx_ll_exti.c.obj
 .debug_info    0x0000846b      0x77a CMakeFiles/Code.elf.dir/Drivers/STM32F0xx_HAL_Driver/Src/stm32f0xx_ll_gpio.c.obj
 .debug_info    0x00008be5      0xa23 CMakeFiles/Code.elf.dir/Drivers/STM32F0xx_HAL_Driver/Src/stm32f0xx_ll_utils.c.obj
 .debug_info    0x00009608      0x954 CMakeFiles/Code.elf.dir/Src/adc.c.obj
 .debug_info    0x00009f5c      0x6a4 CMakeFiles/Code.elf.dir/Src/gpio.c.obj
 .debug_info    0x0000a600     0x16fa CMakeFiles/Code.elf.dir/Src/main.c.obj
 .debug_info    0x0000bcfa      0x1d9 CMakeFiles/Code.elf.dir/Src/stm32f0xx_hal_msp.c.obj
 .debug_info    0x0000bed3      0x27f CMakeFiles/Code.elf.dir/Src/stm32f0xx_it.c.obj
 .debug_info    0x0000c152      0x264 CMakeFiles/Code.elf.dir/Src/system_stm32f0xx.c.obj
 .debug_info    0x0000c3b6      0xc48 CMakeFiles/Code.elf.dir/Src/tim.c.obj
 .debug_info    0x0000cffe       0x30 CMakeFiles/Code.elf.dir/Startup/startup_stm32f051c6tx.s.obj
 .debug_info    0x0000d02e       0x3e /opt/local/lib/gcc/arm-none-eabi/13.1.0/thumb/v6-m/nofp/libgcc.a(_udivsi3.o)
 .debug_info    0x0000d06c       0x3c /opt/local/lib/gcc/arm-none-eabi/13.1.0/thumb/v6-m/nofp/libgcc.a(_dvmd_tls.o)
 .debug_info    0x0000d0a8      0x135 /opt/local/lib/gcc/arm-none-eabi/13.1.0/../../../../arm-none-eabi/lib/thumb/v6-m/nofp/libg.a(libc_a-memset.o)
 .debug_info    0x0000d1dd      0x10b /opt/local/lib/gcc/arm-none-eabi/13.1.0/../../../../arm-none-eabi/lib/thumb/v6-m/nofp/libg.a(libc_a-init.o)

.debug_abbrev   0x00000000     0x270e
 .debug_abbrev  0x00000000      0x265 CMakeFiles/Code.elf.dir/Drivers/STM32F0xx_HAL_Driver/Src/stm32f0xx_hal.c.obj
 .debug_abbrev  0x00000265      0x22f CMakeFiles/Code.elf.dir/Drivers/STM32F0xx_HAL_Driver/Src/stm32f0xx_hal_adc.c.obj
 .debug_abbrev  0x00000494      0x145 CMakeFiles/Code.elf.dir/Drivers/STM32F0xx_HAL_Driver/Src/stm32f0xx_hal_adc_ex.c.obj
 .debug_abbrev  0x000005d9      0x2ec CMakeFiles/Code.elf.dir/Drivers/STM32F0xx_HAL_Driver/Src/stm32f0xx_hal_cortex.c.obj
 .debug_abbrev  0x000008c5      0x1f8 CMakeFiles/Code.elf.dir/Drivers/STM32F0xx_HAL_Driver/Src/stm32f0xx_hal_gpio.c.obj
 .debug_abbrev  0x00000abd      0x285 CMakeFiles/Code.elf.dir/Drivers/STM32F0xx_HAL_Driver/Src/stm32f0xx_hal_tim.c.obj
 .debug_abbrev  0x00000d42      0x283 CMakeFiles/Code.elf.dir/Drivers/STM32F0xx_HAL_Driver/Src/stm32f0xx_hal_tim_ex.c.obj
 .debug_abbrev  0x00000fc5      0x1b2 CMakeFiles/Code.elf.dir/Drivers/STM32F0xx_HAL_Driver/Src/stm32f0xx_ll_exti.c.obj
 .debug_abbrev  0x00001177      0x21c CMakeFiles/Code.elf.dir/Drivers/STM32F0xx_HAL_Driver/Src/stm32f0xx_ll_gpio.c.obj
 .debug_abbrev  0x00001393      0x30d CMakeFiles/Code.elf.dir/Drivers/STM32F0xx_HAL_Driver/Src/stm32f0xx_ll_utils.c.obj
 .debug_abbrev  0x000016a0      0x220 CMakeFiles/Code.elf.dir/Src/adc.c.obj
 .debug_abbrev  0x000018c0      0x21c CMakeFiles/Code.elf.dir/Src/gpio.c.obj
 .debug_abbrev  0x00001adc      0x418 CMakeFiles/Code.elf.dir/Src/main.c.obj
 .debug_abbrev  0x00001ef4       0xee CMakeFiles/Code.elf.dir/Src/stm32f0xx_hal_msp.c.obj
 .debug_abbrev  0x00001fe2      0x1a1 CMakeFiles/Code.elf.dir/Src/stm32f0xx_it.c.obj
 .debug_abbrev  0x00002183      0x136 CMakeFiles/Code.elf.dir/Src/system_stm32f0xx.c.obj
 .debug_abbrev  0x000022b9      0x263 CMakeFiles/Code.elf.dir/Src/tim.c.obj
 .debug_abbrev  0x0000251c       0x24 CMakeFiles/Code.elf.dir/Startup/startup_stm32f051c6tx.s.obj
 .debug_abbrev  0x00002540       0x28 /opt/local/lib/gcc/arm-none-eabi/13.1.0/thumb/v6-m/nofp/libgcc.a(_udivsi3.o)
 .debug_abbrev  0x00002568       0x26 /opt/local/lib/gcc/arm-none-eabi/13.1.0/thumb/v6-m/nofp/libgcc.a(_dvmd_tls.o)
 .debug_abbrev  0x0000258e       0xb7 /opt/local/lib/gcc/arm-none-eabi/13.1.0/../../../../arm-none-eabi/lib/thumb/v6-m/nofp/libg.a(libc_a-memset.o)
 .debug_abbrev  0x00002645       0xc9 /opt/local/lib/gcc/arm-none-eabi/13.1.0/../../../../arm-none-eabi/lib/thumb/v6-m/nofp/libg.a(libc_a-init.o)

.debug_loclists
                0x00000000     0x75b9
 .debug_loclists
                0x00000000       0xe1 CMakeFiles/Code.elf.dir/Drivers/STM32F0xx_HAL_Driver/Src/stm32f0xx_hal.c.obj
 .debug_loclists
                0x000000e1      0x9c7 CMakeFiles/Code.elf.dir/Drivers/STM32F0xx_HAL_Driver/Src/stm32f0xx_hal_adc.c.obj
 .debug_loclists
                0x00000aa8       0xd4 CMakeFiles/Code.elf.dir/Drivers/STM32F0xx_HAL_Driver/Src/stm32f0xx_hal_adc_ex.c.obj
 .debug_loclists
                0x00000b7c      0x208 CMakeFiles/Code.elf.dir/Drivers/STM32F0xx_HAL_Driver/Src/stm32f0xx_hal_cortex.c.obj
 .debug_loclists
                0x00000d84      0x28d CMakeFiles/Code.elf.dir/Drivers/STM32F0xx_HAL_Driver/Src/stm32f0xx_hal_gpio.c.obj
 .debug_loclists
                0x00001011     0x3de4 CMakeFiles/Code.elf.dir/Drivers/STM32F0xx_HAL_Driver/Src/stm32f0xx_hal_tim.c.obj
 .debug_loclists
                0x00004df5     0x187a CMakeFiles/Code.elf.dir/Drivers/STM32F0xx_HAL_Driver/Src/stm32f0xx_hal_tim_ex.c.obj
 .debug_loclists
                0x0000666f      0x1d3 CMakeFiles/Code.elf.dir/Drivers/STM32F0xx_HAL_Driver/Src/stm32f0xx_ll_exti.c.obj
 .debug_loclists
                0x00006842      0x281 CMakeFiles/Code.elf.dir/Drivers/STM32F0xx_HAL_Driver/Src/stm32f0xx_ll_gpio.c.obj
 .debug_loclists
                0x00006ac3      0x43e CMakeFiles/Code.elf.dir/Drivers/STM32F0xx_HAL_Driver/Src/stm32f0xx_ll_utils.c.obj
 .debug_loclists
                0x00006f01       0x6b CMakeFiles/Code.elf.dir/Src/adc.c.obj
 .debug_loclists
                0x00006f6c       0x9f CMakeFiles/Code.elf.dir/Src/gpio.c.obj
 .debug_loclists
                0x0000700b      0x23e CMakeFiles/Code.elf.dir/Src/main.c.obj
 .debug_loclists
                0x00007249       0x24 CMakeFiles/Code.elf.dir/Src/stm32f0xx_it.c.obj
 .debug_loclists
                0x0000726d       0xf5 CMakeFiles/Code.elf.dir/Src/system_stm32f0xx.c.obj
 .debug_loclists
                0x00007362       0x37 CMakeFiles/Code.elf.dir/Src/tim.c.obj
 .debug_loclists
                0x00007399      0x1c6 /opt/local/lib/gcc/arm-none-eabi/13.1.0/../../../../arm-none-eabi/lib/thumb/v6-m/nofp/libg.a(libc_a-memset.o)
 .debug_loclists
                0x0000755f       0x5a /opt/local/lib/gcc/arm-none-eabi/13.1.0/../../../../arm-none-eabi/lib/thumb/v6-m/nofp/libg.a(libc_a-init.o)

.debug_aranges  0x00000000      0xb28
 .debug_aranges
                0x00000000       0xd0 CMakeFiles/Code.elf.dir/Drivers/STM32F0xx_HAL_Driver/Src/stm32f0xx_hal.c.obj
 .debug_aranges
                0x000000d0       0xf8 CMakeFiles/Code.elf.dir/Drivers/STM32F0xx_HAL_Driver/Src/stm32f0xx_hal_adc.c.obj
 .debug_aranges
                0x000001c8       0x20 CMakeFiles/Code.elf.dir/Drivers/STM32F0xx_HAL_Driver/Src/stm32f0xx_hal_adc_ex.c.obj
 .debug_aranges
                0x000001e8       0x98 CMakeFiles/Code.elf.dir/Drivers/STM32F0xx_HAL_Driver/Src/stm32f0xx_hal_cortex.c.obj
 .debug_aranges
                0x00000280       0x58 CMakeFiles/Code.elf.dir/Drivers/STM32F0xx_HAL_Driver/Src/stm32f0xx_hal_gpio.c.obj
 .debug_aranges
                0x000002d8      0x3d0 CMakeFiles/Code.elf.dir/Drivers/STM32F0xx_HAL_Driver/Src/stm32f0xx_hal_tim.c.obj
 .debug_aranges
                0x000006a8      0x168 CMakeFiles/Code.elf.dir/Drivers/STM32F0xx_HAL_Driver/Src/stm32f0xx_hal_tim_ex.c.obj
 .debug_aranges
                0x00000810       0x30 CMakeFiles/Code.elf.dir/Drivers/STM32F0xx_HAL_Driver/Src/stm32f0xx_ll_exti.c.obj
 .debug_aranges
                0x00000840       0x30 CMakeFiles/Code.elf.dir/Drivers/STM32F0xx_HAL_Driver/Src/stm32f0xx_ll_gpio.c.obj
 .debug_aranges
                0x00000870       0x68 CMakeFiles/Code.elf.dir/Drivers/STM32F0xx_HAL_Driver/Src/stm32f0xx_ll_utils.c.obj
 .debug_aranges
                0x000008d8       0x30 CMakeFiles/Code.elf.dir/Src/adc.c.obj
 .debug_aranges
                0x00000908       0x20 CMakeFiles/Code.elf.dir/Src/gpio.c.obj
 .debug_aranges
                0x00000928       0x90 CMakeFiles/Code.elf.dir/Src/main.c.obj
 .debug_aranges
                0x000009b8       0x20 CMakeFiles/Code.elf.dir/Src/stm32f0xx_hal_msp.c.obj
 .debug_aranges
                0x000009d8       0x48 CMakeFiles/Code.elf.dir/Src/stm32f0xx_it.c.obj
 .debug_aranges
                0x00000a20       0x28 CMakeFiles/Code.elf.dir/Src/system_stm32f0xx.c.obj
 .debug_aranges
                0x00000a48       0x38 CMakeFiles/Code.elf.dir/Src/tim.c.obj
 .debug_aranges
                0x00000a80       0x28 CMakeFiles/Code.elf.dir/Startup/startup_stm32f051c6tx.s.obj
 .debug_aranges
                0x00000aa8       0x20 /opt/local/lib/gcc/arm-none-eabi/13.1.0/thumb/v6-m/nofp/libgcc.a(_udivsi3.o)
 .debug_aranges
                0x00000ac8       0x20 /opt/local/lib/gcc/arm-none-eabi/13.1.0/thumb/v6-m/nofp/libgcc.a(_dvmd_tls.o)
 .debug_aranges
                0x00000ae8       0x20 /opt/local/lib/gcc/arm-none-eabi/13.1.0/../../../../arm-none-eabi/lib/thumb/v6-m/nofp/libg.a(libc_a-memset.o)
 .debug_aranges
                0x00000b08       0x20 /opt/local/lib/gcc/arm-none-eabi/13.1.0/../../../../arm-none-eabi/lib/thumb/v6-m/nofp/libg.a(libc_a-init.o)

.debug_rnglists
                0x00000000      0x884
 .debug_rnglists
                0x00000000       0x97 CMakeFiles/Code.elf.dir/Drivers/STM32F0xx_HAL_Driver/Src/stm32f0xx_hal.c.obj
 .debug_rnglists
                0x00000097       0xc1 CMakeFiles/Code.elf.dir/Drivers/STM32F0xx_HAL_Driver/Src/stm32f0xx_hal_adc.c.obj
 .debug_rnglists
                0x00000158       0x14 CMakeFiles/Code.elf.dir/Drivers/STM32F0xx_HAL_Driver/Src/stm32f0xx_hal_adc_ex.c.obj
 .debug_rnglists
                0x0000016c       0x79 CMakeFiles/Code.elf.dir/Drivers/STM32F0xx_HAL_Driver/Src/stm32f0xx_hal_cortex.c.obj
 .debug_rnglists
                0x000001e5       0x3f CMakeFiles/Code.elf.dir/Drivers/STM32F0xx_HAL_Driver/Src/stm32f0xx_hal_gpio.c.obj
 .debug_rnglists
                0x00000224      0x305 CMakeFiles/Code.elf.dir/Drivers/STM32F0xx_HAL_Driver/Src/stm32f0xx_hal_tim.c.obj
 .debug_rnglists
                0x00000529      0x11a CMakeFiles/Code.elf.dir/Drivers/STM32F0xx_HAL_Driver/Src/stm32f0xx_hal_tim_ex.c.obj
 .debug_rnglists
                0x00000643       0x5c CMakeFiles/Code.elf.dir/Drivers/STM32F0xx_HAL_Driver/Src/stm32f0xx_ll_exti.c.obj
 .debug_rnglists
                0x0000069f       0x51 CMakeFiles/Code.elf.dir/Drivers/STM32F0xx_HAL_Driver/Src/stm32f0xx_ll_gpio.c.obj
 .debug_rnglists
                0x000006f0       0x4b CMakeFiles/Code.elf.dir/Drivers/STM32F0xx_HAL_Driver/Src/stm32f0xx_ll_utils.c.obj
 .debug_rnglists
                0x0000073b       0x1f CMakeFiles/Code.elf.dir/Src/adc.c.obj
 .debug_rnglists
                0x0000075a       0x14 CMakeFiles/Code.elf.dir/Src/gpio.c.obj
 .debug_rnglists
                0x0000076e       0x79 CMakeFiles/Code.elf.dir/Src/main.c.obj
 .debug_rnglists
                0x000007e7       0x13 CMakeFiles/Code.elf.dir/Src/stm32f0xx_hal_msp.c.obj
 .debug_rnglists
                0x000007fa       0x31 CMakeFiles/Code.elf.dir/Src/stm32f0xx_it.c.obj
 .debug_rnglists
                0x0000082b       0x1a CMakeFiles/Code.elf.dir/Src/system_stm32f0xx.c.obj
 .debug_rnglists
                0x00000845       0x26 CMakeFiles/Code.elf.dir/Src/tim.c.obj
 .debug_rnglists
                0x0000086b       0x19 CMakeFiles/Code.elf.dir/Startup/startup_stm32f051c6tx.s.obj

.debug_line     0x00000000     0xca1f
 .debug_line    0x00000000      0x68d CMakeFiles/Code.elf.dir/Drivers/STM32F0xx_HAL_Driver/Src/stm32f0xx_hal.c.obj
 .debug_line    0x0000068d     0x10e3 CMakeFiles/Code.elf.dir/Drivers/STM32F0xx_HAL_Driver/Src/stm32f0xx_hal_adc.c.obj
 .debug_line    0x00001770      0x3a5 CMakeFiles/Code.elf.dir/Drivers/STM32F0xx_HAL_Driver/Src/stm32f0xx_hal_adc_ex.c.obj
 .debug_line    0x00001b15      0x629 CMakeFiles/Code.elf.dir/Drivers/STM32F0xx_HAL_Driver/Src/stm32f0xx_hal_cortex.c.obj
 .debug_line    0x0000213e      0x7a0 CMakeFiles/Code.elf.dir/Drivers/STM32F0xx_HAL_Driver/Src/stm32f0xx_hal_gpio.c.obj
 .debug_line    0x000028de     0x4a58 CMakeFiles/Code.elf.dir/Drivers/STM32F0xx_HAL_Driver/Src/stm32f0xx_hal_tim.c.obj
 .debug_line    0x00007336     0x1bb9 CMakeFiles/Code.elf.dir/Drivers/STM32F0xx_HAL_Driver/Src/stm32f0xx_hal_tim_ex.c.obj
 .debug_line    0x00008eef      0x4ff CMakeFiles/Code.elf.dir/Drivers/STM32F0xx_HAL_Driver/Src/stm32f0xx_ll_exti.c.obj
 .debug_line    0x000093ee      0x57b CMakeFiles/Code.elf.dir/Drivers/STM32F0xx_HAL_Driver/Src/stm32f0xx_ll_gpio.c.obj
 .debug_line    0x00009969      0x841 CMakeFiles/Code.elf.dir/Drivers/STM32F0xx_HAL_Driver/Src/stm32f0xx_ll_utils.c.obj
 .debug_line    0x0000a1aa      0x4bf CMakeFiles/Code.elf.dir/Src/adc.c.obj
 .debug_line    0x0000a669      0x406 CMakeFiles/Code.elf.dir/Src/gpio.c.obj
 .debug_line    0x0000aa6f      0xbf0 CMakeFiles/Code.elf.dir/Src/main.c.obj
 .debug_line    0x0000b65f      0x299 CMakeFiles/Code.elf.dir/Src/stm32f0xx_hal_msp.c.obj
 .debug_line    0x0000b8f8      0x37f CMakeFiles/Code.elf.dir/Src/stm32f0xx_it.c.obj
 .debug_line    0x0000bc77      0x2a3 CMakeFiles/Code.elf.dir/Src/system_stm32f0xx.c.obj
 .debug_line    0x0000bf1a      0x51a CMakeFiles/Code.elf.dir/Src/tim.c.obj
 .debug_line    0x0000c434       0x7b CMakeFiles/Code.elf.dir/Startup/startup_stm32f051c6tx.s.obj
 .debug_line    0x0000c4af       0x56 /opt/local/lib/gcc/arm-none-eabi/13.1.0/thumb/v6-m/nofp/libgcc.a(_udivsi3.o)
 .debug_line    0x0000c505       0x4a /opt/local/lib/gcc/arm-none-eabi/13.1.0/thumb/v6-m/nofp/libgcc.a(_dvmd_tls.o)
 .debug_line    0x0000c54f      0x2f2 /opt/local/lib/gcc/arm-none-eabi/13.1.0/../../../../arm-none-eabi/lib/thumb/v6-m/nofp/libg.a(libc_a-memset.o)
 .debug_line    0x0000c841      0x1de /opt/local/lib/gcc/arm-none-eabi/13.1.0/../../../../arm-none-eabi/lib/thumb/v6-m/nofp/libg.a(libc_a-init.o)

.debug_str      0x00000000     0x401f
 .debug_str     0x00000000      0x74f CMakeFiles/Code.elf.dir/Drivers/STM32F0xx_HAL_Driver/Src/stm32f0xx_hal.c.obj
                                0x7b3 (size before relaxing)
 .debug_str     0x0000074f      0x716 CMakeFiles/Code.elf.dir/Drivers/STM32F0xx_HAL_Driver/Src/stm32f0xx_hal_adc.c.obj
                                0x9cc (size before relaxing)
 .debug_str     0x00000e65       0xe8 CMakeFiles/Code.elf.dir/Drivers/STM32F0xx_HAL_Driver/Src/stm32f0xx_hal_adc_ex.c.obj
                                0x693 (size before relaxing)
 .debug_str     0x00000f4d      0x2de CMakeFiles/Code.elf.dir/Drivers/STM32F0xx_HAL_Driver/Src/stm32f0xx_hal_cortex.c.obj
                                0x6f4 (size before relaxing)
 .debug_str     0x0000122b      0x21b CMakeFiles/Code.elf.dir/Drivers/STM32F0xx_HAL_Driver/Src/stm32f0xx_hal_gpio.c.obj
                                0x4ce (size before relaxing)
 .debug_str     0x00001446     0x1248 CMakeFiles/Code.elf.dir/Drivers/STM32F0xx_HAL_Driver/Src/stm32f0xx_hal_tim.c.obj
                               0x1743 (size before relaxing)
 .debug_str     0x0000268e      0x5cf CMakeFiles/Code.elf.dir/Drivers/STM32F0xx_HAL_Driver/Src/stm32f0xx_hal_tim_ex.c.obj
                                0xf5f (size before relaxing)
 .debug_str     0x00002c5d      0x215 CMakeFiles/Code.elf.dir/Drivers/STM32F0xx_HAL_Driver/Src/stm32f0xx_ll_exti.c.obj
                                0x44f (size before relaxing)
 .debug_str     0x00002e72      0x1ce CMakeFiles/Code.elf.dir/Drivers/STM32F0xx_HAL_Driver/Src/stm32f0xx_ll_gpio.c.obj
                                0x47b (size before relaxing)
 .debug_str     0x00003040      0x3ea CMakeFiles/Code.elf.dir/Drivers/STM32F0xx_HAL_Driver/Src/stm32f0xx_ll_utils.c.obj
                                0x6e1 (size before relaxing)
 .debug_str     0x0000342a       0xc6 CMakeFiles/Code.elf.dir/Src/adc.c.obj
                                0x7cb (size before relaxing)
 .debug_str     0x000034f0       0xd9 CMakeFiles/Code.elf.dir/Src/gpio.c.obj
                                0x4c2 (size before relaxing)
 .debug_str     0x000035c9      0x241 CMakeFiles/Code.elf.dir/Src/main.c.obj
                                0xfc4 (size before relaxing)
 .debug_str     0x0000380a       0x8c CMakeFiles/Code.elf.dir/Src/stm32f0xx_hal_msp.c.obj
                                0x2f3 (size before relaxing)
 .debug_str     0x00003896      0x114 CMakeFiles/Code.elf.dir/Src/stm32f0xx_it.c.obj
                                0x37a (size before relaxing)
 .debug_str     0x000039aa       0xd9 CMakeFiles/Code.elf.dir/Src/system_stm32f0xx.c.obj
                                0x346 (size before relaxing)
 .debug_str     0x00003a83       0xb5 CMakeFiles/Code.elf.dir/Src/tim.c.obj
                                0xa6c (size before relaxing)
 .debug_str     0x00003b38       0xae CMakeFiles/Code.elf.dir/Startup/startup_stm32f051c6tx.s.obj
                                0x134 (size before relaxing)
 .debug_str     0x00003be6      0x156 /opt/local/lib/gcc/arm-none-eabi/13.1.0/thumb/v6-m/nofp/libgcc.a(_udivsi3.o)
                                0x173 (size before relaxing)
 .debug_str     0x00003d3c       0x1c /opt/local/lib/gcc/arm-none-eabi/13.1.0/thumb/v6-m/nofp/libgcc.a(_dvmd_tls.o)
                                0x174 (size before relaxing)
 .debug_str     0x00003d58      0x1c2 /opt/local/lib/gcc/arm-none-eabi/13.1.0/../../../../arm-none-eabi/lib/thumb/v6-m/nofp/libg.a(libc_a-memset.o)
                                0x25e (size before relaxing)
 .debug_str     0x00003f1a      0x105 /opt/local/lib/gcc/arm-none-eabi/13.1.0/../../../../arm-none-eabi/lib/thumb/v6-m/nofp/libg.a(libc_a-init.o)
                                0x2ab (size before relaxing)

.debug_frame    0x00000000     0x1adc
 .debug_frame   0x00000000      0x1ac CMakeFiles/Code.elf.dir/Drivers/STM32F0xx_HAL_Driver/Src/stm32f0xx_hal.c.obj
 .debug_frame   0x000001ac      0x2a4 CMakeFiles/Code.elf.dir/Drivers/STM32F0xx_HAL_Driver/Src/stm32f0xx_hal_adc.c.obj
 .debug_frame   0x00000450       0x2c CMakeFiles/Code.elf.dir/Drivers/STM32F0xx_HAL_Driver/Src/stm32f0xx_hal_adc_ex.c.obj
 .debug_frame   0x0000047c      0x144 CMakeFiles/Code.elf.dir/Drivers/STM32F0xx_HAL_Driver/Src/stm32f0xx_hal_cortex.c.obj
 .debug_frame   0x000005c0       0xc0 CMakeFiles/Code.elf.dir/Drivers/STM32F0xx_HAL_Driver/Src/stm32f0xx_hal_gpio.c.obj
 .debug_frame   0x00000680      0xadc CMakeFiles/Code.elf.dir/Drivers/STM32F0xx_HAL_Driver/Src/stm32f0xx_hal_tim.c.obj
 .debug_frame   0x0000115c      0x420 CMakeFiles/Code.elf.dir/Drivers/STM32F0xx_HAL_Driver/Src/stm32f0xx_hal_tim_ex.c.obj
 .debug_frame   0x0000157c       0x48 CMakeFiles/Code.elf.dir/Drivers/STM32F0xx_HAL_Driver/Src/stm32f0xx_ll_exti.c.obj
 .debug_frame   0x000015c4       0x50 CMakeFiles/Code.elf.dir/Drivers/STM32F0xx_HAL_Driver/Src/stm32f0xx_ll_gpio.c.obj
 .debug_frame   0x00001614      0x100 CMakeFiles/Code.elf.dir/Drivers/STM32F0xx_HAL_Driver/Src/stm32f0xx_ll_utils.c.obj
 .debug_frame   0x00001714       0x5c CMakeFiles/Code.elf.dir/Src/adc.c.obj
 .debug_frame   0x00001770       0x38 CMakeFiles/Code.elf.dir/Src/gpio.c.obj
 .debug_frame   0x000017a8      0x174 CMakeFiles/Code.elf.dir/Src/main.c.obj
 .debug_frame   0x0000191c       0x24 CMakeFiles/Code.elf.dir/Src/stm32f0xx_hal_msp.c.obj
 .debug_frame   0x00001940       0x80 CMakeFiles/Code.elf.dir/Src/stm32f0xx_it.c.obj
 .debug_frame   0x000019c0       0x38 CMakeFiles/Code.elf.dir/Src/system_stm32f0xx.c.obj
 .debug_frame   0x000019f8       0x68 CMakeFiles/Code.elf.dir/Src/tim.c.obj
 .debug_frame   0x00001a60       0x20 /opt/local/lib/gcc/arm-none-eabi/13.1.0/thumb/v6-m/nofp/libgcc.a(_udivsi3.o)
 .debug_frame   0x00001a80       0x30 /opt/local/lib/gcc/arm-none-eabi/13.1.0/../../../../arm-none-eabi/lib/thumb/v6-m/nofp/libg.a(libc_a-memset.o)
 .debug_frame   0x00001ab0       0x2c /opt/local/lib/gcc/arm-none-eabi/13.1.0/../../../../arm-none-eabi/lib/thumb/v6-m/nofp/libg.a(libc_a-init.o)

.debug_line_str
                0x00000000      0x266
 .debug_line_str
                0x00000000      0x11a CMakeFiles/Code.elf.dir/Startup/startup_stm32f051c6tx.s.obj
 .debug_line_str
                0x0000011a      0x14c /opt/local/lib/gcc/arm-none-eabi/13.1.0/thumb/v6-m/nofp/libgcc.a(_udivsi3.o)
 .debug_line_str
                0x00000266      0x14c /opt/local/lib/gcc/arm-none-eabi/13.1.0/thumb/v6-m/nofp/libgcc.a(_dvmd_tls.o)
