Archive member included to satisfy reference by file (symbol)

/opt/local/lib/gcc/arm-none-eabi/13.1.0/thumb/v6-m/nofp/libgcc.a(_udivsi3.o)
                              CMakeFiles/Code.elf.dir/Drivers/STM32F0xx_HAL_Driver/Src/stm32f0xx_hal.c.obj (__aeabi_uidiv)
/opt/local/lib/gcc/arm-none-eabi/13.1.0/thumb/v6-m/nofp/libgcc.a(_dvmd_tls.o)
                              /opt/local/lib/gcc/arm-none-eabi/13.1.0/thumb/v6-m/nofp/libgcc.a(_udivsi3.o) (__aeabi_idiv0)
/opt/local/lib/gcc/arm-none-eabi/13.1.0/../../../../arm-none-eabi/lib/thumb/v6-m/nofp/libg.a(libc_a-atexit.o)
                              /opt/local/lib/gcc/arm-none-eabi/13.1.0/../../../../arm-none-eabi/lib/thumb/v6-m/nofp/crt0.o (atexit)
/opt/local/lib/gcc/arm-none-eabi/13.1.0/../../../../arm-none-eabi/lib/thumb/v6-m/nofp/libg.a(libc_a-exit.o)
                              /opt/local/lib/gcc/arm-none-eabi/13.1.0/../../../../arm-none-eabi/lib/thumb/v6-m/nofp/crt0.o (exit)
/opt/local/lib/gcc/arm-none-eabi/13.1.0/../../../../arm-none-eabi/lib/thumb/v6-m/nofp/libg.a(libc_a-findfp.o)
                              /opt/local/lib/gcc/arm-none-eabi/13.1.0/../../../../arm-none-eabi/lib/thumb/v6-m/nofp/libg.a(libc_a-exit.o) (__stdio_exit_handler)
/opt/local/lib/gcc/arm-none-eabi/13.1.0/../../../../arm-none-eabi/lib/thumb/v6-m/nofp/libg.a(libc_a-fwalk.o)
                              /opt/local/lib/gcc/arm-none-eabi/13.1.0/../../../../arm-none-eabi/lib/thumb/v6-m/nofp/libg.a(libc_a-findfp.o) (_fwalk_sglue)
/opt/local/lib/gcc/arm-none-eabi/13.1.0/../../../../arm-none-eabi/lib/thumb/v6-m/nofp/libg.a(libc_a-memset.o)
                              /opt/local/lib/gcc/arm-none-eabi/13.1.0/../../../../arm-none-eabi/lib/thumb/v6-m/nofp/crt0.o (memset)
/opt/local/lib/gcc/arm-none-eabi/13.1.0/../../../../arm-none-eabi/lib/thumb/v6-m/nofp/libg.a(libc_a-impure.o)
                              /opt/local/lib/gcc/arm-none-eabi/13.1.0/../../../../arm-none-eabi/lib/thumb/v6-m/nofp/libg.a(libc_a-findfp.o) (_impure_data)
/opt/local/lib/gcc/arm-none-eabi/13.1.0/../../../../arm-none-eabi/lib/thumb/v6-m/nofp/libg.a(libc_a-errno.o)
                              CMakeFiles/Code.elf.dir/Src/syscalls.c.obj (__errno)
/opt/local/lib/gcc/arm-none-eabi/13.1.0/../../../../arm-none-eabi/lib/thumb/v6-m/nofp/libg.a(libc_a-init.o)
                              /opt/local/lib/gcc/arm-none-eabi/13.1.0/../../../../arm-none-eabi/lib/thumb/v6-m/nofp/crt0.o (__libc_init_array)
/opt/local/lib/gcc/arm-none-eabi/13.1.0/../../../../arm-none-eabi/lib/thumb/v6-m/nofp/libg.a(libc_a-fini.o)
                              /opt/local/lib/gcc/arm-none-eabi/13.1.0/../../../../arm-none-eabi/lib/thumb/v6-m/nofp/crt0.o (__libc_fini_array)
/opt/local/lib/gcc/arm-none-eabi/13.1.0/../../../../arm-none-eabi/lib/thumb/v6-m/nofp/libg.a(libc_a-__atexit.o)
                              /opt/local/lib/gcc/arm-none-eabi/13.1.0/../../../../arm-none-eabi/lib/thumb/v6-m/nofp/libg.a(libc_a-atexit.o) (__register_exitproc)
/opt/local/lib/gcc/arm-none-eabi/13.1.0/../../../../arm-none-eabi/lib/thumb/v6-m/nofp/libg.a(libc_a-__call_atexit.o)
                              /opt/local/lib/gcc/arm-none-eabi/13.1.0/../../../../arm-none-eabi/lib/thumb/v6-m/nofp/libg.a(libc_a-exit.o) (__call_exitprocs)
/opt/local/lib/gcc/arm-none-eabi/13.1.0/../../../../arm-none-eabi/lib/thumb/v6-m/nofp/libg.a(libc_a-mallocr.o)
                              /opt/local/lib/gcc/arm-none-eabi/13.1.0/../../../../arm-none-eabi/lib/thumb/v6-m/nofp/libg.a(libc_a-findfp.o) (_malloc_r)
/opt/local/lib/gcc/arm-none-eabi/13.1.0/../../../../arm-none-eabi/lib/thumb/v6-m/nofp/libg.a(libc_a-mlock.o)
                              /opt/local/lib/gcc/arm-none-eabi/13.1.0/../../../../arm-none-eabi/lib/thumb/v6-m/nofp/libg.a(libc_a-mallocr.o) (__malloc_lock)
/opt/local/lib/gcc/arm-none-eabi/13.1.0/../../../../arm-none-eabi/lib/thumb/v6-m/nofp/libg.a(libc_a-fclose.o)
                              /opt/local/lib/gcc/arm-none-eabi/13.1.0/../../../../arm-none-eabi/lib/thumb/v6-m/nofp/libg.a(libc_a-findfp.o) (_fclose_r)
/opt/local/lib/gcc/arm-none-eabi/13.1.0/../../../../arm-none-eabi/lib/thumb/v6-m/nofp/libg.a(libc_a-fflush.o)
                              /opt/local/lib/gcc/arm-none-eabi/13.1.0/../../../../arm-none-eabi/lib/thumb/v6-m/nofp/libg.a(libc_a-fclose.o) (__sflush_r)
/opt/local/lib/gcc/arm-none-eabi/13.1.0/../../../../arm-none-eabi/lib/thumb/v6-m/nofp/libg.a(libc_a-stdio.o)
                              /opt/local/lib/gcc/arm-none-eabi/13.1.0/../../../../arm-none-eabi/lib/thumb/v6-m/nofp/libg.a(libc_a-findfp.o) (__sread)
/opt/local/lib/gcc/arm-none-eabi/13.1.0/../../../../arm-none-eabi/lib/thumb/v6-m/nofp/libg.a(libc_a-closer.o)
                              /opt/local/lib/gcc/arm-none-eabi/13.1.0/../../../../arm-none-eabi/lib/thumb/v6-m/nofp/libg.a(libc_a-stdio.o) (_close_r)
/opt/local/lib/gcc/arm-none-eabi/13.1.0/../../../../arm-none-eabi/lib/thumb/v6-m/nofp/libg.a(libc_a-reent.o)
[...]
Memory Configuration

Name             Origin             Length             Attributes
RAM              0x20000000         0x00002000         xrw
FLASH            0x08000000         0x00008000         xr
*default*        0x00000000         0xffffffff

Linker script and memory map

LOAD /opt/local/lib/gcc/arm-none-eabi/13.1.0/thumb/v6-m/nofp/crti.o
LOAD /opt/local/lib/gcc/arm-none-eabi/13.1.0/thumb/v6-m/nofp/crtbegin.o
LOAD /opt/local/lib/gcc/arm-none-eabi/13.1.0/../../../../arm-none-eabi/lib/thumb/v6-m/nofp/crt0.o
LOAD CMakeFiles/Code.elf.dir/Drivers/STM32F0xx_HAL_Driver/Src/stm32f0xx_hal.c.obj
LOAD CMakeFiles/Code.elf.dir/Drivers/STM32F0xx_HAL_Driver/Src/stm32f0xx_hal_cortex.c.obj
LOAD CMakeFiles/Code.elf.dir/Drivers/STM32F0xx_HAL_Driver/Src/stm32f0xx_hal_dma.c.obj
LOAD CMakeFiles/Code.elf.dir/Drivers/STM32F0xx_HAL_Driver/Src/stm32f0xx_hal_exti.c.obj
LOAD CMakeFiles/Code.elf.dir/Drivers/STM32F0xx_HAL_Driver/Src/stm32f0xx_hal_flash.c.obj
LOAD CMakeFiles/Code.elf.dir/Drivers/STM32F0xx_HAL_Driver/Src/stm32f0xx_hal_flash_ex.c.obj
LOAD CMakeFiles/Code.elf.dir/Drivers/STM32F0xx_HAL_Driver/Src/stm32f0xx_hal_gpio.c.obj
LOAD CMakeFiles/Code.elf.dir/Drivers/STM32F0xx_HAL_Driver/Src/stm32f0xx_hal_i2c.c.obj
LOAD CMakeFiles/Code.elf.dir/Drivers/STM32F0xx_HAL_Driver/Src/stm32f0xx_hal_i2c_ex.c.obj
LOAD CMakeFiles/Code.elf.dir/Drivers/STM32F0xx_HAL_Driver/Src/stm32f0xx_hal_pwr.c.obj
LOAD CMakeFiles/Code.elf.dir/Drivers/STM32F0xx_HAL_Driver/Src/stm32f0xx_hal_pwr_ex.c.obj
LOAD CMakeFiles/Code.elf.dir/Drivers/STM32F0xx_HAL_Driver/Src/stm32f0xx_hal_rcc.c.obj
LOAD CMakeFiles/Code.elf.dir/Drivers/STM32F0xx_HAL_Driver/Src/stm32f0xx_hal_rcc_ex.c.obj
LOAD CMakeFiles/Code.elf.dir/Drivers/STM32F0xx_HAL_Driver/Src/stm32f0xx_hal_tim.c.obj
LOAD CMakeFiles/Code.elf.dir/Drivers/STM32F0xx_HAL_Driver/Src/stm32f0xx_hal_tim_ex.c.obj
LOAD CMakeFiles/Code.elf.dir/Src/dma.c.obj
LOAD CMakeFiles/Code.elf.dir/Src/gpio.c.obj
LOAD CMakeFiles/Code.elf.dir/Src/main.c.obj
LOAD CMakeFiles/Code.elf.dir/Src/stm32f0xx_hal_msp.c.obj
LOAD CMakeFiles/Code.elf.dir/Src/stm32f0xx_it.c.obj
LOAD CMakeFiles/Code.elf.dir/Src/syscalls.c.obj
LOAD CMakeFiles/Code.elf.dir/Src/sysmem.c.obj
LOAD CMakeFiles/Code.elf.dir/Src/system_stm32f0xx.c.obj
LOAD CMakeFiles/Code.elf.dir/Src/tim.c.obj
LOAD CMakeFiles/Code.elf.dir/Startup/startup_stm32f051c6tx.s.obj
START GROUP
LOAD /opt/local/lib/gcc/arm-none-eabi/13.1.0/thumb/v6-m/nofp/libgcc.a
LOAD /opt/local/lib/gcc/arm-none-eabi/13.1.0/../../../../arm-none-eabi/lib/thumb/v6-m/nofp/libg.a
LOAD /opt/local/lib/gcc/arm-none-eabi/13.1.0/../../../../arm-none-eabi/lib/thumb/v6-m/nofp/libc.a
END GROUP
LOAD /opt/local/lib/gcc/arm-none-eabi/13.1.0/thumb/v6-m/nofp/crtend.o
LOAD /opt/local/lib/gcc/arm-none-eabi/13.1.0/thumb/v6-m/nofp/crtn.o
                0x20002000                        _estack = (ORIGIN (RAM) + LENGTH (RAM))
                0x00000200                        _Min_Heap_Size = 0x200
                0x00000400                        _Min_Stack_Size = 0x400

.isr_vector     0x08000000       0xc0
                0x08000000                        . = ALIGN (0x4)
 *(.isr_vector)
 .isr_vector    0x08000000       0xc0 CMakeFiles/Code.elf.dir/Startup/startup_stm32f051c6tx.s.obj
                0x08000000                g_pfnVectors
                0x080000c0                        . = ALIGN (0x4)

.text           0x080000c0     0x17e4
                0x080000c0                        . = ALIGN (0x4)
 *(.text)
 .text          0x080000c0       0x98 /opt/local/lib/gcc/arm-none-eabi/13.1.0/thumb/v6-m/nofp/crtbegin.o
 .text          0x08000158      0x114 /opt/local/lib/gcc/arm-none-eabi/13.1.0/thumb/v6-m/nofp/libgcc.a(_udivsi3.o)
                0x08000158                __udivsi3
                0x08000158                __aeabi_uidiv
                0x08000264                __aeabi_uidivmod
 .text          0x0800026c        0x4 /opt/local/lib/gcc/arm-none-eabi/13.1.0/thumb/v6-m/nofp/libgcc.a(_dvmd_tls.o)
                0x0800026c                __aeabi_ldiv0
                0x0800026c                __aeabi_idiv0
 .text          0x08000270       0xa8 /opt/local/lib/gcc/arm-none-eabi/13.1.0/../../../../arm-none-eabi/lib/thumb/v6-m/nofp/libg.a(libc_a-memset.o)
                0x08000270                memset
 .text          0x08000318       0x48 /opt/local/lib/gcc/arm-none-eabi/13.1.0/../../../../arm-none-eabi/lib/thumb/v6-m/nofp/libg.a(libc_a-init.o)
                0x08000318                __libc_init_array
 *(.text*)
 .text.HAL_InitTick
                0x08000360       0x50 CMakeFiles/Code.elf.dir/Drivers/STM32F0xx_HAL_Driver/Src/stm32f0xx_hal.c.obj
                0x08000360                HAL_InitTick
 .text.HAL_Init
                0x080003b0       0x20 CMakeFiles/Code.elf.dir/Drivers/STM32F0xx_HAL_Driver/Src/stm32f0xx_hal.c.obj
                0x080003b0                HAL_Init
 .text.HAL_IncTick
                0x080003d0       0x18 CMakeFiles/Code.elf.dir/Drivers/STM32F0xx_HAL_Driver/Src/stm32f0xx_hal.c.obj
                0x080003d0                HAL_IncTick
 .text.HAL_GetTick
                0x080003e8        0xc CMakeFiles/Code.elf.dir/Drivers/STM32F0xx_HAL_Driver/Src/stm32f0xx_hal.c.obj
                0x080003e8                HAL_GetTick
 .text.__NVIC_SetPriority
                0x080003f4       0x60 CMakeFiles/Code.elf.dir/Drivers/STM32F0xx_HAL_Driver/Src/stm32f0xx_hal_cortex.c.obj
 .text.SysTick_Config
                0x08000454       0x38 CMakeFiles/Code.elf.dir/Drivers/STM32F0xx_HAL_Driver/Src/stm32f0xx_hal_cortex.c.obj
 .text.HAL_NVIC_SetPriority
                0x0800048c        0x8 CMakeFiles/Code.elf.dir/Drivers/STM32F0xx_HAL_Driver/Src/stm32f0xx_hal_cortex.c.obj
                0x0800048c                HAL_NVIC_SetPriority
 .text.HAL_NVIC_EnableIRQ
                0x08000494       0x18 CMakeFiles/Code.elf.dir/Drivers/STM32F0xx_HAL_Driver/Src/stm32f0xx_hal_cortex.c.obj
                0x08000494                HAL_NVIC_EnableIRQ
 .text.HAL_SYSTICK_Config
                0x080004ac        0x8 CMakeFiles/Code.elf.dir/Drivers/STM32F0xx_HAL_Driver/Src/stm32f0xx_hal_cortex.c.obj
                0x080004ac                HAL_SYSTICK_Config
 .text.DMA_CalcBaseAndBitshift
                0x080004b4       0x24 CMakeFiles/Code.elf.dir/Drivers/STM32F0xx_HAL_Driver/Src/stm32f0xx_hal_dma.c.obj
 .text.HAL_DMA_Init
                0x080004d8       0x50 CMakeFiles/Code.elf.dir/Drivers/STM32F0xx_HAL_Driver/Src/stm32f0xx_hal_dma.c.obj
                0x080004d8                HAL_DMA_Init
 .text.HAL_DMA_IRQHandler
                0x08000528       0xaa CMakeFiles/Code.elf.dir/Drivers/STM32F0xx_HAL_Driver/Src/stm32f0xx_hal_dma.c.obj
                0x08000528                HAL_DMA_IRQHandler
 *fill*         0x080005d2        0x2 
 .text.HAL_GPIO_Init
                0x080005d4      0x188 CMakeFiles/Code.elf.dir/Drivers/STM32F0xx_HAL_Driver/Src/stm32f0xx_hal_gpio.c.obj
                0x080005d4                HAL_GPIO_Init
 .text.HAL_GPIO_EXTI_IRQHandler
                0x0800075c       0x1c CMakeFiles/Code.elf.dir/Drivers/STM32F0xx_HAL_Driver/Src/stm32f0xx_hal_gpio.c.obj
                0x0800075c                HAL_GPIO_EXTI_IRQHandler
 .text.HAL_RCC_OscConfig
                0x08000778      0x49c CMakeFiles/Code.elf.dir/Drivers/STM32F0xx_HAL_Driver/Src/stm32f0xx_hal_rcc.c.obj
                0x08000778                HAL_RCC_OscConfig
 .text.HAL_RCC_GetSysClockFreq
                0x08000c14       0x54 CMakeFiles/Code.elf.dir/Drivers/STM32F0xx_HAL_Driver/Src/stm32f0xx_hal_rcc.c.obj
                0x08000c14                HAL_RCC_GetSysClockFreq
 .text.HAL_RCC_ClockConfig
                0x08000c68      0x134 CMakeFiles/Code.elf.dir/Drivers/STM32F0xx_HAL_Driver/Src/stm32f0xx_hal_rcc.c.obj
                0x08000c68                HAL_RCC_ClockConfig
 .text.TIM_OC1_SetConfig
                0x08000d9c       0x8c CMakeFiles/Code.elf.dir/Drivers/STM32F0xx_HAL_Driver/Src/stm32f0xx_hal_tim.c.obj
 .text.TIM_OC3_SetConfig
                0x08000e28       0x8c CMakeFiles/Code.elf.dir/Drivers/STM32F0xx_HAL_Driver/Src/stm32f0xx_hal_tim.c.obj
 .text.TIM_OC4_SetConfig
                0x08000eb4       0x74 CMakeFiles/Code.elf.dir/Drivers/STM32F0xx_HAL_Driver/Src/stm32f0xx_hal_tim.c.obj
 .text.TIM_Base_SetConfig
                0x08000f28       0xa4 CMakeFiles/Code.elf.dir/Drivers/STM32F0xx_HAL_Driver/Src/stm32f0xx_hal_tim.c.obj
                0x08000f28                TIM_Base_SetConfig
 .text.HAL_TIM_OC_Init
                0x08000fcc       0x58 CMakeFiles/Code.elf.dir/Drivers/STM32F0xx_HAL_Driver/Src/stm32f0xx_hal_tim.c.obj
                0x08000fcc                HAL_TIM_OC_Init
 .text.HAL_TIM_PWM_Init
                0x08001024       0x58 CMakeFiles/Code.elf.dir/Drivers/STM32F0xx_HAL_Driver/Src/stm32f0xx_hal_tim.c.obj
                0x08001024                HAL_TIM_PWM_Init
 .text.TIM_OC2_SetConfig
                0x0800107c       0x84 CMakeFiles/Code.elf.dir/Drivers/STM32F0xx_HAL_Driver/Src/stm32f0xx_hal_tim.c.obj
                0x0800107c                TIM_OC2_SetConfig
 .text.HAL_TIM_OC_ConfigChannel
                0x08001100       0x5a CMakeFiles/Code.elf.dir/Drivers/STM32F0xx_HAL_Driver/Src/stm32f0xx_hal_tim.c.obj
                0x08001100                HAL_TIM_OC_ConfigChannel
 *fill*         0x0800115a        0x2 
 .text.HAL_TIM_PWM_ConfigChannel
                0x0800115c       0xf0 CMakeFiles/Code.elf.dir/Drivers/STM32F0xx_HAL_Driver/Src/stm32f0xx_hal_tim.c.obj
                0x0800115c                HAL_TIM_PWM_ConfigChannel
 .text.HAL_TIMEx_MasterConfigSynchronization
                0x0800124c       0x6c CMakeFiles/Code.elf.dir/Drivers/STM32F0xx_HAL_Driver/Src/stm32f0xx_hal_tim_ex.c.obj
                0x0800124c                HAL_TIMEx_MasterConfigSynchronization
 .text.MX_DMA_Init
                0x080012b8       0x1c CMakeFiles/Code.elf.dir/Src/dma.c.obj
                0x080012b8                MX_DMA_Init
 .text.MX_GPIO_Init
                0x080012d4       0x64 CMakeFiles/Code.elf.dir/Src/gpio.c.obj
                0x080012d4                MX_GPIO_Init
 .text.MX_NVIC_Init
                0x08001338       0x24 CMakeFiles/Code.elf.dir/Src/main.c.obj
 .text.delay    0x0800135c       0x20 CMakeFiles/Code.elf.dir/Src/main.c.obj
                0x0800135c                delay
 .text.pulse_strobe
                0x0800137c       0x38 CMakeFiles/Code.elf.dir/Src/main.c.obj
                0x0800137c                pulse_strobe
 .text.lcd_command
                0x080013b4      0x130 CMakeFiles/Code.elf.dir/Src/main.c.obj
                0x080013b4                lcd_command
 .text.init_LCD
                0x080014e4       0x80 CMakeFiles/Code.elf.dir/Src/main.c.obj
                0x080014e4                init_LCD
 .text.HAL_GPIO_EXTI_Callback
                0x08001564        0x2 CMakeFiles/Code.elf.dir/Src/main.c.obj
                0x08001564                HAL_GPIO_EXTI_Callback
 .text.Error_Handler
                0x08001566        0x4 CMakeFiles/Code.elf.dir/Src/main.c.obj
                0x08001566                Error_Handler
 .text.SystemClock_Config
                0x0800156a       0x52 CMakeFiles/Code.elf.dir/Src/main.c.obj
                0x0800156a                SystemClock_Config
 .text.main     0x080015bc       0x30 CMakeFiles/Code.elf.dir/Src/main.c.obj
                0x080015bc                main
 .text.HAL_MspInit
                0x080015ec       0x30 CMakeFiles/Code.elf.dir/Src/stm32f0xx_hal_msp.c.obj
                0x080015ec                HAL_MspInit
 .text.NMI_Handler
                0x0800161c        0x2 CMakeFiles/Code.elf.dir/Src/stm32f0xx_it.c.obj
                0x0800161c                NMI_Handler
 .text.HardFault_Handler
                0x0800161e        0x2 CMakeFiles/Code.elf.dir/Src/stm32f0xx_it.c.obj
                0x0800161e                HardFault_Handler
 .text.SVC_Handler
                0x08001620        0x2 CMakeFiles/Code.elf.dir/Src/stm32f0xx_it.c.obj
                0x08001620                SVC_Handler
 .text.PendSV_Handler
                0x08001622        0x2 CMakeFiles/Code.elf.dir/Src/stm32f0xx_it.c.obj
                0x08001622                PendSV_Handler
 .text.SysTick_Handler
                0x08001624        0x8 CMakeFiles/Code.elf.dir/Src/stm32f0xx_it.c.obj
                0x08001624                SysTick_Handler
 .text.EXTI0_1_IRQHandler
                0x0800162c        0xa CMakeFiles/Code.elf.dir/Src/stm32f0xx_it.c.obj
                0x0800162c                EXTI0_1_IRQHandler
 *fill*         0x08001636        0x2 
 .text.DMA1_Channel4_5_IRQHandler
                0x08001638       0x10 CMakeFiles/Code.elf.dir/Src/stm32f0xx_it.c.obj
                0x08001638                DMA1_Channel4_5_IRQHandler
 .text.SystemInit
                0x08001648        0x2 CMakeFiles/Code.elf.dir/Src/system_stm32f0xx.c.obj
                0x08001648                SystemInit
 *fill*         0x0800164a        0x2 
 .text.MX_TIM2_Init
                0x0800164c       0x7c CMakeFiles/Code.elf.dir/Src/tim.c.obj
                0x0800164c                MX_TIM2_Init
 .text.HAL_TIM_OC_MspInit
                0x080016c8       0x6c CMakeFiles/Code.elf.dir/Src/tim.c.obj
                0x080016c8                HAL_TIM_OC_MspInit
 .text.HAL_TIM_PWM_MspInit
                0x08001734       0x2c CMakeFiles/Code.elf.dir/Src/tim.c.obj
                0x08001734                HAL_TIM_PWM_MspInit
 .text.HAL_TIM_MspPostInit
                0x08001760       0x50 CMakeFiles/Code.elf.dir/Src/tim.c.obj
                0x08001760                HAL_TIM_MspPostInit
 .text.MX_TIM3_Init
                0x080017b0       0x88 CMakeFiles/Code.elf.dir/Src/tim.c.obj
                0x080017b0                MX_TIM3_Init
 .text.Reset_Handler
                0x08001838       0x50 CMakeFiles/Code.elf.dir/Startup/startup_stm32f051c6tx.s.obj
                0x08001838                Reset_Handler
 .text.Default_Handler
                0x08001888        0x2 CMakeFiles/Code.elf.dir/Startup/startup_stm32f051c6tx.s.obj
                0x08001888                TIM1_BRK_UP_TRG_COM_IRQHandler
                0x08001888                TSC_IRQHandler
                0x08001888                ADC1_COMP_IRQHandler
                0x08001888                PVD_IRQHandler
                0x08001888                I2C1_IRQHandler
                0x08001888                RCC_CRS_IRQHandler
                0x08001888                SPI1_IRQHandler
                0x08001888                TIM6_DAC_IRQHandler
                0x08001888                EXTI2_3_IRQHandler
                0x08001888                I2C2_IRQHandler
                0x08001888                TIM17_IRQHandler
                0x08001888                CEC_CAN_IRQHandler
                0x08001888                RTC_IRQHandler
                0x08001888                TIM16_IRQHandler
                0x08001888                TIM3_IRQHandler
                0x08001888                EXTI4_15_IRQHandler
                0x08001888                DMA1_Channel1_IRQHandler
                0x08001888                Default_Handler
                0x08001888                TIM14_IRQHandler
                0x08001888                TIM15_IRQHandler
                0x08001888                SPI2_IRQHandler
                0x08001888                WWDG_IRQHandler
                0x08001888                TIM2_IRQHandler
                0x08001888                DMA1_Channel2_3_IRQHandler
                0x08001888                USART2_IRQHandler
                0x08001888                FLASH_IRQHandler
                0x08001888                USART1_IRQHandler
                0x08001888                TIM1_CC_IRQHandler
 *(.glue_7)
 .glue_7        0x0800188a        0x0 linker stubs
 *(.glue_7t)
 .glue_7t       0x0800188a        0x0 linker stubs
 *(.eh_frame)
 *fill*         0x0800188a        0x2 
 .eh_frame      0x0800188c        0x0 /opt/local/lib/gcc/arm-none-eabi/13.1.0/thumb/v6-m/nofp/crtbegin.o
 *(.init)
 .init          0x0800188c        0x4 /opt/local/lib/gcc/arm-none-eabi/13.1.0/thumb/v6-m/nofp/crti.o
                0x0800188c                _init
 .init          0x08001890        0x8 /opt/local/lib/gcc/arm-none-eabi/13.1.0/thumb/v6-m/nofp/crtn.o
 *(.fini)
 .fini          0x08001898        0x4 /opt/local/lib/gcc/arm-none-eabi/13.1.0/thumb/v6-m/nofp/crti.o
                0x08001898                _fini
 .fini          0x0800189c        0x8 /opt/local/lib/gcc/arm-none-eabi/13.1.0/thumb/v6-m/nofp/crtn.o
                0x080018a4                        . = ALIGN (0x4)
                0x080018a4                        _etext = .

.vfp11_veneer   0x080018a4        0x0
 .vfp11_veneer  0x080018a4        0x0 linker stubs

.v4_bx          0x080018a4        0x0
 .v4_bx         0x080018a4        0x0 linker stubs

.iplt           0x080018a4        0x0
 .iplt          0x080018a4        0x0 /opt/local/lib/gcc/arm-none-eabi/13.1.0/thumb/v6-m/nofp/crtbegin.o

.rodata         0x080018a4       0x30
                0x080018a4                        . = ALIGN (0x4)
 *(.rodata)
 *(.rodata*)
 .rodata.aPredivFactorTable.0
                0x080018a4       0x10 CMakeFiles/Code.elf.dir/Drivers/STM32F0xx_HAL_Driver/Src/stm32f0xx_hal_rcc.c.obj
 .rodata.aPLLMULFactorTable.1
                0x080018b4       0x10 CMakeFiles/Code.elf.dir/Drivers/STM32F0xx_HAL_Driver/Src/stm32f0xx_hal_rcc.c.obj
 .rodata.AHBPrescTable
                0x080018c4       0x10 CMakeFiles/Code.elf.dir/Src/system_stm32f0xx.c.obj
                0x080018c4                AHBPrescTable
                0x080018d4                        . = ALIGN (0x4)

.rel.dyn        0x080018d4        0x0
 .rel.iplt      0x080018d4        0x0 /opt/local/lib/gcc/arm-none-eabi/13.1.0/thumb/v6-m/nofp/crtbegin.o

.ARM.extab      0x080018d4        0x0
                0x080018d4                        . = ALIGN (0x4)
 *(.ARM.extab* .gnu.linkonce.armextab.*)
                0x080018d4                        . = ALIGN (0x4)

.ARM            0x080018d4        0x0
                0x080018d4                        . = ALIGN (0x4)
                0x080018d4                        __exidx_start = .
 *(.ARM.exidx*)
                0x080018d4                        __exidx_end = .
                0x080018d4                        . = ALIGN (0x4)

.preinit_array  0x080018d4        0x0
                0x080018d4                        . = ALIGN (0x4)
                0x080018d4                        PROVIDE (__preinit_array_start = .)
 *(.preinit_array*)
                0x080018d4                        PROVIDE (__preinit_array_end = .)
                0x080018d4                        . = ALIGN (0x4)

.init_array     0x080018d4        0x4
                0x080018d4                        . = ALIGN (0x4)
                0x080018d4                        PROVIDE (__init_array_start = .)
 *(SORT_BY_NAME(.init_array.*))
 *(.init_array*)
 .init_array    0x080018d4        0x4 /opt/local/lib/gcc/arm-none-eabi/13.1.0/thumb/v6-m/nofp/crtbegin.o
                0x080018d8                        PROVIDE (__init_array_end = .)
                0x080018d8                        . = ALIGN (0x4)

.fini_array     0x080018d8        0x4
                0x080018d8                        . = ALIGN (0x4)
                0x080018d8                        PROVIDE (__fini_array_start = .)
 *(SORT_BY_NAME(.fini_array.*))
 *(.fini_array*)
 .fini_array    0x080018d8        0x4 /opt/local/lib/gcc/arm-none-eabi/13.1.0/thumb/v6-m/nofp/crtbegin.o
                0x080018dc                        PROVIDE (__fini_array_end = .)
                0x080018dc                        . = ALIGN (0x4)
                0x080018dc                        _sidata = LOADADDR (.data)

.data           0x20000000        0xc load address 0x080018dc
                0x20000000                        . = ALIGN (0x4)
                0x20000000                        _sdata = .
 *(.data)
 *(.data*)
 .data.uwTickFreq
                0x20000000        0x1 CMakeFiles/Code.elf.dir/Drivers/STM32F0xx_HAL_Driver/Src/stm32f0xx_hal.c.obj
                0x20000000                uwTickFreq
 *fill*         0x20000001        0x3 
 .data.uwTickPrio
                0x20000004        0x4 CMakeFiles/Code.elf.dir/Drivers/STM32F0xx_HAL_Driver/Src/stm32f0xx_hal.c.obj
                0x20000004                uwTickPrio
 .data.SystemCoreClock
                0x20000008        0x4 CMakeFiles/Code.elf.dir/Src/system_stm32f0xx.c.obj
                0x20000008                SystemCoreClock
 *(.RamFunc)
 *(.RamFunc*)
                0x2000000c                        . = ALIGN (0x4)
                0x2000000c                        _edata = .

.tm_clone_table
                0x2000000c        0x0 load address 0x080018e8
 .tm_clone_table
                0x2000000c        0x0 /opt/local/lib/gcc/arm-none-eabi/13.1.0/thumb/v6-m/nofp/crtbegin.o
 .tm_clone_table
                0x2000000c        0x0 /opt/local/lib/gcc/arm-none-eabi/13.1.0/thumb/v6-m/nofp/crtend.o

.igot.plt       0x2000000c        0x0 load address 0x080018e8
 .igot.plt      0x2000000c        0x0 /opt/local/lib/gcc/arm-none-eabi/13.1.0/thumb/v6-m/nofp/crtbegin.o
                0x2000000c                        . = ALIGN (0x4)

.bss            0x2000000c       0xf4 load address 0x080018e8
                0x2000000c                        _sbss = .
                0x2000000c                        __bss_start__ = _sbss
 *(.bss)
 .bss           0x2000000c       0x1c /opt/local/lib/gcc/arm-none-eabi/13.1.0/thumb/v6-m/nofp/crtbegin.o
 *(.bss*)
 .bss.uwTick    0x20000028        0x4 CMakeFiles/Code.elf.dir/Drivers/STM32F0xx_HAL_Driver/Src/stm32f0xx_hal.c.obj
                0x20000028                uwTick
 .bss.hdma_tim2_ch1
                0x2000002c       0x44 CMakeFiles/Code.elf.dir/Src/tim.c.obj
                0x2000002c                hdma_tim2_ch1
 .bss.htim3     0x20000070       0x48 CMakeFiles/Code.elf.dir/Src/tim.c.obj
                0x20000070                htim3
 .bss.htim2     0x200000b8       0x48 CMakeFiles/Code.elf.dir/Src/tim.c.obj
                0x200000b8                htim2
 *(COMMON)
                0x20000100                        . = ALIGN (0x4)
                0x20000100                        _ebss = .
                0x20000100                        __bss_end__ = _ebss

._user_heap_stack
                0x20000100      0x600 load address 0x080018e8
                0x20000100                        . = ALIGN (0x8)
                [!provide]                        PROVIDE (end = .)
                0x20000100                        PROVIDE (_end = .)
                0x20000300                        . = (. + _Min_Heap_Size)
 *fill*         0x20000100      0x200 
                0x20000700                        . = (. + _Min_Stack_Size)
 *fill*         0x20000300      0x400 
                0x20000700                        . = ALIGN (0x8)

/DISCARD/
 libc.a(*)
 libm.a(*)
 libgcc.a(*)

.ARM.attributes
                0x00000000       0x28
 *(.ARM.attributes)
 .ARM.attributes
                0x00000000       0x1e /opt/local/lib/gcc/arm-none-eabi/13.1.0/thumb/v6-m/nofp/crti.o
 .ARM.attributes
                0x0000001e       0x2c /opt/local/lib/gcc/arm-none-eabi/13.1.0/thumb/v6-m/nofp/crtbegin.o
 .ARM.attributes
                0x0000004a       0x2c CMakeFiles/Code.elf.dir/Drivers/STM32F0xx_HAL_Driver/Src/stm32f0xx_hal.c.obj
 .ARM.attributes
                0x00000076       0x2c CMakeFiles/Code.elf.dir/Drivers/STM32F0xx_HAL_Driver/Src/stm32f0xx_hal_cortex.c.obj
 .ARM.attributes
                0x000000a2       0x2c CMakeFiles/Code.elf.dir/Drivers/STM32F0xx_HAL_Driver/Src/stm32f0xx_hal_dma.c.obj
 .ARM.attributes
                0x000000ce       0x2c CMakeFiles/Code.elf.dir/Drivers/STM32F0xx_HAL_Driver/Src/stm32f0xx_hal_gpio.c.obj
 .ARM.attributes
                0x000000fa       0x2c CMakeFiles/Code.elf.dir/Drivers/STM32F0xx_HAL_Driver/Src/stm32f0xx_hal_rcc.c.obj
 .ARM.attributes
                0x00000126       0x2c CMakeFiles/Code.elf.dir/Drivers/STM32F0xx_HAL_Driver/Src/stm32f0xx_hal_tim.c.obj
 .ARM.attributes
                0x00000152       0x2c CMakeFiles/Code.elf.dir/Drivers/STM32F0xx_HAL_Driver/Src/stm32f0xx_hal_tim_ex.c.obj
 .ARM.attributes
                0x0000017e       0x2c CMakeFiles/Code.elf.dir/Src/dma.c.obj
 .ARM.attributes
                0x000001aa       0x2c CMakeFiles/Code.elf.dir/Src/gpio.c.obj
 .ARM.attributes
                0x000001d6       0x2c CMakeFiles/Code.elf.dir/Src/main.c.obj
 .ARM.attributes
                0x00000202       0x2c CMakeFiles/Code.elf.dir/Src/stm32f0xx_hal_msp.c.obj
 .ARM.attributes
                0x0000022e       0x2c CMakeFiles/Code.elf.dir/Src/stm32f0xx_it.c.obj
 .ARM.attributes
                0x0000025a       0x2c CMakeFiles/Code.elf.dir/Src/system_stm32f0xx.c.obj
 .ARM.attributes
                0x00000286       0x2c CMakeFiles/Code.elf.dir/Src/tim.c.obj
 .ARM.attributes
                0x000002b2       0x21 CMakeFiles/Code.elf.dir/Startup/startup_stm32f051c6tx.s.obj
 .ARM.attributes
                0x000002d3       0x1e /opt/local/lib/gcc/arm-none-eabi/13.1.0/thumb/v6-m/nofp/libgcc.a(_udivsi3.o)
 .ARM.attributes
                0x000002f1       0x1e /opt/local/lib/gcc/arm-none-eabi/13.1.0/thumb/v6-m/nofp/libgcc.a(_dvmd_tls.o)
 .ARM.attributes
                0x0000030f       0x2c /opt/local/lib/gcc/arm-none-eabi/13.1.0/../../../../arm-none-eabi/lib/thumb/v6-m/nofp/libg.a(libc_a-memset.o)
 .ARM.attributes
                0x0000033b       0x2c /opt/local/lib/gcc/arm-none-eabi/13.1.0/../../../../arm-none-eabi/lib/thumb/v6-m/nofp/libg.a(libc_a-init.o)
 .ARM.attributes
                0x00000367       0x2c /opt/local/lib/gcc/arm-none-eabi/13.1.0/thumb/v6-m/nofp/crtend.o
 .ARM.attributes
                0x00000393       0x1e /opt/local/lib/gcc/arm-none-eabi/13.1.0/thumb/v6-m/nofp/crtn.o
OUTPUT(Code.elf elf32-littlearm)
LOAD linker stubs
LOAD /opt/local/lib/gcc/arm-none-eabi/13.1.0/../../../../arm-none-eabi/lib/thumb/v6-m/nofp/libc.a
LOAD /opt/local/lib/gcc/arm-none-eabi/13.1.0/../../../../arm-none-eabi/lib/thumb/v6-m/nofp/libm.a
LOAD /opt/local/lib/gcc/arm-none-eabi/13.1.0/thumb/v6-m/nofp/libgcc.a

.comment        0x00000000       0x12
 .comment       0x00000000       0x12 /opt/local/lib/gcc/arm-none-eabi/13.1.0/thumb/v6-m/nofp/crtbegin.o
                                 0x13 (size before relaxing)
 .comment       0x00000012       0x13 CMakeFiles/Code.elf.dir/Drivers/STM32F0xx_HAL_Driver/Src/stm32f0xx_hal.c.obj
 .comment       0x00000012       0x13 CMakeFiles/Code.elf.dir/Drivers/STM32F0xx_HAL_Driver/Src/stm32f0xx_hal_cortex.c.obj
 .comment       0x00000012       0x13 CMakeFiles/Code.elf.dir/Drivers/STM32F0xx_HAL_Driver/Src/stm32f0xx_hal_dma.c.obj
 .comment       0x00000012       0x13 CMakeFiles/Code.elf.dir/Drivers/STM32F0xx_HAL_Driver/Src/stm32f0xx_hal_gpio.c.obj
 .comment       0x00000012       0x13 CMakeFiles/Code.elf.dir/Drivers/STM32F0xx_HAL_Driver/Src/stm32f0xx_hal_rcc.c.obj
 .comment       0x00000012       0x13 CMakeFiles/Code.elf.dir/Drivers/STM32F0xx_HAL_Driver/Src/stm32f0xx_hal_tim.c.obj
 .comment       0x00000012       0x13 CMakeFiles/Code.elf.dir/Drivers/STM32F0xx_HAL_Driver/Src/stm32f0xx_hal_tim_ex.c.obj
 .comment       0x00000012       0x13 CMakeFiles/Code.elf.dir/Src/dma.c.obj
 .comment       0x00000012       0x13 CMakeFiles/Code.elf.dir/Src/gpio.c.obj
 .comment       0x00000012       0x13 CMakeFiles/Code.elf.dir/Src/main.c.obj
 .comment       0x00000012       0x13 CMakeFiles/Code.elf.dir/Src/stm32f0xx_hal_msp.c.obj
 .comment       0x00000012       0x13 CMakeFiles/Code.elf.dir/Src/stm32f0xx_it.c.obj
 .comment       0x00000012       0x13 CMakeFiles/Code.elf.dir/Src/system_stm32f0xx.c.obj
 .comment       0x00000012       0x13 CMakeFiles/Code.elf.dir/Src/tim.c.obj
 .comment       0x00000012       0x13 /opt/local/lib/gcc/arm-none-eabi/13.1.0/../../../../arm-none-eabi/lib/thumb/v6-m/nofp/libg.a(libc_a-memset.o)
 .comment       0x00000012       0x13 /opt/local/lib/gcc/arm-none-eabi/13.1.0/../../../../arm-none-eabi/lib/thumb/v6-m/nofp/libg.a(libc_a-init.o)
 .comment       0x00000012       0x13 /opt/local/lib/gcc/arm-none-eabi/13.1.0/thumb/v6-m/nofp/crtend.o

.debug_info     0x00000000     0xa3b5
 .debug_info    0x00000000      0x74c CMakeFiles/Code.elf.dir/Drivers/STM32F0xx_HAL_Driver/Src/stm32f0xx_hal.c.obj
 .debug_info    0x0000074c      0x7f3 CMakeFiles/Code.elf.dir/Drivers/STM32F0xx_HAL_Driver/Src/stm32f0xx_hal_cortex.c.obj
 .debug_info    0x00000f3f      0x85a CMakeFiles/Code.elf.dir/Drivers/STM32F0xx_HAL_Driver/Src/stm32f0xx_hal_dma.c.obj
 .debug_info    0x00001799      0x5ec CMakeFiles/Code.elf.dir/Drivers/STM32F0xx_HAL_Driver/Src/stm32f0xx_hal_gpio.c.obj
 .debug_info    0x00001d85      0xa29 CMakeFiles/Code.elf.dir/Drivers/STM32F0xx_HAL_Driver/Src/stm32f0xx_hal_rcc.c.obj
 .debug_info    0x000027ae     0x3b7c CMakeFiles/Code.elf.dir/Drivers/STM32F0xx_HAL_Driver/Src/stm32f0xx_hal_tim.c.obj
 .debug_info    0x0000632a     0x1a01 CMakeFiles/Code.elf.dir/Drivers/STM32F0xx_HAL_Driver/Src/stm32f0xx_hal_tim_ex.c.obj
 .debug_info    0x00007d2b      0x17c CMakeFiles/Code.elf.dir/Src/dma.c.obj
 .debug_info    0x00007ea7      0x32f CMakeFiles/Code.elf.dir/Src/gpio.c.obj
 .debug_info    0x000081d6      0xa3f CMakeFiles/Code.elf.dir/Src/main.c.obj
 .debug_info    0x00008c15      0x195 CMakeFiles/Code.elf.dir/Src/stm32f0xx_hal_msp.c.obj
 .debug_info    0x00008daa      0x39b CMakeFiles/Code.elf.dir/Src/stm32f0xx_it.c.obj
 .debug_info    0x00009145      0x264 CMakeFiles/Code.elf.dir/Src/system_stm32f0xx.c.obj
 .debug_info    0x000093a9      0xd22 CMakeFiles/Code.elf.dir/Src/tim.c.obj
 .debug_info    0x0000a0cb       0x30 CMakeFiles/Code.elf.dir/Startup/startup_stm32f051c6tx.s.obj
 .debug_info    0x0000a0fb       0x3e /opt/local/lib/gcc/arm-none-eabi/13.1.0/thumb/v6-m/nofp/libgcc.a(_udivsi3.o)
 .debug_info    0x0000a139       0x3c /opt/local/lib/gcc/arm-none-eabi/13.1.0/thumb/v6-m/nofp/libgcc.a(_dvmd_tls.o)
 .debug_info    0x0000a175      0x135 /opt/local/lib/gcc/arm-none-eabi/13.1.0/../../../../arm-none-eabi/lib/thumb/v6-m/nofp/libg.a(libc_a-memset.o)
 .debug_info    0x0000a2aa      0x10b /opt/local/lib/gcc/arm-none-eabi/13.1.0/../../../../arm-none-eabi/lib/thumb/v6-m/nofp/libg.a(libc_a-init.o)

.debug_abbrev   0x00000000     0x1d57
 .debug_abbrev  0x00000000      0x265 CMakeFiles/Code.elf.dir/Drivers/STM32F0xx_HAL_Driver/Src/stm32f0xx_hal.c.obj
 .debug_abbrev  0x00000265      0x2ec CMakeFiles/Code.elf.dir/Drivers/STM32F0xx_HAL_Driver/Src/stm32f0xx_hal_cortex.c.obj
 .debug_abbrev  0x00000551      0x1f6 CMakeFiles/Code.elf.dir/Drivers/STM32F0xx_HAL_Driver/Src/stm32f0xx_hal_dma.c.obj
 .debug_abbrev  0x00000747      0x1f8 CMakeFiles/Code.elf.dir/Drivers/STM32F0xx_HAL_Driver/Src/stm32f0xx_hal_gpio.c.obj
 .debug_abbrev  0x0000093f      0x29d CMakeFiles/Code.elf.dir/Drivers/STM32F0xx_HAL_Driver/Src/stm32f0xx_hal_rcc.c.obj
 .debug_abbrev  0x00000bdc      0x285 CMakeFiles/Code.elf.dir/Drivers/STM32F0xx_HAL_Driver/Src/stm32f0xx_hal_tim.c.obj
 .debug_abbrev  0x00000e61      0x283 CMakeFiles/Code.elf.dir/Drivers/STM32F0xx_HAL_Driver/Src/stm32f0xx_hal_tim_ex.c.obj
 .debug_abbrev  0x000010e4       0xb7 CMakeFiles/Code.elf.dir/Src/dma.c.obj
 .debug_abbrev  0x0000119b      0x159 CMakeFiles/Code.elf.dir/Src/gpio.c.obj
 .debug_abbrev  0x000012f4      0x2ba CMakeFiles/Code.elf.dir/Src/main.c.obj
 .debug_abbrev  0x000015ae       0xc4 CMakeFiles/Code.elf.dir/Src/stm32f0xx_hal_msp.c.obj
 .debug_abbrev  0x00001672      0x154 CMakeFiles/Code.elf.dir/Src/stm32f0xx_it.c.obj
 .debug_abbrev  0x000017c6      0x136 CMakeFiles/Code.elf.dir/Src/system_stm32f0xx.c.obj
 .debug_abbrev  0x000018fc      0x269 CMakeFiles/Code.elf.dir/Src/tim.c.obj
 .debug_abbrev  0x00001b65       0x24 CMakeFiles/Code.elf.dir/Startup/startup_stm32f051c6tx.s.obj
 .debug_abbrev  0x00001b89       0x28 /opt/local/lib/gcc/arm-none-eabi/13.1.0/thumb/v6-m/nofp/libgcc.a(_udivsi3.o)
 .debug_abbrev  0x00001bb1       0x26 /opt/local/lib/gcc/arm-none-eabi/13.1.0/thumb/v6-m/nofp/libgcc.a(_dvmd_tls.o)
 .debug_abbrev  0x00001bd7       0xb7 /opt/local/lib/gcc/arm-none-eabi/13.1.0/../../../../arm-none-eabi/lib/thumb/v6-m/nofp/libg.a(libc_a-memset.o)
 .debug_abbrev  0x00001c8e       0xc9 /opt/local/lib/gcc/arm-none-eabi/13.1.0/../../../../arm-none-eabi/lib/thumb/v6-m/nofp/libg.a(libc_a-init.o)

.debug_loclists
                0x00000000     0x6ae3
 .debug_loclists
                0x00000000       0xe1 CMakeFiles/Code.elf.dir/Drivers/STM32F0xx_HAL_Driver/Src/stm32f0xx_hal.c.obj
 .debug_loclists
                0x000000e1      0x208 CMakeFiles/Code.elf.dir/Drivers/STM32F0xx_HAL_Driver/Src/stm32f0xx_hal_cortex.c.obj
 .debug_loclists
                0x000002e9      0x642 CMakeFiles/Code.elf.dir/Drivers/STM32F0xx_HAL_Driver/Src/stm32f0xx_hal_dma.c.obj
 .debug_loclists
                0x0000092b      0x28d CMakeFiles/Code.elf.dir/Drivers/STM32F0xx_HAL_Driver/Src/stm32f0xx_hal_gpio.c.obj
 .debug_loclists
                0x00000bb8      0x41c CMakeFiles/Code.elf.dir/Drivers/STM32F0xx_HAL_Driver/Src/stm32f0xx_hal_rcc.c.obj
 .debug_loclists
                0x00000fd4     0x3de4 CMakeFiles/Code.elf.dir/Drivers/STM32F0xx_HAL_Driver/Src/stm32f0xx_hal_tim.c.obj
 .debug_loclists
                0x00004db8     0x187a CMakeFiles/Code.elf.dir/Drivers/STM32F0xx_HAL_Driver/Src/stm32f0xx_hal_tim_ex.c.obj
 .debug_loclists
                0x00006632       0xff CMakeFiles/Code.elf.dir/Src/main.c.obj
 .debug_loclists
                0x00006731       0xf5 CMakeFiles/Code.elf.dir/Src/system_stm32f0xx.c.obj
 .debug_loclists
                0x00006826       0x9d CMakeFiles/Code.elf.dir/Src/tim.c.obj
 .debug_loclists
                0x000068c3      0x1c6 /opt/local/lib/gcc/arm-none-eabi/13.1.0/../../../../arm-none-eabi/lib/thumb/v6-m/nofp/libg.a(libc_a-memset.o)
 .debug_loclists
                0x00006a89       0x5a /opt/local/lib/gcc/arm-none-eabi/13.1.0/../../../../arm-none-eabi/lib/thumb/v6-m/nofp/libg.a(libc_a-init.o)

.debug_aranges  0x00000000      0xa40
 .debug_aranges
                0x00000000       0xd0 CMakeFiles/Code.elf.dir/Drivers/STM32F0xx_HAL_Driver/Src/stm32f0xx_hal.c.obj
 .debug_aranges
                0x000000d0       0x98 CMakeFiles/Code.elf.dir/Drivers/STM32F0xx_HAL_Driver/Src/stm32f0xx_hal_cortex.c.obj
 .debug_aranges
                0x00000168       0x88 CMakeFiles/Code.elf.dir/Drivers/STM32F0xx_HAL_Driver/Src/stm32f0xx_hal_dma.c.obj
 .debug_aranges
                0x000001f0       0x58 CMakeFiles/Code.elf.dir/Drivers/STM32F0xx_HAL_Driver/Src/stm32f0xx_hal_gpio.c.obj
 .debug_aranges
                0x00000248       0x80 CMakeFiles/Code.elf.dir/Drivers/STM32F0xx_HAL_Driver/Src/stm32f0xx_hal_rcc.c.obj
 .debug_aranges
                0x000002c8      0x3d0 CMakeFiles/Code.elf.dir/Drivers/STM32F0xx_HAL_Driver/Src/stm32f0xx_hal_tim.c.obj
 .debug_aranges
                0x00000698      0x168 CMakeFiles/Code.elf.dir/Drivers/STM32F0xx_HAL_Driver/Src/stm32f0xx_hal_tim_ex.c.obj
 .debug_aranges
                0x00000800       0x20 CMakeFiles/Code.elf.dir/Src/dma.c.obj
 .debug_aranges
                0x00000820       0x20 CMakeFiles/Code.elf.dir/Src/gpio.c.obj
 .debug_aranges
                0x00000840       0x70 CMakeFiles/Code.elf.dir/Src/main.c.obj
 .debug_aranges
                0x000008b0       0x20 CMakeFiles/Code.elf.dir/Src/stm32f0xx_hal_msp.c.obj
 .debug_aranges
                0x000008d0       0x50 CMakeFiles/Code.elf.dir/Src/stm32f0xx_it.c.obj
 .debug_aranges
                0x00000920       0x28 CMakeFiles/Code.elf.dir/Src/system_stm32f0xx.c.obj
 .debug_aranges
                0x00000948       0x50 CMakeFiles/Code.elf.dir/Src/tim.c.obj
 .debug_aranges
                0x00000998       0x28 CMakeFiles/Code.elf.dir/Startup/startup_stm32f051c6tx.s.obj
 .debug_aranges
                0x000009c0       0x20 /opt/local/lib/gcc/arm-none-eabi/13.1.0/thumb/v6-m/nofp/libgcc.a(_udivsi3.o)
 .debug_aranges
                0x000009e0       0x20 /opt/local/lib/gcc/arm-none-eabi/13.1.0/thumb/v6-m/nofp/libgcc.a(_dvmd_tls.o)
 .debug_aranges
                0x00000a00       0x20 /opt/local/lib/gcc/arm-none-eabi/13.1.0/../../../../arm-none-eabi/lib/thumb/v6-m/nofp/libg.a(libc_a-memset.o)
 .debug_aranges
                0x00000a20       0x20 /opt/local/lib/gcc/arm-none-eabi/13.1.0/../../../../arm-none-eabi/lib/thumb/v6-m/nofp/libg.a(libc_a-init.o)

.debug_rnglists
                0x00000000      0x76c
 .debug_rnglists
                0x00000000       0x97 CMakeFiles/Code.elf.dir/Drivers/STM32F0xx_HAL_Driver/Src/stm32f0xx_hal.c.obj
 .debug_rnglists
                0x00000097       0x79 CMakeFiles/Code.elf.dir/Drivers/STM32F0xx_HAL_Driver/Src/stm32f0xx_hal_cortex.c.obj
 .debug_rnglists
                0x00000110       0x63 CMakeFiles/Code.elf.dir/Drivers/STM32F0xx_HAL_Driver/Src/stm32f0xx_hal_dma.c.obj
 .debug_rnglists
                0x00000173       0x3f CMakeFiles/Code.elf.dir/Drivers/STM32F0xx_HAL_Driver/Src/stm32f0xx_hal_gpio.c.obj
 .debug_rnglists
                0x000001b2       0x6e CMakeFiles/Code.elf.dir/Drivers/STM32F0xx_HAL_Driver/Src/stm32f0xx_hal_rcc.c.obj
 .debug_rnglists
                0x00000220      0x305 CMakeFiles/Code.elf.dir/Drivers/STM32F0xx_HAL_Driver/Src/stm32f0xx_hal_tim.c.obj
 .debug_rnglists
                0x00000525      0x11a CMakeFiles/Code.elf.dir/Drivers/STM32F0xx_HAL_Driver/Src/stm32f0xx_hal_tim_ex.c.obj
 .debug_rnglists
                0x0000063f       0x13 CMakeFiles/Code.elf.dir/Src/dma.c.obj
 .debug_rnglists
                0x00000652       0x13 CMakeFiles/Code.elf.dir/Src/gpio.c.obj
 .debug_rnglists
                0x00000665       0x52 CMakeFiles/Code.elf.dir/Src/main.c.obj
 .debug_rnglists
                0x000006b7       0x13 CMakeFiles/Code.elf.dir/Src/stm32f0xx_hal_msp.c.obj
 .debug_rnglists
                0x000006ca       0x37 CMakeFiles/Code.elf.dir/Src/stm32f0xx_it.c.obj
 .debug_rnglists
                0x00000701       0x1a CMakeFiles/Code.elf.dir/Src/system_stm32f0xx.c.obj
 .debug_rnglists
                0x0000071b       0x38 CMakeFiles/Code.elf.dir/Src/tim.c.obj
 .debug_rnglists
                0x00000753       0x19 CMakeFiles/Code.elf.dir/Startup/startup_stm32f051c6tx.s.obj

.debug_line     0x00000000     0xaecb
 .debug_line    0x00000000      0x611 CMakeFiles/Code.elf.dir/Drivers/STM32F0xx_HAL_Driver/Src/stm32f0xx_hal.c.obj
 .debug_line    0x00000611      0x5cc CMakeFiles/Code.elf.dir/Drivers/STM32F0xx_HAL_Driver/Src/stm32f0xx_hal_cortex.c.obj
 .debug_line    0x00000bdd      0xae9 CMakeFiles/Code.elf.dir/Drivers/STM32F0xx_HAL_Driver/Src/stm32f0xx_hal_dma.c.obj
 .debug_line    0x000016c6      0x743 CMakeFiles/Code.elf.dir/Drivers/STM32F0xx_HAL_Driver/Src/stm32f0xx_hal_gpio.c.obj
 .debug_line    0x00001e09      0xcc7 CMakeFiles/Code.elf.dir/Drivers/STM32F0xx_HAL_Driver/Src/stm32f0xx_hal_rcc.c.obj
 .debug_line    0x00002ad0     0x49fb CMakeFiles/Code.elf.dir/Drivers/STM32F0xx_HAL_Driver/Src/stm32f0xx_hal_tim.c.obj
 .debug_line    0x000074cb     0x1b5c CMakeFiles/Code.elf.dir/Drivers/STM32F0xx_HAL_Driver/Src/stm32f0xx_hal_tim_ex.c.obj
 .debug_line    0x00009027      0x19b CMakeFiles/Code.elf.dir/Src/dma.c.obj
 .debug_line    0x000091c2      0x25e CMakeFiles/Code.elf.dir/Src/gpio.c.obj
 .debug_line    0x00009420      0x7db CMakeFiles/Code.elf.dir/Src/main.c.obj
 .debug_line    0x00009bfb      0x1b0 CMakeFiles/Code.elf.dir/Src/stm32f0xx_hal_msp.c.obj
 .debug_line    0x00009dab      0x2f9 CMakeFiles/Code.elf.dir/Src/stm32f0xx_it.c.obj
 .debug_line    0x0000a0a4      0x265 CMakeFiles/Code.elf.dir/Src/system_stm32f0xx.c.obj
 .debug_line    0x0000a309      0x5d7 CMakeFiles/Code.elf.dir/Src/tim.c.obj
 .debug_line    0x0000a8e0       0x7b CMakeFiles/Code.elf.dir/Startup/startup_stm32f051c6tx.s.obj
 .debug_line    0x0000a95b       0x56 /opt/local/lib/gcc/arm-none-eabi/13.1.0/thumb/v6-m/nofp/libgcc.a(_udivsi3.o)
 .debug_line    0x0000a9b1       0x4a /opt/local/lib/gcc/arm-none-eabi/13.1.0/thumb/v6-m/nofp/libgcc.a(_dvmd_tls.o)
 .debug_line    0x0000a9fb      0x2f2 /opt/local/lib/gcc/arm-none-eabi/13.1.0/../../../../arm-none-eabi/lib/thumb/v6-m/nofp/libg.a(libc_a-memset.o)
 .debug_line    0x0000aced      0x1de /opt/local/lib/gcc/arm-none-eabi/13.1.0/../../../../arm-none-eabi/lib/thumb/v6-m/nofp/libg.a(libc_a-init.o)

.debug_str      0x00000000     0x35df
 .debug_str     0x00000000      0x721 CMakeFiles/Code.elf.dir/Drivers/STM32F0xx_HAL_Driver/Src/stm32f0xx_hal.c.obj
                                0x775 (size before relaxing)
 .debug_str     0x00000721      0x2dd CMakeFiles/Code.elf.dir/Drivers/STM32F0xx_HAL_Driver/Src/stm32f0xx_hal_cortex.c.obj
                                0x6b6 (size before relaxing)
 .debug_str     0x000009fe      0x462 CMakeFiles/Code.elf.dir/Drivers/STM32F0xx_HAL_Driver/Src/stm32f0xx_hal_dma.c.obj
                                0x6b3 (size before relaxing)
 .debug_str     0x00000e60      0x219 CMakeFiles/Code.elf.dir/Drivers/STM32F0xx_HAL_Driver/Src/stm32f0xx_hal_gpio.c.obj
                                0x490 (size before relaxing)
 .debug_str     0x00001079      0x38e CMakeFiles/Code.elf.dir/Drivers/STM32F0xx_HAL_Driver/Src/stm32f0xx_hal_rcc.c.obj
                                0x6f1 (size before relaxing)
 .debug_str     0x00001407     0x1239 CMakeFiles/Code.elf.dir/Drivers/STM32F0xx_HAL_Driver/Src/stm32f0xx_hal_tim.c.obj
                               0x1705 (size before relaxing)
 .debug_str     0x00002640      0x5b0 CMakeFiles/Code.elf.dir/Drivers/STM32F0xx_HAL_Driver/Src/stm32f0xx_hal_tim_ex.c.obj
                                0xf21 (size before relaxing)
 .debug_str     0x00002bf0       0x6b CMakeFiles/Code.elf.dir/Src/dma.c.obj
                                0x282 (size before relaxing)
 .debug_str     0x00002c5b       0x8e CMakeFiles/Code.elf.dir/Src/gpio.c.obj
                                0x32b (size before relaxing)
 .debug_str     0x00002ce9      0x169 CMakeFiles/Code.elf.dir/Src/main.c.obj
                                0x7cb (size before relaxing)
 .debug_str     0x00002e52       0x6d CMakeFiles/Code.elf.dir/Src/stm32f0xx_hal_msp.c.obj
                                0x290 (size before relaxing)
 .debug_str     0x00002ebf       0xed CMakeFiles/Code.elf.dir/Src/stm32f0xx_it.c.obj
                                0x4cd (size before relaxing)
 .debug_str     0x00002fac       0xac CMakeFiles/Code.elf.dir/Src/system_stm32f0xx.c.obj
                                0x308 (size before relaxing)
 .debug_str     0x00003058       0xae CMakeFiles/Code.elf.dir/Src/tim.c.obj
                                0xa28 (size before relaxing)
 .debug_str     0x00003106       0x8f CMakeFiles/Code.elf.dir/Startup/startup_stm32f051c6tx.s.obj
                                 0xf6 (size before relaxing)
 .debug_str     0x00003195      0x167 /opt/local/lib/gcc/arm-none-eabi/13.1.0/thumb/v6-m/nofp/libgcc.a(_udivsi3.o)
                                0x173 (size before relaxing)
 .debug_str     0x000032fc       0x1c /opt/local/lib/gcc/arm-none-eabi/13.1.0/thumb/v6-m/nofp/libgcc.a(_dvmd_tls.o)
                                0x174 (size before relaxing)
 .debug_str     0x00003318      0x1c2 /opt/local/lib/gcc/arm-none-eabi/13.1.0/../../../../arm-none-eabi/lib/thumb/v6-m/nofp/libg.a(libc_a-memset.o)
                                0x25e (size before relaxing)
 .debug_str     0x000034da      0x105 /opt/local/lib/gcc/arm-none-eabi/13.1.0/../../../../arm-none-eabi/lib/thumb/v6-m/nofp/libg.a(libc_a-init.o)
                                0x2ab (size before relaxing)

.debug_frame    0x00000000     0x18c4
 .debug_frame   0x00000000      0x1ac CMakeFiles/Code.elf.dir/Drivers/STM32F0xx_HAL_Driver/Src/stm32f0xx_hal.c.obj
 .debug_frame   0x000001ac      0x144 CMakeFiles/Code.elf.dir/Drivers/STM32F0xx_HAL_Driver/Src/stm32f0xx_hal_cortex.c.obj
 .debug_frame   0x000002f0      0x168 CMakeFiles/Code.elf.dir/Drivers/STM32F0xx_HAL_Driver/Src/stm32f0xx_hal_dma.c.obj
 .debug_frame   0x00000458       0xc0 CMakeFiles/Code.elf.dir/Drivers/STM32F0xx_HAL_Driver/Src/stm32f0xx_hal_gpio.c.obj
 .debug_frame   0x00000518      0x134 CMakeFiles/Code.elf.dir/Drivers/STM32F0xx_HAL_Driver/Src/stm32f0xx_hal_rcc.c.obj
 .debug_frame   0x0000064c      0xadc CMakeFiles/Code.elf.dir/Drivers/STM32F0xx_HAL_Driver/Src/stm32f0xx_hal_tim.c.obj
 .debug_frame   0x00001128      0x420 CMakeFiles/Code.elf.dir/Drivers/STM32F0xx_HAL_Driver/Src/stm32f0xx_hal_tim_ex.c.obj
 .debug_frame   0x00001548       0x24 CMakeFiles/Code.elf.dir/Src/dma.c.obj
 .debug_frame   0x0000156c       0x28 CMakeFiles/Code.elf.dir/Src/gpio.c.obj
 .debug_frame   0x00001594      0x10c CMakeFiles/Code.elf.dir/Src/main.c.obj
 .debug_frame   0x000016a0       0x24 CMakeFiles/Code.elf.dir/Src/stm32f0xx_hal_msp.c.obj
 .debug_frame   0x000016c4       0x98 CMakeFiles/Code.elf.dir/Src/stm32f0xx_it.c.obj
 .debug_frame   0x0000175c       0x38 CMakeFiles/Code.elf.dir/Src/system_stm32f0xx.c.obj
 .debug_frame   0x00001794       0xb4 CMakeFiles/Code.elf.dir/Src/tim.c.obj
 .debug_frame   0x00001848       0x20 /opt/local/lib/gcc/arm-none-eabi/13.1.0/thumb/v6-m/nofp/libgcc.a(_udivsi3.o)
 .debug_frame   0x00001868       0x30 /opt/local/lib/gcc/arm-none-eabi/13.1.0/../../../../arm-none-eabi/lib/thumb/v6-m/nofp/libg.a(libc_a-memset.o)
 .debug_frame   0x00001898       0x2c /opt/local/lib/gcc/arm-none-eabi/13.1.0/../../../../arm-none-eabi/lib/thumb/v6-m/nofp/libg.a(libc_a-init.o)

.debug_line_str
                0x00000000      0x228
 .debug_line_str
                0x00000000       0xdc CMakeFiles/Code.elf.dir/Startup/startup_stm32f051c6tx.s.obj
 .debug_line_str
                0x000000dc      0x14c /opt/local/lib/gcc/arm-none-eabi/13.1.0/thumb/v6-m/nofp/libgcc.a(_udivsi3.o)
 .debug_line_str
                0x00000228      0x14c /opt/local/lib/gcc/arm-none-eabi/13.1.0/thumb/v6-m/nofp/libgcc.a(_dvmd_tls.o)
