Archive member included to satisfy reference by file (symbol)

/opt/local/lib/gcc/arm-none-eabi/13.1.0/thumb/v6-m/nofp/libgcc.a(_udivsi3.o)
                              CMakeFiles/Code_Prac3.elf.dir/Drivers/STM32F0xx_HAL_Driver/Src/stm32f0xx_hal.c.obj (__aeabi_uidiv)
/opt/local/lib/gcc/arm-none-eabi/13.1.0/thumb/v6-m/nofp/libgcc.a(_dvmd_tls.o)
                              /opt/local/lib/gcc/arm-none-eabi/13.1.0/thumb/v6-m/nofp/libgcc.a(_udivsi3.o) (__aeabi_idiv0)
/opt/local/lib/gcc/arm-none-eabi/13.1.0/../../../../arm-none-eabi/lib/thumb/v6-m/nofp/libg.a(libc_a-atexit.o)
                              /opt/local/lib/gcc/arm-none-eabi/13.1.0/../../../../arm-none-eabi/lib/thumb/v6-m/nofp/crt0.o (atexit)
/opt/local/lib/gcc/arm-none-eabi/13.1.0/../../../../arm-none-eabi/lib/thumb/v6-m/nofp/libg.a(libc_a-exit.o)
                              /opt/local/lib/gcc/arm-none-eabi/13.1.0/../../../../arm-none-eabi/lib/thumb/v6-m/nofp/crt0.o (exit)
/opt/local/lib/gcc/arm-none-eabi/13.1.0/../../../../arm-none-eabi/lib/thumb/v6-m/nofp/libg.a(libc_a-findfp.o)
                              /opt/local/lib/gcc/arm-none-eabi/13.1.0/../../../../arm-none-eabi/lib/thumb/v6-m/nofp/libg.a(libc_a-exit.o) (__stdio_exit_handler)
/opt/local/lib/gcc/arm-none-eabi/13.1.0/../../../../arm-none-eabi/lib/thumb/v6-m/nofp/libg.a(libc_a-fwalk.o)
                              /opt/local/lib/gcc/arm-none-eabi/13.1.0/../../../../arm-none-eabi/lib/thumb/v6-m/nofp/libg.a(libc_a-findfp.o) (_fwalk_sglue)
/opt/local/lib/gcc/arm-none-eabi/13.1.0/../../../../arm-none-eabi/lib/thumb/v6-m/nofp/libg.a(libc_a-memset.o)
                              /opt/local/lib/gcc/arm-none-eabi/13.1.0/../../../../arm-none-eabi/lib/thumb/v6-m/nofp/crt0.o (memset)
/opt/local/lib/gcc/arm-none-eabi/13.1.0/../../../../arm-none-eabi/lib/thumb/v6-m/nofp/libg.a(libc_a-impure.o)
                              /opt/local/lib/gcc/arm-none-eabi/13.1.0/../../../../arm-none-eabi/lib/thumb/v6-m/nofp/libg.a(libc_a-findfp.o) (_impure_data)
/opt/local/lib/gcc/arm-none-eabi/13.1.0/../../../../arm-none-eabi/lib/thumb/v6-m/nofp/libg.a(libc_a-errno.o)
                              CMakeFiles/Code_Prac3.elf.dir/Src/syscalls.c.obj (__errno)
/opt/local/lib/gcc/arm-none-eabi/13.1.0/../../../../arm-none-eabi/lib/thumb/v6-m/nofp/libg.a(libc_a-init.o)
                              /opt/local/lib/gcc/arm-none-eabi/13.1.0/../../../../arm-none-eabi/lib/thumb/v6-m/nofp/crt0.o (__libc_init_array)
/opt/local/lib/gcc/arm-none-eabi/13.1.0/../../../../arm-none-eabi/lib/thumb/v6-m/nofp/libg.a(libc_a-fini.o)
                              /opt/local/lib/gcc/arm-none-eabi/13.1.0/../../../../arm-none-eabi/lib/thumb/v6-m/nofp/crt0.o (__libc_fini_array)
/opt/local/lib/gcc/arm-none-eabi/13.1.0/../../../../arm-none-eabi/lib/thumb/v6-m/nofp/libg.a(libc_a-__atexit.o)
                              /opt/local/lib/gcc/arm-none-eabi/13.1.0/../../../../arm-none-eabi/lib/thumb/v6-m/nofp/libg.a(libc_a-atexit.o) (__register_exitproc)
/opt/local/lib/gcc/arm-none-eabi/13.1.0/../../../../arm-none-eabi/lib/thumb/v6-m/nofp/libg.a(libc_a-__call_atexit.o)
                              /opt/local/lib/gcc/arm-none-eabi/13.1.0/../../../../arm-none-eabi/lib/thumb/v6-m/nofp/libg.a(libc_a-exit.o) (__call_exitprocs)
/opt/local/lib/gcc/arm-none-eabi/13.1.0/../../../../arm-none-eabi/lib/thumb/v6-m/nofp/libg.a(libc_a-mallocr.o)
                              /opt/local/lib/gcc/arm-none-eabi/13.1.0/../../../../arm-none-eabi/lib/thumb/v6-m/nofp/libg.a(libc_a-findfp.o) (_malloc_r)
/opt/local/lib/gcc/arm-none-eabi/13.1.0/../../../../arm-none-eabi/lib/thumb/v6-m/nofp/libg.a(libc_a-mlock.o)
                              /opt/local/lib/gcc/arm-none-eabi/13.1.0/../../../../arm-none-eabi/lib/thumb/v6-m/nofp/libg.a(libc_a-mallocr.o) (__malloc_lock)
/opt/local/lib/gcc/arm-none-eabi/13.1.0/../../../../arm-none-eabi/lib/thumb/v6-m/nofp/libg.a(libc_a-fclose.o)
                              /opt/local/lib/gcc/arm-none-eabi/13.1.0/../../../../arm-none-eabi/lib/thumb/v6-m/nofp/libg.a(libc_a-findfp.o) (_fclose_r)
/opt/local/lib/gcc/arm-none-eabi/13.1.0/../../../../arm-none-eabi/lib/thumb/v6-m/nofp/libg.a(libc_a-fflush.o)
                              /opt/local/lib/gcc/arm-none-eabi/13.1.0/../../../../arm-none-eabi/lib/thumb/v6-m/nofp/libg.a(libc_a-fclose.o) (__sflush_r)
/opt/local/lib/gcc/arm-none-eabi/13.1.0/../../../../arm-none-eabi/lib/thumb/v6-m/nofp/libg.a(libc_a-stdio.o)
                              /opt/local/lib/gcc/arm-none-eabi/13.1.0/../../../../arm-none-eabi/lib/thumb/v6-m/nofp/libg.a(libc_a-findfp.o) (__sread)
/opt/local/lib/gcc/arm-none-eabi/13.1.0/../../../../arm-none-eabi/lib/thumb/v6-m/nofp/libg.a(libc_a-closer.o)
                              /opt/local/lib/gcc/arm-none-eabi/13.1.0/../../../../arm-none-eabi/lib/thumb/v6-m/nofp/libg.a(libc_a-stdio.o) (_close_r)
/opt/local/lib/gcc/arm-none-eabi/13.1.0/../../../../arm-none-eabi/lib/thumb/v6-m/nofp/libg.a(libc_a-reent.o)
[...]
Memory Configuration

Name             Origin             Length             Attributes
RAM              0x20000000         0x00002000         xrw
FLASH            0x08000000         0x00008000         xr
*default*        0x00000000         0xffffffff

Linker script and memory map

LOAD /opt/local/lib/gcc/arm-none-eabi/13.1.0/thumb/v6-m/nofp/crti.o
LOAD /opt/local/lib/gcc/arm-none-eabi/13.1.0/thumb/v6-m/nofp/crtbegin.o
LOAD /opt/local/lib/gcc/arm-none-eabi/13.1.0/../../../../arm-none-eabi/lib/thumb/v6-m/nofp/crt0.o
LOAD CMakeFiles/Code_Prac3.elf.dir/Drivers/STM32F0xx_HAL_Driver/Src/stm32f0xx_hal.c.obj
LOAD CMakeFiles/Code_Prac3.elf.dir/Drivers/STM32F0xx_HAL_Driver/Src/stm32f0xx_hal_adc.c.obj
LOAD CMakeFiles/Code_Prac3.elf.dir/Drivers/STM32F0xx_HAL_Driver/Src/stm32f0xx_hal_adc_ex.c.obj
LOAD CMakeFiles/Code_Prac3.elf.dir/Drivers/STM32F0xx_HAL_Driver/Src/stm32f0xx_hal_cortex.c.obj
LOAD CMakeFiles/Code_Prac3.elf.dir/Drivers/STM32F0xx_HAL_Driver/Src/stm32f0xx_hal_dma.c.obj
LOAD CMakeFiles/Code_Prac3.elf.dir/Drivers/STM32F0xx_HAL_Driver/Src/stm32f0xx_hal_exti.c.obj
LOAD CMakeFiles/Code_Prac3.elf.dir/Drivers/STM32F0xx_HAL_Driver/Src/stm32f0xx_hal_flash.c.obj
LOAD CMakeFiles/Code_Prac3.elf.dir/Drivers/STM32F0xx_HAL_Driver/Src/stm32f0xx_hal_flash_ex.c.obj
LOAD CMakeFiles/Code_Prac3.elf.dir/Drivers/STM32F0xx_HAL_Driver/Src/stm32f0xx_hal_gpio.c.obj
LOAD CMakeFiles/Code_Prac3.elf.dir/Drivers/STM32F0xx_HAL_Driver/Src/stm32f0xx_hal_i2c.c.obj
LOAD CMakeFiles/Code_Prac3.elf.dir/Drivers/STM32F0xx_HAL_Driver/Src/stm32f0xx_hal_i2c_ex.c.obj
LOAD CMakeFiles/Code_Prac3.elf.dir/Drivers/STM32F0xx_HAL_Driver/Src/stm32f0xx_hal_pwr.c.obj
LOAD CMakeFiles/Code_Prac3.elf.dir/Drivers/STM32F0xx_HAL_Driver/Src/stm32f0xx_hal_pwr_ex.c.obj
LOAD CMakeFiles/Code_Prac3.elf.dir/Drivers/STM32F0xx_HAL_Driver/Src/stm32f0xx_hal_rcc.c.obj
LOAD CMakeFiles/Code_Prac3.elf.dir/Drivers/STM32F0xx_HAL_Driver/Src/stm32f0xx_hal_rcc_ex.c.obj
LOAD CMakeFiles/Code_Prac3.elf.dir/Drivers/STM32F0xx_HAL_Driver/Src/stm32f0xx_hal_tim.c.obj
LOAD CMakeFiles/Code_Prac3.elf.dir/Drivers/STM32F0xx_HAL_Driver/Src/stm32f0xx_hal_tim_ex.c.obj
LOAD CMakeFiles/Code_Prac3.elf.dir/Drivers/STM32F0xx_HAL_Driver/Src/stm32f0xx_ll_exti.c.obj
LOAD CMakeFiles/Code_Prac3.elf.dir/Drivers/STM32F0xx_HAL_Driver/Src/stm32f0xx_ll_gpio.c.obj
LOAD CMakeFiles/Code_Prac3.elf.dir/Drivers/STM32F0xx_HAL_Driver/Src/stm32f0xx_ll_rcc.c.obj
LOAD CMakeFiles/Code_Prac3.elf.dir/Drivers/STM32F0xx_HAL_Driver/Src/stm32f0xx_ll_utils.c.obj
LOAD CMakeFiles/Code_Prac3.elf.dir/Src/adc.c.obj
LOAD CMakeFiles/Code_Prac3.elf.dir/Src/gpio.c.obj
LOAD CMakeFiles/Code_Prac3.elf.dir/Src/main.c.obj
LOAD CMakeFiles/Code_Prac3.elf.dir/Src/stm32f0xx_hal_msp.c.obj
LOAD CMakeFiles/Code_Prac3.elf.dir/Src/stm32f0xx_it.c.obj
LOAD CMakeFiles/Code_Prac3.elf.dir/Src/syscalls.c.obj
LOAD CMakeFiles/Code_Prac3.elf.dir/Src/sysmem.c.obj
LOAD CMakeFiles/Code_Prac3.elf.dir/Src/system_stm32f0xx.c.obj
LOAD CMakeFiles/Code_Prac3.elf.dir/Src/tim.c.obj
LOAD CMakeFiles/Code_Prac3.elf.dir/Startup/startup_stm32f051c6tx.s.obj
START GROUP
LOAD /opt/local/lib/gcc/arm-none-eabi/13.1.0/thumb/v6-m/nofp/libgcc.a
LOAD /opt/local/lib/gcc/arm-none-eabi/13.1.0/../../../../arm-none-eabi/lib/thumb/v6-m/nofp/libg.a
LOAD /opt/local/lib/gcc/arm-none-eabi/13.1.0/../../../../arm-none-eabi/lib/thumb/v6-m/nofp/libc.a
END GROUP
LOAD /opt/local/lib/gcc/arm-none-eabi/13.1.0/thumb/v6-m/nofp/crtend.o
LOAD /opt/local/lib/gcc/arm-none-eabi/13.1.0/thumb/v6-m/nofp/crtn.o
                0x20002000                        _estack = (ORIGIN (RAM) + LENGTH (RAM))
                0x00000200                        _Min_Heap_Size = 0x200
                0x00000400                        _Min_Stack_Size = 0x400

.isr_vector     0x08000000       0xc0
                0x08000000                        . = ALIGN (0x4)
 *(.isr_vector)
 .isr_vector    0x08000000       0xc0 CMakeFiles/Code_Prac3.elf.dir/Startup/startup_stm32f051c6tx.s.obj
                0x08000000                g_pfnVectors
                0x080000c0                        . = ALIGN (0x4)

.text           0x080000c0     0x1b84
                0x080000c0                        . = ALIGN (0x4)
 *(.text)
 .text          0x080000c0       0x98 /opt/local/lib/gcc/arm-none-eabi/13.1.0/thumb/v6-m/nofp/crtbegin.o
 .text          0x08000158      0x114 /opt/local/lib/gcc/arm-none-eabi/13.1.0/thumb/v6-m/nofp/libgcc.a(_udivsi3.o)
                0x08000158                __udivsi3
                0x08000158                __aeabi_uidiv
                0x08000264                __aeabi_uidivmod
 .text          0x0800026c        0x4 /opt/local/lib/gcc/arm-none-eabi/13.1.0/thumb/v6-m/nofp/libgcc.a(_dvmd_tls.o)
                0x0800026c                __aeabi_ldiv0
                0x0800026c                __aeabi_idiv0
 .text          0x08000270       0xa8 /opt/local/lib/gcc/arm-none-eabi/13.1.0/../../../../arm-none-eabi/lib/thumb/v6-m/nofp/libg.a(libc_a-memset.o)
                0x08000270                memset
 .text          0x08000318       0x48 /opt/local/lib/gcc/arm-none-eabi/13.1.0/../../../../arm-none-eabi/lib/thumb/v6-m/nofp/libg.a(libc_a-init.o)
                0x08000318                __libc_init_array
 *(.text*)
 .text.HAL_InitTick
                0x08000360       0x50 CMakeFiles/Code_Prac3.elf.dir/Drivers/STM32F0xx_HAL_Driver/Src/stm32f0xx_hal.c.obj
                0x08000360                HAL_InitTick
 .text.HAL_Init
                0x080003b0       0x20 CMakeFiles/Code_Prac3.elf.dir/Drivers/STM32F0xx_HAL_Driver/Src/stm32f0xx_hal.c.obj
                0x080003b0                HAL_Init
 .text.HAL_IncTick
                0x080003d0       0x18 CMakeFiles/Code_Prac3.elf.dir/Drivers/STM32F0xx_HAL_Driver/Src/stm32f0xx_hal.c.obj
                0x080003d0                HAL_IncTick
 .text.HAL_GetTick
                0x080003e8        0xc CMakeFiles/Code_Prac3.elf.dir/Drivers/STM32F0xx_HAL_Driver/Src/stm32f0xx_hal.c.obj
                0x080003e8                HAL_GetTick
 .text.HAL_Delay
                0x080003f4       0x24 CMakeFiles/Code_Prac3.elf.dir/Drivers/STM32F0xx_HAL_Driver/Src/stm32f0xx_hal.c.obj
                0x080003f4                HAL_Delay
 .text.HAL_ADC_Init
                0x08000418      0x184 CMakeFiles/Code_Prac3.elf.dir/Drivers/STM32F0xx_HAL_Driver/Src/stm32f0xx_hal_adc.c.obj
                0x08000418                HAL_ADC_Init
 .text.HAL_ADC_GetValue
                0x0800059c        0x6 CMakeFiles/Code_Prac3.elf.dir/Drivers/STM32F0xx_HAL_Driver/Src/stm32f0xx_hal_adc.c.obj
                0x0800059c                HAL_ADC_GetValue
 .text.HAL_ADC_ConvCpltCallback
                0x080005a2        0x2 CMakeFiles/Code_Prac3.elf.dir/Drivers/STM32F0xx_HAL_Driver/Src/stm32f0xx_hal_adc.c.obj
                0x080005a2                HAL_ADC_ConvCpltCallback
 .text.HAL_ADC_LevelOutOfWindowCallback
                0x080005a4        0x2 CMakeFiles/Code_Prac3.elf.dir/Drivers/STM32F0xx_HAL_Driver/Src/stm32f0xx_hal_adc.c.obj
                0x080005a4                HAL_ADC_LevelOutOfWindowCallback
 .text.HAL_ADC_ErrorCallback
                0x080005a6        0x2 CMakeFiles/Code_Prac3.elf.dir/Drivers/STM32F0xx_HAL_Driver/Src/stm32f0xx_hal_adc.c.obj
                0x080005a6                HAL_ADC_ErrorCallback
 .text.HAL_ADC_IRQHandler
                0x080005a8       0xd0 CMakeFiles/Code_Prac3.elf.dir/Drivers/STM32F0xx_HAL_Driver/Src/stm32f0xx_hal_adc.c.obj
                0x080005a8                HAL_ADC_IRQHandler
 .text.HAL_ADC_ConfigChannel
                0x08000678      0x138 CMakeFiles/Code_Prac3.elf.dir/Drivers/STM32F0xx_HAL_Driver/Src/stm32f0xx_hal_adc.c.obj
                0x08000678                HAL_ADC_ConfigChannel
 .text.__NVIC_SetPriority
                0x080007b0       0x60 CMakeFiles/Code_Prac3.elf.dir/Drivers/STM32F0xx_HAL_Driver/Src/stm32f0xx_hal_cortex.c.obj
 .text.SysTick_Config
                0x08000810       0x38 CMakeFiles/Code_Prac3.elf.dir/Drivers/STM32F0xx_HAL_Driver/Src/stm32f0xx_hal_cortex.c.obj
 .text.HAL_NVIC_SetPriority
                0x08000848        0x8 CMakeFiles/Code_Prac3.elf.dir/Drivers/STM32F0xx_HAL_Driver/Src/stm32f0xx_hal_cortex.c.obj
                0x08000848                HAL_NVIC_SetPriority
 .text.HAL_SYSTICK_Config
                0x08000850        0x8 CMakeFiles/Code_Prac3.elf.dir/Drivers/STM32F0xx_HAL_Driver/Src/stm32f0xx_hal_cortex.c.obj
                0x08000850                HAL_SYSTICK_Config
 .text.HAL_GPIO_Init
                0x08000858      0x188 CMakeFiles/Code_Prac3.elf.dir/Drivers/STM32F0xx_HAL_Driver/Src/stm32f0xx_hal_gpio.c.obj
                0x08000858                HAL_GPIO_Init
 .text.HAL_GPIO_TogglePin
                0x080009e0       0x10 CMakeFiles/Code_Prac3.elf.dir/Drivers/STM32F0xx_HAL_Driver/Src/stm32f0xx_hal_gpio.c.obj
                0x080009e0                HAL_GPIO_TogglePin
 .text.HAL_GPIO_EXTI_IRQHandler
                0x080009f0       0x1c CMakeFiles/Code_Prac3.elf.dir/Drivers/STM32F0xx_HAL_Driver/Src/stm32f0xx_hal_gpio.c.obj
                0x080009f0                HAL_GPIO_EXTI_IRQHandler
 .text.TIM_OC1_SetConfig
                0x08000a0c       0x8c CMakeFiles/Code_Prac3.elf.dir/Drivers/STM32F0xx_HAL_Driver/Src/stm32f0xx_hal_tim.c.obj
 .text.TIM_OC3_SetConfig
                0x08000a98       0x8c CMakeFiles/Code_Prac3.elf.dir/Drivers/STM32F0xx_HAL_Driver/Src/stm32f0xx_hal_tim.c.obj
 .text.TIM_OC4_SetConfig
                0x08000b24       0x74 CMakeFiles/Code_Prac3.elf.dir/Drivers/STM32F0xx_HAL_Driver/Src/stm32f0xx_hal_tim.c.obj
 .text.TIM_TI1_ConfigInputStage
                0x08000b98       0x22 CMakeFiles/Code_Prac3.elf.dir/Drivers/STM32F0xx_HAL_Driver/Src/stm32f0xx_hal_tim.c.obj
 *fill*         0x08000bba        0x2 
 .text.TIM_TI2_ConfigInputStage
                0x08000bbc       0x28 CMakeFiles/Code_Prac3.elf.dir/Drivers/STM32F0xx_HAL_Driver/Src/stm32f0xx_hal_tim.c.obj
 .text.TIM_ITRx_SetConfig
                0x08000be4       0x10 CMakeFiles/Code_Prac3.elf.dir/Drivers/STM32F0xx_HAL_Driver/Src/stm32f0xx_hal_tim.c.obj
 .text.HAL_TIM_PWM_MspInit
                0x08000bf4        0x2 CMakeFiles/Code_Prac3.elf.dir/Drivers/STM32F0xx_HAL_Driver/Src/stm32f0xx_hal_tim.c.obj
                0x08000bf4                HAL_TIM_PWM_MspInit
 *fill*         0x08000bf6        0x2 
 .text.TIM_Base_SetConfig
                0x08000bf8       0xa4 CMakeFiles/Code_Prac3.elf.dir/Drivers/STM32F0xx_HAL_Driver/Src/stm32f0xx_hal_tim.c.obj
                0x08000bf8                TIM_Base_SetConfig
 .text.HAL_TIM_Base_Init
                0x08000c9c       0x58 CMakeFiles/Code_Prac3.elf.dir/Drivers/STM32F0xx_HAL_Driver/Src/stm32f0xx_hal_tim.c.obj
                0x08000c9c                HAL_TIM_Base_Init
 .text.HAL_TIM_PWM_Init
                0x08000cf4       0x58 CMakeFiles/Code_Prac3.elf.dir/Drivers/STM32F0xx_HAL_Driver/Src/stm32f0xx_hal_tim.c.obj
                0x08000cf4                HAL_TIM_PWM_Init
 .text.TIM_OC2_SetConfig
                0x08000d4c       0x84 CMakeFiles/Code_Prac3.elf.dir/Drivers/STM32F0xx_HAL_Driver/Src/stm32f0xx_hal_tim.c.obj
                0x08000d4c                TIM_OC2_SetConfig
 .text.HAL_TIM_PWM_ConfigChannel
                0x08000dd0       0xf0 CMakeFiles/Code_Prac3.elf.dir/Drivers/STM32F0xx_HAL_Driver/Src/stm32f0xx_hal_tim.c.obj
                0x08000dd0                HAL_TIM_PWM_ConfigChannel
 .text.TIM_ETR_SetConfig
                0x08000ec0       0x18 CMakeFiles/Code_Prac3.elf.dir/Drivers/STM32F0xx_HAL_Driver/Src/stm32f0xx_hal_tim.c.obj
                0x08000ec0                TIM_ETR_SetConfig
 .text.HAL_TIM_ConfigClockSource
                0x08000ed8      0x108 CMakeFiles/Code_Prac3.elf.dir/Drivers/STM32F0xx_HAL_Driver/Src/stm32f0xx_hal_tim.c.obj
                0x08000ed8                HAL_TIM_ConfigClockSource
 .text.TIM_CCxChannelCmd
                0x08000fe0       0x1a CMakeFiles/Code_Prac3.elf.dir/Drivers/STM32F0xx_HAL_Driver/Src/stm32f0xx_hal_tim.c.obj
                0x08000fe0                TIM_CCxChannelCmd
 *fill*         0x08000ffa        0x2 
 .text.HAL_TIM_PWM_Start
                0x08000ffc       0xfc CMakeFiles/Code_Prac3.elf.dir/Drivers/STM32F0xx_HAL_Driver/Src/stm32f0xx_hal_tim.c.obj
                0x08000ffc                HAL_TIM_PWM_Start
 .text.HAL_TIMEx_MasterConfigSynchronization
                0x080010f8       0x6c CMakeFiles/Code_Prac3.elf.dir/Drivers/STM32F0xx_HAL_Driver/Src/stm32f0xx_hal_tim_ex.c.obj
                0x080010f8                HAL_TIMEx_MasterConfigSynchronization
 .text.LL_EXTI_Init
                0x08001164       0xc8 CMakeFiles/Code_Prac3.elf.dir/Drivers/STM32F0xx_HAL_Driver/Src/stm32f0xx_ll_exti.c.obj
                0x08001164                LL_EXTI_Init
 .text.LL_GPIO_Init
                0x0800122c       0xb8 CMakeFiles/Code_Prac3.elf.dir/Drivers/STM32F0xx_HAL_Driver/Src/stm32f0xx_ll_gpio.c.obj
                0x0800122c                LL_GPIO_Init
 .text.LL_SetSystemCoreClock
                0x080012e4        0xc CMakeFiles/Code_Prac3.elf.dir/Drivers/STM32F0xx_HAL_Driver/Src/stm32f0xx_ll_utils.c.obj
                0x080012e4                LL_SetSystemCoreClock
 .text.MX_ADC_Init
                0x080012f0       0x78 CMakeFiles/Code_Prac3.elf.dir/Src/adc.c.obj
                0x080012f0                MX_ADC_Init
 .text.HAL_ADC_MspInit
                0x08001368       0x60 CMakeFiles/Code_Prac3.elf.dir/Src/adc.c.obj
                0x08001368                HAL_ADC_MspInit
 .text.MX_GPIO_Init
                0x080013c8      0x314 CMakeFiles/Code_Prac3.elf.dir/Src/gpio.c.obj
                0x080013c8                MX_GPIO_Init
 .text.MX_NVIC_Init
                0x080016dc       0x1c CMakeFiles/Code_Prac3.elf.dir/Src/main.c.obj
 .text.delay    0x080016f8       0x20 CMakeFiles/Code_Prac3.elf.dir/Src/main.c.obj
                0x080016f8                delay
 .text.pulse_strobe
                0x08001718       0x38 CMakeFiles/Code_Prac3.elf.dir/Src/main.c.obj
                0x08001718                pulse_strobe
 .text.lcd_command
                0x08001750      0x130 CMakeFiles/Code_Prac3.elf.dir/Src/main.c.obj
                0x08001750                lcd_command
 .text.init_LCD
                0x08001880       0x80 CMakeFiles/Code_Prac3.elf.dir/Src/main.c.obj
                0x08001880                init_LCD
 .text.HAL_GPIO_EXTI_Callback
                0x08001900       0x2c CMakeFiles/Code_Prac3.elf.dir/Src/main.c.obj
                0x08001900                HAL_GPIO_EXTI_Callback
 .text.ADC1_COMP_IRQHandler
                0x0800192c       0x20 CMakeFiles/Code_Prac3.elf.dir/Src/main.c.obj
                0x0800192c                ADC1_COMP_IRQHandler
 .text.Error_Handler
                0x0800194c        0x4 CMakeFiles/Code_Prac3.elf.dir/Src/main.c.obj
                0x0800194c                Error_Handler
 .text.SystemClock_Config
                0x08001950       0xa4 CMakeFiles/Code_Prac3.elf.dir/Src/main.c.obj
                0x08001950                SystemClock_Config
 .text.main     0x080019f4       0x4c CMakeFiles/Code_Prac3.elf.dir/Src/main.c.obj
                0x080019f4                main
 .text.HAL_MspInit
                0x08001a40       0x30 CMakeFiles/Code_Prac3.elf.dir/Src/stm32f0xx_hal_msp.c.obj
                0x08001a40                HAL_MspInit
 .text.NMI_Handler
                0x08001a70        0x2 CMakeFiles/Code_Prac3.elf.dir/Src/stm32f0xx_it.c.obj
                0x08001a70                NMI_Handler
 .text.HardFault_Handler
                0x08001a72        0x2 CMakeFiles/Code_Prac3.elf.dir/Src/stm32f0xx_it.c.obj
                0x08001a72                HardFault_Handler
 .text.SVC_Handler
                0x08001a74        0x2 CMakeFiles/Code_Prac3.elf.dir/Src/stm32f0xx_it.c.obj
                0x08001a74                SVC_Handler
 .text.PendSV_Handler
                0x08001a76        0x2 CMakeFiles/Code_Prac3.elf.dir/Src/stm32f0xx_it.c.obj
                0x08001a76                PendSV_Handler
 .text.SysTick_Handler
                0x08001a78        0x8 CMakeFiles/Code_Prac3.elf.dir/Src/stm32f0xx_it.c.obj
                0x08001a78                SysTick_Handler
 .text.EXTI0_1_IRQHandler
                0x08001a80       0x1c CMakeFiles/Code_Prac3.elf.dir/Src/stm32f0xx_it.c.obj
                0x08001a80                EXTI0_1_IRQHandler
 .text.SystemInit
                0x08001a9c        0x2 CMakeFiles/Code_Prac3.elf.dir/Src/system_stm32f0xx.c.obj
                0x08001a9c                SystemInit
 *fill*         0x08001a9e        0x2 
 .text.HAL_TIM_Base_MspInit
                0x08001aa0       0x2c CMakeFiles/Code_Prac3.elf.dir/Src/tim.c.obj
                0x08001aa0                HAL_TIM_Base_MspInit
 .text.HAL_TIM_MspPostInit
                0x08001acc       0x50 CMakeFiles/Code_Prac3.elf.dir/Src/tim.c.obj
                0x08001acc                HAL_TIM_MspPostInit
 .text.MX_TIM3_Init
                0x08001b1c       0xbc CMakeFiles/Code_Prac3.elf.dir/Src/tim.c.obj
                0x08001b1c                MX_TIM3_Init
 .text.Reset_Handler
                0x08001bd8       0x50 CMakeFiles/Code_Prac3.elf.dir/Startup/startup_stm32f051c6tx.s.obj
                0x08001bd8                Reset_Handler
 .text.Default_Handler
                0x08001c28        0x2 CMakeFiles/Code_Prac3.elf.dir/Startup/startup_stm32f051c6tx.s.obj
                0x08001c28                TIM1_BRK_UP_TRG_COM_IRQHandler
                0x08001c28                TSC_IRQHandler
                0x08001c28                PVD_IRQHandler
                0x08001c28                I2C1_IRQHandler
                0x08001c28                RCC_CRS_IRQHandler
                0x08001c28                SPI1_IRQHandler
                0x08001c28                TIM6_DAC_IRQHandler
                0x08001c28                EXTI2_3_IRQHandler
                0x08001c28                I2C2_IRQHandler
                0x08001c28                TIM17_IRQHandler
                0x08001c28                CEC_CAN_IRQHandler
                0x08001c28                RTC_IRQHandler
                0x08001c28                TIM16_IRQHandler
                0x08001c28                TIM3_IRQHandler
                0x08001c28                EXTI4_15_IRQHandler
                0x08001c28                DMA1_Channel1_IRQHandler
                0x08001c28                Default_Handler
                0x08001c28                TIM14_IRQHandler
                0x08001c28                DMA1_Channel4_5_IRQHandler
                0x08001c28                TIM15_IRQHandler
                0x08001c28                SPI2_IRQHandler
                0x08001c28                WWDG_IRQHandler
                0x08001c28                TIM2_IRQHandler
                0x08001c28                DMA1_Channel2_3_IRQHandler
                0x08001c28                USART2_IRQHandler
                0x08001c28                FLASH_IRQHandler
                0x08001c28                USART1_IRQHandler
                0x08001c28                TIM1_CC_IRQHandler
 *(.glue_7)
 .glue_7        0x08001c2a        0x0 linker stubs
 *(.glue_7t)
 .glue_7t       0x08001c2a        0x0 linker stubs
 *(.eh_frame)
 *fill*         0x08001c2a        0x2 
 .eh_frame      0x08001c2c        0x0 /opt/local/lib/gcc/arm-none-eabi/13.1.0/thumb/v6-m/nofp/crtbegin.o
 *(.init)
 .init          0x08001c2c        0x4 /opt/local/lib/gcc/arm-none-eabi/13.1.0/thumb/v6-m/nofp/crti.o
                0x08001c2c                _init
 .init          0x08001c30        0x8 /opt/local/lib/gcc/arm-none-eabi/13.1.0/thumb/v6-m/nofp/crtn.o
 *(.fini)
 .fini          0x08001c38        0x4 /opt/local/lib/gcc/arm-none-eabi/13.1.0/thumb/v6-m/nofp/crti.o
                0x08001c38                _fini
 .fini          0x08001c3c        0x8 /opt/local/lib/gcc/arm-none-eabi/13.1.0/thumb/v6-m/nofp/crtn.o
                0x08001c44                        . = ALIGN (0x4)
                0x08001c44                        _etext = .

.vfp11_veneer   0x08001c44        0x0
 .vfp11_veneer  0x08001c44        0x0 linker stubs

.v4_bx          0x08001c44        0x0
 .v4_bx         0x08001c44        0x0 linker stubs

.iplt           0x08001c44        0x0
 .iplt          0x08001c44        0x0 /opt/local/lib/gcc/arm-none-eabi/13.1.0/thumb/v6-m/nofp/crtbegin.o

.rel.dyn        0x08001c44        0x0
 .rel.iplt      0x08001c44        0x0 /opt/local/lib/gcc/arm-none-eabi/13.1.0/thumb/v6-m/nofp/crtbegin.o

.rodata         0x08001c44        0x0
                0x08001c44                        . = ALIGN (0x4)
 *(.rodata)
 *(.rodata*)
                0x08001c44                        . = ALIGN (0x4)

.ARM.extab      0x08001c44        0x0
                0x08001c44                        . = ALIGN (0x4)
 *(.ARM.extab* .gnu.linkonce.armextab.*)
                0x08001c44                        . = ALIGN (0x4)

.ARM            0x08001c44        0x0
                0x08001c44                        . = ALIGN (0x4)
                0x08001c44                        __exidx_start = .
 *(.ARM.exidx*)
                0x08001c44                        __exidx_end = .
                0x08001c44                        . = ALIGN (0x4)

.preinit_array  0x08001c44        0x0
                0x08001c44                        . = ALIGN (0x4)
                0x08001c44                        PROVIDE (__preinit_array_start = .)
 *(.preinit_array*)
                0x08001c44                        PROVIDE (__preinit_array_end = .)
                0x08001c44                        . = ALIGN (0x4)

.init_array     0x08001c44        0x4
                0x08001c44                        . = ALIGN (0x4)
                0x08001c44                        PROVIDE (__init_array_start = .)
 *(SORT_BY_NAME(.init_array.*))
 *(.init_array*)
 .init_array    0x08001c44        0x4 /opt/local/lib/gcc/arm-none-eabi/13.1.0/thumb/v6-m/nofp/crtbegin.o
                0x08001c48                        PROVIDE (__init_array_end = .)
                0x08001c48                        . = ALIGN (0x4)

.fini_array     0x08001c48        0x4
                0x08001c48                        . = ALIGN (0x4)
                0x08001c48                        PROVIDE (__fini_array_start = .)
 *(SORT_BY_NAME(.fini_array.*))
 *(.fini_array*)
 .fini_array    0x08001c48        0x4 /opt/local/lib/gcc/arm-none-eabi/13.1.0/thumb/v6-m/nofp/crtbegin.o
                0x08001c4c                        PROVIDE (__fini_array_end = .)
                0x08001c4c                        . = ALIGN (0x4)
                0x08001c4c                        _sidata = LOADADDR (.data)

.data           0x20000000       0x10 load address 0x08001c4c
                0x20000000                        . = ALIGN (0x4)
                0x20000000                        _sdata = .
 *(.data)
 *(.data*)
 .data.uwTickFreq
                0x20000000        0x1 CMakeFiles/Code_Prac3.elf.dir/Drivers/STM32F0xx_HAL_Driver/Src/stm32f0xx_hal.c.obj
                0x20000000                uwTickFreq
 *fill*         0x20000001        0x3 
 .data.uwTickPrio
                0x20000004        0x4 CMakeFiles/Code_Prac3.elf.dir/Drivers/STM32F0xx_HAL_Driver/Src/stm32f0xx_hal.c.obj
                0x20000004                uwTickPrio
 .data.delay_t  0x20000008        0x4 CMakeFiles/Code_Prac3.elf.dir/Src/main.c.obj
                0x20000008                delay_t
 .data.SystemCoreClock
                0x2000000c        0x4 CMakeFiles/Code_Prac3.elf.dir/Src/system_stm32f0xx.c.obj
                0x2000000c                SystemCoreClock
 *(.RamFunc)
 *(.RamFunc*)
                0x20000010                        . = ALIGN (0x4)
                0x20000010                        _edata = .

.tm_clone_table
                0x20000010        0x0 load address 0x08001c5c
 .tm_clone_table
                0x20000010        0x0 /opt/local/lib/gcc/arm-none-eabi/13.1.0/thumb/v6-m/nofp/crtbegin.o
 .tm_clone_table
                0x20000010        0x0 /opt/local/lib/gcc/arm-none-eabi/13.1.0/thumb/v6-m/nofp/crtend.o

.igot.plt       0x20000010        0x0 load address 0x08001c5c
 .igot.plt      0x20000010        0x0 /opt/local/lib/gcc/arm-none-eabi/13.1.0/thumb/v6-m/nofp/crtbegin.o
                0x20000010                        . = ALIGN (0x4)

.bss            0x20000010       0xac load address 0x08001c5c
                0x20000010                        _sbss = .
                0x20000010                        __bss_start__ = _sbss
 *(.bss)
 .bss           0x20000010       0x1c /opt/local/lib/gcc/arm-none-eabi/13.1.0/thumb/v6-m/nofp/crtbegin.o
 *(.bss*)
 .bss.uwTick    0x2000002c        0x4 CMakeFiles/Code_Prac3.elf.dir/Drivers/STM32F0xx_HAL_Driver/Src/stm32f0xx_hal.c.obj
                0x2000002c                uwTick
 .bss.hadc      0x20000030       0x40 CMakeFiles/Code_Prac3.elf.dir/Src/adc.c.obj
                0x20000030                hadc
 .bss.adc_val   0x20000070        0x4 CMakeFiles/Code_Prac3.elf.dir/Src/main.c.obj
                0x20000070                adc_val
 .bss.htim3     0x20000074       0x48 CMakeFiles/Code_Prac3.elf.dir/Src/tim.c.obj
                0x20000074                htim3
 *(COMMON)
                0x200000bc                        . = ALIGN (0x4)
                0x200000bc                        _ebss = .
                0x200000bc                        __bss_end__ = _ebss

._user_heap_stack
                0x200000bc      0x604 load address 0x08001c5c
                0x200000c0                        . = ALIGN (0x8)
 *fill*         0x200000bc        0x4 
                [!provide]                        PROVIDE (end = .)
                0x200000c0                        PROVIDE (_end = .)
                0x200002c0                        . = (. + _Min_Heap_Size)
 *fill*         0x200000c0      0x200 
                0x200006c0                        . = (. + _Min_Stack_Size)
 *fill*         0x200002c0      0x400 
                0x200006c0                        . = ALIGN (0x8)

/DISCARD/
 libc.a(*)
 libm.a(*)
 libgcc.a(*)

.ARM.attributes
                0x00000000       0x28
 *(.ARM.attributes)
 .ARM.attributes
                0x00000000       0x1e /opt/local/lib/gcc/arm-none-eabi/13.1.0/thumb/v6-m/nofp/crti.o
 .ARM.attributes
                0x0000001e       0x2c /opt/local/lib/gcc/arm-none-eabi/13.1.0/thumb/v6-m/nofp/crtbegin.o
 .ARM.attributes
                0x0000004a       0x2c CMakeFiles/Code_Prac3.elf.dir/Drivers/STM32F0xx_HAL_Driver/Src/stm32f0xx_hal.c.obj
 .ARM.attributes
                0x00000076       0x2c CMakeFiles/Code_Prac3.elf.dir/Drivers/STM32F0xx_HAL_Driver/Src/stm32f0xx_hal_adc.c.obj
 .ARM.attributes
                0x000000a2       0x2c CMakeFiles/Code_Prac3.elf.dir/Drivers/STM32F0xx_HAL_Driver/Src/stm32f0xx_hal_cortex.c.obj
 .ARM.attributes
                0x000000ce       0x2c CMakeFiles/Code_Prac3.elf.dir/Drivers/STM32F0xx_HAL_Driver/Src/stm32f0xx_hal_gpio.c.obj
 .ARM.attributes
                0x000000fa       0x2c CMakeFiles/Code_Prac3.elf.dir/Drivers/STM32F0xx_HAL_Driver/Src/stm32f0xx_hal_tim.c.obj
 .ARM.attributes
                0x00000126       0x2c CMakeFiles/Code_Prac3.elf.dir/Drivers/STM32F0xx_HAL_Driver/Src/stm32f0xx_hal_tim_ex.c.obj
 .ARM.attributes
                0x00000152       0x2c CMakeFiles/Code_Prac3.elf.dir/Drivers/STM32F0xx_HAL_Driver/Src/stm32f0xx_ll_exti.c.obj
 .ARM.attributes
                0x0000017e       0x2c CMakeFiles/Code_Prac3.elf.dir/Drivers/STM32F0xx_HAL_Driver/Src/stm32f0xx_ll_gpio.c.obj
 .ARM.attributes
                0x000001aa       0x2c CMakeFiles/Code_Prac3.elf.dir/Drivers/STM32F0xx_HAL_Driver/Src/stm32f0xx_ll_utils.c.obj
 .ARM.attributes
                0x000001d6       0x2c CMakeFiles/Code_Prac3.elf.dir/Src/adc.c.obj
 .ARM.attributes
                0x00000202       0x2c CMakeFiles/Code_Prac3.elf.dir/Src/gpio.c.obj
 .ARM.attributes
                0x0000022e       0x2c CMakeFiles/Code_Prac3.elf.dir/Src/main.c.obj
 .ARM.attributes
                0x0000025a       0x2c CMakeFiles/Code_Prac3.elf.dir/Src/stm32f0xx_hal_msp.c.obj
 .ARM.attributes
                0x00000286       0x2c CMakeFiles/Code_Prac3.elf.dir/Src/stm32f0xx_it.c.obj
 .ARM.attributes
                0x000002b2       0x2c CMakeFiles/Code_Prac3.elf.dir/Src/system_stm32f0xx.c.obj
 .ARM.attributes
                0x000002de       0x2c CMakeFiles/Code_Prac3.elf.dir/Src/tim.c.obj
 .ARM.attributes
                0x0000030a       0x21 CMakeFiles/Code_Prac3.elf.dir/Startup/startup_stm32f051c6tx.s.obj
 .ARM.attributes
                0x0000032b       0x1e /opt/local/lib/gcc/arm-none-eabi/13.1.0/thumb/v6-m/nofp/libgcc.a(_udivsi3.o)
 .ARM.attributes
                0x00000349       0x1e /opt/local/lib/gcc/arm-none-eabi/13.1.0/thumb/v6-m/nofp/libgcc.a(_dvmd_tls.o)
 .ARM.attributes
                0x00000367       0x2c /opt/local/lib/gcc/arm-none-eabi/13.1.0/../../../../arm-none-eabi/lib/thumb/v6-m/nofp/libg.a(libc_a-memset.o)
 .ARM.attributes
                0x00000393       0x2c /opt/local/lib/gcc/arm-none-eabi/13.1.0/../../../../arm-none-eabi/lib/thumb/v6-m/nofp/libg.a(libc_a-init.o)
 .ARM.attributes
                0x000003bf       0x2c /opt/local/lib/gcc/arm-none-eabi/13.1.0/thumb/v6-m/nofp/crtend.o
 .ARM.attributes
                0x000003eb       0x1e /opt/local/lib/gcc/arm-none-eabi/13.1.0/thumb/v6-m/nofp/crtn.o
OUTPUT(Code_Prac3.elf elf32-littlearm)
LOAD linker stubs
LOAD /opt/local/lib/gcc/arm-none-eabi/13.1.0/../../../../arm-none-eabi/lib/thumb/v6-m/nofp/libc.a
LOAD /opt/local/lib/gcc/arm-none-eabi/13.1.0/../../../../arm-none-eabi/lib/thumb/v6-m/nofp/libm.a
LOAD /opt/local/lib/gcc/arm-none-eabi/13.1.0/thumb/v6-m/nofp/libgcc.a

.comment        0x00000000       0x12
 .comment       0x00000000       0x12 /opt/local/lib/gcc/arm-none-eabi/13.1.0/thumb/v6-m/nofp/crtbegin.o
                                 0x13 (size before relaxing)
 .comment       0x00000012       0x13 CMakeFiles/Code_Prac3.elf.dir/Drivers/STM32F0xx_HAL_Driver/Src/stm32f0xx_hal.c.obj
 .comment       0x00000012       0x13 CMakeFiles/Code_Prac3.elf.dir/Drivers/STM32F0xx_HAL_Driver/Src/stm32f0xx_hal_adc.c.obj
 .comment       0x00000012       0x13 CMakeFiles/Code_Prac3.elf.dir/Drivers/STM32F0xx_HAL_Driver/Src/stm32f0xx_hal_cortex.c.obj
 .comment       0x00000012       0x13 CMakeFiles/Code_Prac3.elf.dir/Drivers/STM32F0xx_HAL_Driver/Src/stm32f0xx_hal_gpio.c.obj
 .comment       0x00000012       0x13 CMakeFiles/Code_Prac3.elf.dir/Drivers/STM32F0xx_HAL_Driver/Src/stm32f0xx_hal_tim.c.obj
 .comment       0x00000012       0x13 CMakeFiles/Code_Prac3.elf.dir/Drivers/STM32F0xx_HAL_Driver/Src/stm32f0xx_hal_tim_ex.c.obj
 .comment       0x00000012       0x13 CMakeFiles/Code_Prac3.elf.dir/Drivers/STM32F0xx_HAL_Driver/Src/stm32f0xx_ll_exti.c.obj
 .comment       0x00000012       0x13 CMakeFiles/Code_Prac3.elf.dir/Drivers/STM32F0xx_HAL_Driver/Src/stm32f0xx_ll_gpio.c.obj
 .comment       0x00000012       0x13 CMakeFiles/Code_Prac3.elf.dir/Drivers/STM32F0xx_HAL_Driver/Src/stm32f0xx_ll_utils.c.obj
 .comment       0x00000012       0x13 CMakeFiles/Code_Prac3.elf.dir/Src/adc.c.obj
 .comment       0x00000012       0x13 CMakeFiles/Code_Prac3.elf.dir/Src/gpio.c.obj
 .comment       0x00000012       0x13 CMakeFiles/Code_Prac3.elf.dir/Src/main.c.obj
 .comment       0x00000012       0x13 CMakeFiles/Code_Prac3.elf.dir/Src/stm32f0xx_hal_msp.c.obj
 .comment       0x00000012       0x13 CMakeFiles/Code_Prac3.elf.dir/Src/stm32f0xx_it.c.obj
 .comment       0x00000012       0x13 CMakeFiles/Code_Prac3.elf.dir/Src/system_stm32f0xx.c.obj
 .comment       0x00000012       0x13 CMakeFiles/Code_Prac3.elf.dir/Src/tim.c.obj
 .comment       0x00000012       0x13 /opt/local/lib/gcc/arm-none-eabi/13.1.0/../../../../arm-none-eabi/lib/thumb/v6-m/nofp/libg.a(libc_a-memset.o)
 .comment       0x00000012       0x13 /opt/local/lib/gcc/arm-none-eabi/13.1.0/../../../../arm-none-eabi/lib/thumb/v6-m/nofp/libg.a(libc_a-init.o)
 .comment       0x00000012       0x13 /opt/local/lib/gcc/arm-none-eabi/13.1.0/thumb/v6-m/nofp/crtend.o

.debug_info     0x00000000     0xcfaa
 .debug_info    0x00000000      0x74c CMakeFiles/Code_Prac3.elf.dir/Drivers/STM32F0xx_HAL_Driver/Src/stm32f0xx_hal.c.obj
 .debug_info    0x0000074c      0xf56 CMakeFiles/Code_Prac3.elf.dir/Drivers/STM32F0xx_HAL_Driver/Src/stm32f0xx_hal_adc.c.obj
 .debug_info    0x000016a2      0x7f3 CMakeFiles/Code_Prac3.elf.dir/Drivers/STM32F0xx_HAL_Driver/Src/stm32f0xx_hal_cortex.c.obj
 .debug_info    0x00001e95      0x5ec CMakeFiles/Code_Prac3.elf.dir/Drivers/STM32F0xx_HAL_Driver/Src/stm32f0xx_hal_gpio.c.obj
 .debug_info    0x00002481     0x3b7c CMakeFiles/Code_Prac3.elf.dir/Drivers/STM32F0xx_HAL_Driver/Src/stm32f0xx_hal_tim.c.obj
 .debug_info    0x00005ffd     0x1a01 CMakeFiles/Code_Prac3.elf.dir/Drivers/STM32F0xx_HAL_Driver/Src/stm32f0xx_hal_tim_ex.c.obj
 .debug_info    0x000079fe      0x4d4 CMakeFiles/Code_Prac3.elf.dir/Drivers/STM32F0xx_HAL_Driver/Src/stm32f0xx_ll_exti.c.obj
 .debug_info    0x00007ed2      0x77a CMakeFiles/Code_Prac3.elf.dir/Drivers/STM32F0xx_HAL_Driver/Src/stm32f0xx_ll_gpio.c.obj
 .debug_info    0x0000864c      0xa23 CMakeFiles/Code_Prac3.elf.dir/Drivers/STM32F0xx_HAL_Driver/Src/stm32f0xx_ll_utils.c.obj
 .debug_info    0x0000906f      0x954 CMakeFiles/Code_Prac3.elf.dir/Src/adc.c.obj
 .debug_info    0x000099c3      0xa26 CMakeFiles/Code_Prac3.elf.dir/Src/gpio.c.obj
 .debug_info    0x0000a3e9     0x15d5 CMakeFiles/Code_Prac3.elf.dir/Src/main.c.obj
 .debug_info    0x0000b9be      0x1d9 CMakeFiles/Code_Prac3.elf.dir/Src/stm32f0xx_hal_msp.c.obj
 .debug_info    0x0000bb97      0x27d CMakeFiles/Code_Prac3.elf.dir/Src/stm32f0xx_it.c.obj
 .debug_info    0x0000be14      0x264 CMakeFiles/Code_Prac3.elf.dir/Src/system_stm32f0xx.c.obj
 .debug_info    0x0000c078      0xc48 CMakeFiles/Code_Prac3.elf.dir/Src/tim.c.obj
 .debug_info    0x0000ccc0       0x30 CMakeFiles/Code_Prac3.elf.dir/Startup/startup_stm32f051c6tx.s.obj
 .debug_info    0x0000ccf0       0x3e /opt/local/lib/gcc/arm-none-eabi/13.1.0/thumb/v6-m/nofp/libgcc.a(_udivsi3.o)
 .debug_info    0x0000cd2e       0x3c /opt/local/lib/gcc/arm-none-eabi/13.1.0/thumb/v6-m/nofp/libgcc.a(_dvmd_tls.o)
 .debug_info    0x0000cd6a      0x135 /opt/local/lib/gcc/arm-none-eabi/13.1.0/../../../../arm-none-eabi/lib/thumb/v6-m/nofp/libg.a(libc_a-memset.o)
 .debug_info    0x0000ce9f      0x10b /opt/local/lib/gcc/arm-none-eabi/13.1.0/../../../../arm-none-eabi/lib/thumb/v6-m/nofp/libg.a(libc_a-init.o)

.debug_abbrev   0x00000000     0x25b0
 .debug_abbrev  0x00000000      0x265 CMakeFiles/Code_Prac3.elf.dir/Drivers/STM32F0xx_HAL_Driver/Src/stm32f0xx_hal.c.obj
 .debug_abbrev  0x00000265      0x22f CMakeFiles/Code_Prac3.elf.dir/Drivers/STM32F0xx_HAL_Driver/Src/stm32f0xx_hal_adc.c.obj
 .debug_abbrev  0x00000494      0x2ec CMakeFiles/Code_Prac3.elf.dir/Drivers/STM32F0xx_HAL_Driver/Src/stm32f0xx_hal_cortex.c.obj
 .debug_abbrev  0x00000780      0x1f8 CMakeFiles/Code_Prac3.elf.dir/Drivers/STM32F0xx_HAL_Driver/Src/stm32f0xx_hal_gpio.c.obj
 .debug_abbrev  0x00000978      0x285 CMakeFiles/Code_Prac3.elf.dir/Drivers/STM32F0xx_HAL_Driver/Src/stm32f0xx_hal_tim.c.obj
 .debug_abbrev  0x00000bfd      0x283 CMakeFiles/Code_Prac3.elf.dir/Drivers/STM32F0xx_HAL_Driver/Src/stm32f0xx_hal_tim_ex.c.obj
 .debug_abbrev  0x00000e80      0x1b2 CMakeFiles/Code_Prac3.elf.dir/Drivers/STM32F0xx_HAL_Driver/Src/stm32f0xx_ll_exti.c.obj
 .debug_abbrev  0x00001032      0x21c CMakeFiles/Code_Prac3.elf.dir/Drivers/STM32F0xx_HAL_Driver/Src/stm32f0xx_ll_gpio.c.obj
 .debug_abbrev  0x0000124e      0x30d CMakeFiles/Code_Prac3.elf.dir/Drivers/STM32F0xx_HAL_Driver/Src/stm32f0xx_ll_utils.c.obj
 .debug_abbrev  0x0000155b      0x220 CMakeFiles/Code_Prac3.elf.dir/Src/adc.c.obj
 .debug_abbrev  0x0000177b      0x236 CMakeFiles/Code_Prac3.elf.dir/Src/gpio.c.obj
 .debug_abbrev  0x000019b1      0x3e4 CMakeFiles/Code_Prac3.elf.dir/Src/main.c.obj
 .debug_abbrev  0x00001d95       0xee CMakeFiles/Code_Prac3.elf.dir/Src/stm32f0xx_hal_msp.c.obj
 .debug_abbrev  0x00001e83      0x1a2 CMakeFiles/Code_Prac3.elf.dir/Src/stm32f0xx_it.c.obj
 .debug_abbrev  0x00002025      0x136 CMakeFiles/Code_Prac3.elf.dir/Src/system_stm32f0xx.c.obj
 .debug_abbrev  0x0000215b      0x263 CMakeFiles/Code_Prac3.elf.dir/Src/tim.c.obj
 .debug_abbrev  0x000023be       0x24 CMakeFiles/Code_Prac3.elf.dir/Startup/startup_stm32f051c6tx.s.obj
 .debug_abbrev  0x000023e2       0x28 /opt/local/lib/gcc/arm-none-eabi/13.1.0/thumb/v6-m/nofp/libgcc.a(_udivsi3.o)
 .debug_abbrev  0x0000240a       0x26 /opt/local/lib/gcc/arm-none-eabi/13.1.0/thumb/v6-m/nofp/libgcc.a(_dvmd_tls.o)
 .debug_abbrev  0x00002430       0xb7 /opt/local/lib/gcc/arm-none-eabi/13.1.0/../../../../arm-none-eabi/lib/thumb/v6-m/nofp/libg.a(libc_a-memset.o)
 .debug_abbrev  0x000024e7       0xc9 /opt/local/lib/gcc/arm-none-eabi/13.1.0/../../../../arm-none-eabi/lib/thumb/v6-m/nofp/libg.a(libc_a-init.o)

.debug_loclists
                0x00000000     0x7465
 .debug_loclists
                0x00000000       0xe1 CMakeFiles/Code_Prac3.elf.dir/Drivers/STM32F0xx_HAL_Driver/Src/stm32f0xx_hal.c.obj
 .debug_loclists
                0x000000e1      0x9c7 CMakeFiles/Code_Prac3.elf.dir/Drivers/STM32F0xx_HAL_Driver/Src/stm32f0xx_hal_adc.c.obj
 .debug_loclists
                0x00000aa8      0x208 CMakeFiles/Code_Prac3.elf.dir/Drivers/STM32F0xx_HAL_Driver/Src/stm32f0xx_hal_cortex.c.obj
 .debug_loclists
                0x00000cb0      0x28d CMakeFiles/Code_Prac3.elf.dir/Drivers/STM32F0xx_HAL_Driver/Src/stm32f0xx_hal_gpio.c.obj
 .debug_loclists
                0x00000f3d     0x3de4 CMakeFiles/Code_Prac3.elf.dir/Drivers/STM32F0xx_HAL_Driver/Src/stm32f0xx_hal_tim.c.obj
 .debug_loclists
                0x00004d21     0x187a CMakeFiles/Code_Prac3.elf.dir/Drivers/STM32F0xx_HAL_Driver/Src/stm32f0xx_hal_tim_ex.c.obj
 .debug_loclists
                0x0000659b      0x1d3 CMakeFiles/Code_Prac3.elf.dir/Drivers/STM32F0xx_HAL_Driver/Src/stm32f0xx_ll_exti.c.obj
 .debug_loclists
                0x0000676e      0x281 CMakeFiles/Code_Prac3.elf.dir/Drivers/STM32F0xx_HAL_Driver/Src/stm32f0xx_ll_gpio.c.obj
 .debug_loclists
                0x000069ef      0x43e CMakeFiles/Code_Prac3.elf.dir/Drivers/STM32F0xx_HAL_Driver/Src/stm32f0xx_ll_utils.c.obj
 .debug_loclists
                0x00006e2d       0x6b CMakeFiles/Code_Prac3.elf.dir/Src/adc.c.obj
 .debug_loclists
                0x00006e98       0xad CMakeFiles/Code_Prac3.elf.dir/Src/gpio.c.obj
 .debug_loclists
                0x00006f45      0x1b0 CMakeFiles/Code_Prac3.elf.dir/Src/main.c.obj
 .debug_loclists
                0x000070f5       0x24 CMakeFiles/Code_Prac3.elf.dir/Src/stm32f0xx_it.c.obj
 .debug_loclists
                0x00007119       0xf5 CMakeFiles/Code_Prac3.elf.dir/Src/system_stm32f0xx.c.obj
 .debug_loclists
                0x0000720e       0x37 CMakeFiles/Code_Prac3.elf.dir/Src/tim.c.obj
 .debug_loclists
                0x00007245      0x1c6 /opt/local/lib/gcc/arm-none-eabi/13.1.0/../../../../arm-none-eabi/lib/thumb/v6-m/nofp/libg.a(libc_a-memset.o)
 .debug_loclists
                0x0000740b       0x5a /opt/local/lib/gcc/arm-none-eabi/13.1.0/../../../../arm-none-eabi/lib/thumb/v6-m/nofp/libg.a(libc_a-init.o)

.debug_aranges  0x00000000      0xb08
 .debug_aranges
                0x00000000       0xd0 CMakeFiles/Code_Prac3.elf.dir/Drivers/STM32F0xx_HAL_Driver/Src/stm32f0xx_hal.c.obj
 .debug_aranges
                0x000000d0       0xf8 CMakeFiles/Code_Prac3.elf.dir/Drivers/STM32F0xx_HAL_Driver/Src/stm32f0xx_hal_adc.c.obj
 .debug_aranges
                0x000001c8       0x98 CMakeFiles/Code_Prac3.elf.dir/Drivers/STM32F0xx_HAL_Driver/Src/stm32f0xx_hal_cortex.c.obj
 .debug_aranges
                0x00000260       0x58 CMakeFiles/Code_Prac3.elf.dir/Drivers/STM32F0xx_HAL_Driver/Src/stm32f0xx_hal_gpio.c.obj
 .debug_aranges
                0x000002b8      0x3d0 CMakeFiles/Code_Prac3.elf.dir/Drivers/STM32F0xx_HAL_Driver/Src/stm32f0xx_hal_tim.c.obj
 .debug_aranges
                0x00000688      0x168 CMakeFiles/Code_Prac3.elf.dir/Drivers/STM32F0xx_HAL_Driver/Src/stm32f0xx_hal_tim_ex.c.obj
 .debug_aranges
                0x000007f0       0x30 CMakeFiles/Code_Prac3.elf.dir/Drivers/STM32F0xx_HAL_Driver/Src/stm32f0xx_ll_exti.c.obj
 .debug_aranges
                0x00000820       0x30 CMakeFiles/Code_Prac3.elf.dir/Drivers/STM32F0xx_HAL_Driver/Src/stm32f0xx_ll_gpio.c.obj
 .debug_aranges
                0x00000850       0x68 CMakeFiles/Code_Prac3.elf.dir/Drivers/STM32F0xx_HAL_Driver/Src/stm32f0xx_ll_utils.c.obj
 .debug_aranges
                0x000008b8       0x30 CMakeFiles/Code_Prac3.elf.dir/Src/adc.c.obj
 .debug_aranges
                0x000008e8       0x20 CMakeFiles/Code_Prac3.elf.dir/Src/gpio.c.obj
 .debug_aranges
                0x00000908       0x90 CMakeFiles/Code_Prac3.elf.dir/Src/main.c.obj
 .debug_aranges
                0x00000998       0x20 CMakeFiles/Code_Prac3.elf.dir/Src/stm32f0xx_hal_msp.c.obj
 .debug_aranges
                0x000009b8       0x48 CMakeFiles/Code_Prac3.elf.dir/Src/stm32f0xx_it.c.obj
 .debug_aranges
                0x00000a00       0x28 CMakeFiles/Code_Prac3.elf.dir/Src/system_stm32f0xx.c.obj
 .debug_aranges
                0x00000a28       0x38 CMakeFiles/Code_Prac3.elf.dir/Src/tim.c.obj
 .debug_aranges
                0x00000a60       0x28 CMakeFiles/Code_Prac3.elf.dir/Startup/startup_stm32f051c6tx.s.obj
 .debug_aranges
                0x00000a88       0x20 /opt/local/lib/gcc/arm-none-eabi/13.1.0/thumb/v6-m/nofp/libgcc.a(_udivsi3.o)
 .debug_aranges
                0x00000aa8       0x20 /opt/local/lib/gcc/arm-none-eabi/13.1.0/thumb/v6-m/nofp/libgcc.a(_dvmd_tls.o)
 .debug_aranges
                0x00000ac8       0x20 /opt/local/lib/gcc/arm-none-eabi/13.1.0/../../../../arm-none-eabi/lib/thumb/v6-m/nofp/libg.a(libc_a-memset.o)
 .debug_aranges
                0x00000ae8       0x20 /opt/local/lib/gcc/arm-none-eabi/13.1.0/../../../../arm-none-eabi/lib/thumb/v6-m/nofp/libg.a(libc_a-init.o)

.debug_rnglists
                0x00000000      0x862
 .debug_rnglists
                0x00000000       0x97 CMakeFiles/Code_Prac3.elf.dir/Drivers/STM32F0xx_HAL_Driver/Src/stm32f0xx_hal.c.obj
 .debug_rnglists
                0x00000097       0xc1 CMakeFiles/Code_Prac3.elf.dir/Drivers/STM32F0xx_HAL_Driver/Src/stm32f0xx_hal_adc.c.obj
 .debug_rnglists
                0x00000158       0x79 CMakeFiles/Code_Prac3.elf.dir/Drivers/STM32F0xx_HAL_Driver/Src/stm32f0xx_hal_cortex.c.obj
 .debug_rnglists
                0x000001d1       0x3f CMakeFiles/Code_Prac3.elf.dir/Drivers/STM32F0xx_HAL_Driver/Src/stm32f0xx_hal_gpio.c.obj
 .debug_rnglists
                0x00000210      0x305 CMakeFiles/Code_Prac3.elf.dir/Drivers/STM32F0xx_HAL_Driver/Src/stm32f0xx_hal_tim.c.obj
 .debug_rnglists
                0x00000515      0x11a CMakeFiles/Code_Prac3.elf.dir/Drivers/STM32F0xx_HAL_Driver/Src/stm32f0xx_hal_tim_ex.c.obj
 .debug_rnglists
                0x0000062f       0x5c CMakeFiles/Code_Prac3.elf.dir/Drivers/STM32F0xx_HAL_Driver/Src/stm32f0xx_ll_exti.c.obj
 .debug_rnglists
                0x0000068b       0x51 CMakeFiles/Code_Prac3.elf.dir/Drivers/STM32F0xx_HAL_Driver/Src/stm32f0xx_ll_gpio.c.obj
 .debug_rnglists
                0x000006dc       0x4b CMakeFiles/Code_Prac3.elf.dir/Drivers/STM32F0xx_HAL_Driver/Src/stm32f0xx_ll_utils.c.obj
 .debug_rnglists
                0x00000727       0x1f CMakeFiles/Code_Prac3.elf.dir/Src/adc.c.obj
 .debug_rnglists
                0x00000746       0x14 CMakeFiles/Code_Prac3.elf.dir/Src/gpio.c.obj
 .debug_rnglists
                0x0000075a       0x6b CMakeFiles/Code_Prac3.elf.dir/Src/main.c.obj
 .debug_rnglists
                0x000007c5       0x13 CMakeFiles/Code_Prac3.elf.dir/Src/stm32f0xx_hal_msp.c.obj
 .debug_rnglists
                0x000007d8       0x31 CMakeFiles/Code_Prac3.elf.dir/Src/stm32f0xx_it.c.obj
 .debug_rnglists
                0x00000809       0x1a CMakeFiles/Code_Prac3.elf.dir/Src/system_stm32f0xx.c.obj
 .debug_rnglists
                0x00000823       0x26 CMakeFiles/Code_Prac3.elf.dir/Src/tim.c.obj
 .debug_rnglists
                0x00000849       0x19 CMakeFiles/Code_Prac3.elf.dir/Startup/startup_stm32f051c6tx.s.obj

.debug_line     0x00000000     0xc9e0
 .debug_line    0x00000000      0x6a5 CMakeFiles/Code_Prac3.elf.dir/Drivers/STM32F0xx_HAL_Driver/Src/stm32f0xx_hal.c.obj
 .debug_line    0x000006a5     0x10f5 CMakeFiles/Code_Prac3.elf.dir/Drivers/STM32F0xx_HAL_Driver/Src/stm32f0xx_hal_adc.c.obj
 .debug_line    0x0000179a      0x63b CMakeFiles/Code_Prac3.elf.dir/Drivers/STM32F0xx_HAL_Driver/Src/stm32f0xx_hal_cortex.c.obj
 .debug_line    0x00001dd5      0x7b2 CMakeFiles/Code_Prac3.elf.dir/Drivers/STM32F0xx_HAL_Driver/Src/stm32f0xx_hal_gpio.c.obj
 .debug_line    0x00002587     0x4a6a CMakeFiles/Code_Prac3.elf.dir/Drivers/STM32F0xx_HAL_Driver/Src/stm32f0xx_hal_tim.c.obj
 .debug_line    0x00006ff1     0x1bcb CMakeFiles/Code_Prac3.elf.dir/Drivers/STM32F0xx_HAL_Driver/Src/stm32f0xx_hal_tim_ex.c.obj
 .debug_line    0x00008bbc      0x511 CMakeFiles/Code_Prac3.elf.dir/Drivers/STM32F0xx_HAL_Driver/Src/stm32f0xx_ll_exti.c.obj
 .debug_line    0x000090cd      0x58d CMakeFiles/Code_Prac3.elf.dir/Drivers/STM32F0xx_HAL_Driver/Src/stm32f0xx_ll_gpio.c.obj
 .debug_line    0x0000965a      0x859 CMakeFiles/Code_Prac3.elf.dir/Drivers/STM32F0xx_HAL_Driver/Src/stm32f0xx_ll_utils.c.obj
 .debug_line    0x00009eb3      0x4d7 CMakeFiles/Code_Prac3.elf.dir/Src/adc.c.obj
 .debug_line    0x0000a38a      0x734 CMakeFiles/Code_Prac3.elf.dir/Src/gpio.c.obj
 .debug_line    0x0000aabe      0xb1c CMakeFiles/Code_Prac3.elf.dir/Src/main.c.obj
 .debug_line    0x0000b5da      0x2ab CMakeFiles/Code_Prac3.elf.dir/Src/stm32f0xx_hal_msp.c.obj
 .debug_line    0x0000b885      0x38f CMakeFiles/Code_Prac3.elf.dir/Src/stm32f0xx_it.c.obj
 .debug_line    0x0000bc14      0x2af CMakeFiles/Code_Prac3.elf.dir/Src/system_stm32f0xx.c.obj
 .debug_line    0x0000bec3      0x532 CMakeFiles/Code_Prac3.elf.dir/Src/tim.c.obj
 .debug_line    0x0000c3f5       0x7b CMakeFiles/Code_Prac3.elf.dir/Startup/startup_stm32f051c6tx.s.obj
 .debug_line    0x0000c470       0x56 /opt/local/lib/gcc/arm-none-eabi/13.1.0/thumb/v6-m/nofp/libgcc.a(_udivsi3.o)
 .debug_line    0x0000c4c6       0x4a /opt/local/lib/gcc/arm-none-eabi/13.1.0/thumb/v6-m/nofp/libgcc.a(_dvmd_tls.o)
 .debug_line    0x0000c510      0x2f2 /opt/local/lib/gcc/arm-none-eabi/13.1.0/../../../../arm-none-eabi/lib/thumb/v6-m/nofp/libg.a(libc_a-memset.o)
 .debug_line    0x0000c802      0x1de /opt/local/lib/gcc/arm-none-eabi/13.1.0/../../../../arm-none-eabi/lib/thumb/v6-m/nofp/libg.a(libc_a-init.o)

.debug_str      0x00000000     0x3f88
 .debug_str     0x00000000      0x75b CMakeFiles/Code_Prac3.elf.dir/Drivers/STM32F0xx_HAL_Driver/Src/stm32f0xx_hal.c.obj
                                0x7bf (size before relaxing)
 .debug_str     0x0000075b      0x71c CMakeFiles/Code_Prac3.elf.dir/Drivers/STM32F0xx_HAL_Driver/Src/stm32f0xx_hal_adc.c.obj
                                0x9d8 (size before relaxing)
 .debug_str     0x00000e77      0x2e4 CMakeFiles/Code_Prac3.elf.dir/Drivers/STM32F0xx_HAL_Driver/Src/stm32f0xx_hal_cortex.c.obj
                                0x700 (size before relaxing)
 .debug_str     0x0000115b      0x221 CMakeFiles/Code_Prac3.elf.dir/Drivers/STM32F0xx_HAL_Driver/Src/stm32f0xx_hal_gpio.c.obj
                                0x4da (size before relaxing)
 .debug_str     0x0000137c     0x124e CMakeFiles/Code_Prac3.elf.dir/Drivers/STM32F0xx_HAL_Driver/Src/stm32f0xx_hal_tim.c.obj
                               0x174f (size before relaxing)
 .debug_str     0x000025ca      0x5d5 CMakeFiles/Code_Prac3.elf.dir/Drivers/STM32F0xx_HAL_Driver/Src/stm32f0xx_hal_tim_ex.c.obj
                                0xf6b (size before relaxing)
 .debug_str     0x00002b9f      0x21b CMakeFiles/Code_Prac3.elf.dir/Drivers/STM32F0xx_HAL_Driver/Src/stm32f0xx_ll_exti.c.obj
                                0x45b (size before relaxing)
 .debug_str     0x00002dba      0x1d4 CMakeFiles/Code_Prac3.elf.dir/Drivers/STM32F0xx_HAL_Driver/Src/stm32f0xx_ll_gpio.c.obj
                                0x487 (size before relaxing)
 .debug_str     0x00002f8e      0x3f0 CMakeFiles/Code_Prac3.elf.dir/Drivers/STM32F0xx_HAL_Driver/Src/stm32f0xx_ll_utils.c.obj
                                0x6ed (size before relaxing)
 .debug_str     0x0000337e       0xcc CMakeFiles/Code_Prac3.elf.dir/Src/adc.c.obj
                                0x7d7 (size before relaxing)
 .debug_str     0x0000344a       0xdf CMakeFiles/Code_Prac3.elf.dir/Src/gpio.c.obj
                                0x4ce (size before relaxing)
 .debug_str     0x00003529      0x21b CMakeFiles/Code_Prac3.elf.dir/Src/main.c.obj
                                0xf6e (size before relaxing)
 .debug_str     0x00003744       0x92 CMakeFiles/Code_Prac3.elf.dir/Src/stm32f0xx_hal_msp.c.obj
                                0x2ff (size before relaxing)
 .debug_str     0x000037d6      0x11a CMakeFiles/Code_Prac3.elf.dir/Src/stm32f0xx_it.c.obj
                                0x386 (size before relaxing)
 .debug_str     0x000038f0       0xdf CMakeFiles/Code_Prac3.elf.dir/Src/system_stm32f0xx.c.obj
                                0x352 (size before relaxing)
 .debug_str     0x000039cf       0xbb CMakeFiles/Code_Prac3.elf.dir/Src/tim.c.obj
                                0xa78 (size before relaxing)
 .debug_str     0x00003a8a       0xb4 CMakeFiles/Code_Prac3.elf.dir/Startup/startup_stm32f051c6tx.s.obj
                                0x140 (size before relaxing)
 .debug_str     0x00003b3e      0x167 /opt/local/lib/gcc/arm-none-eabi/13.1.0/thumb/v6-m/nofp/libgcc.a(_udivsi3.o)
                                0x173 (size before relaxing)
 .debug_str     0x00003ca5       0x1c /opt/local/lib/gcc/arm-none-eabi/13.1.0/thumb/v6-m/nofp/libgcc.a(_dvmd_tls.o)
                                0x174 (size before relaxing)
 .debug_str     0x00003cc1      0x1c2 /opt/local/lib/gcc/arm-none-eabi/13.1.0/../../../../arm-none-eabi/lib/thumb/v6-m/nofp/libg.a(libc_a-memset.o)
                                0x25e (size before relaxing)
 .debug_str     0x00003e83      0x105 /opt/local/lib/gcc/arm-none-eabi/13.1.0/../../../../arm-none-eabi/lib/thumb/v6-m/nofp/libg.a(libc_a-init.o)
                                0x2ab (size before relaxing)

.debug_frame    0x00000000     0x1a9c
 .debug_frame   0x00000000      0x1ac CMakeFiles/Code_Prac3.elf.dir/Drivers/STM32F0xx_HAL_Driver/Src/stm32f0xx_hal.c.obj
 .debug_frame   0x000001ac      0x2a4 CMakeFiles/Code_Prac3.elf.dir/Drivers/STM32F0xx_HAL_Driver/Src/stm32f0xx_hal_adc.c.obj
 .debug_frame   0x00000450      0x144 CMakeFiles/Code_Prac3.elf.dir/Drivers/STM32F0xx_HAL_Driver/Src/stm32f0xx_hal_cortex.c.obj
 .debug_frame   0x00000594       0xc0 CMakeFiles/Code_Prac3.elf.dir/Drivers/STM32F0xx_HAL_Driver/Src/stm32f0xx_hal_gpio.c.obj
 .debug_frame   0x00000654      0xadc CMakeFiles/Code_Prac3.elf.dir/Drivers/STM32F0xx_HAL_Driver/Src/stm32f0xx_hal_tim.c.obj
 .debug_frame   0x00001130      0x420 CMakeFiles/Code_Prac3.elf.dir/Drivers/STM32F0xx_HAL_Driver/Src/stm32f0xx_hal_tim_ex.c.obj
 .debug_frame   0x00001550       0x48 CMakeFiles/Code_Prac3.elf.dir/Drivers/STM32F0xx_HAL_Driver/Src/stm32f0xx_ll_exti.c.obj
 .debug_frame   0x00001598       0x50 CMakeFiles/Code_Prac3.elf.dir/Drivers/STM32F0xx_HAL_Driver/Src/stm32f0xx_ll_gpio.c.obj
 .debug_frame   0x000015e8      0x100 CMakeFiles/Code_Prac3.elf.dir/Drivers/STM32F0xx_HAL_Driver/Src/stm32f0xx_ll_utils.c.obj
 .debug_frame   0x000016e8       0x5c CMakeFiles/Code_Prac3.elf.dir/Src/adc.c.obj
 .debug_frame   0x00001744       0x3c CMakeFiles/Code_Prac3.elf.dir/Src/gpio.c.obj
 .debug_frame   0x00001780      0x15c CMakeFiles/Code_Prac3.elf.dir/Src/main.c.obj
 .debug_frame   0x000018dc       0x24 CMakeFiles/Code_Prac3.elf.dir/Src/stm32f0xx_hal_msp.c.obj
 .debug_frame   0x00001900       0x80 CMakeFiles/Code_Prac3.elf.dir/Src/stm32f0xx_it.c.obj
 .debug_frame   0x00001980       0x38 CMakeFiles/Code_Prac3.elf.dir/Src/system_stm32f0xx.c.obj
 .debug_frame   0x000019b8       0x68 CMakeFiles/Code_Prac3.elf.dir/Src/tim.c.obj
 .debug_frame   0x00001a20       0x20 /opt/local/lib/gcc/arm-none-eabi/13.1.0/thumb/v6-m/nofp/libgcc.a(_udivsi3.o)
 .debug_frame   0x00001a40       0x30 /opt/local/lib/gcc/arm-none-eabi/13.1.0/../../../../arm-none-eabi/lib/thumb/v6-m/nofp/libg.a(libc_a-memset.o)
 .debug_frame   0x00001a70       0x2c /opt/local/lib/gcc/arm-none-eabi/13.1.0/../../../../arm-none-eabi/lib/thumb/v6-m/nofp/libg.a(libc_a-init.o)

.debug_line_str
                0x00000000      0x272
 .debug_line_str
                0x00000000      0x126 CMakeFiles/Code_Prac3.elf.dir/Startup/startup_stm32f051c6tx.s.obj
 .debug_line_str
                0x00000126      0x14c /opt/local/lib/gcc/arm-none-eabi/13.1.0/thumb/v6-m/nofp/libgcc.a(_udivsi3.o)
 .debug_line_str
                0x00000272      0x14c /opt/local/lib/gcc/arm-none-eabi/13.1.0/thumb/v6-m/nofp/libgcc.a(_dvmd_tls.o)
